---
http_interactions:
- request:
    method: post
    uri: https://api.stripe.com/v1/payment_methods
    body:
      encoding: UTF-8
      string: type=card&card[number]=4242+4242+4242+4242&card[exp_month]=12&card[exp_year]=2025&card[cvc]=123
    headers:
      User-Agent:
      - Stripe/v1 RubyBindings/12.5.0
      Authorization:
      - Bearer <STRIPE_API_KEY>
      Content-Type:
      - application/x-www-form-urlencoded
      X-Stripe-Client-Telemetry:
      - '{"last_request_metrics":{"request_id":"req_lzOZnVEPhqoYaY","request_duration_ms":378}}'
      Idempotency-Key:
      - 8cca4414-753f-422f-a9ea-232567963005
      Stripe-Version:
      - 2023-10-16; risk_in_requirements_beta=v1
      X-Stripe-Client-User-Agent:
      - '{"bindings_version":"12.5.0","lang":"ruby","lang_version":"3.3.4 p94 (2024-07-09)","platform":"x86_64-linux","engine":"ruby","publisher":"stripe","uname":"Linux
        version 6.11.0-21-generic (buildd@lcy02-amd64-097) (x86_64-linux-gnu-gcc-13
        (Ubuntu 13.3.0-6ubuntu2~24.04) 13.3.0, GNU ld (GNU Binutils for Ubuntu) 2.42)
        #21~24.04.1-Ubuntu SMP PREEMPT_DYNAMIC Mon Feb 24 16:52:15 UTC 2","hostname":"hsc-desk"}'
      Accept-Encoding:
      - gzip;q=1.0,deflate;q=0.6,identity;q=0.3
      Accept:
      - "*/*"
  response:
    status:
      code: 200
      message: OK
    headers:
      Server:
      - nginx
      Date:
      - Tue, 22 Apr 2025 09:29:55 GMT
      Content-Type:
      - application/json
      Content-Length:
      - '1055'
      Connection:
      - keep-alive
      Access-Control-Allow-Credentials:
      - 'true'
      Access-Control-Allow-Methods:
      - GET, HEAD, PUT, PATCH, POST, DELETE
      Access-Control-Allow-Origin:
      - "*"
      Access-Control-Expose-Headers:
      - Request-Id, Stripe-Manage-Version, Stripe-Should-Retry, X-Stripe-External-Auth-Required,
        X-Stripe-Privileged-Session-Required
      Access-Control-Max-Age:
      - '300'
      Cache-Control:
      - no-cache, no-store
      Content-Security-Policy:
      - base-uri 'none'; default-src 'none'; form-action 'none'; frame-ancestors 'none';
        img-src 'self'; script-src 'self' 'report-<RPUSH_CONSUMER_FCM_FIREBASE_PROJECT_ID>';
        style-src 'self'; worker-src 'none'; upgrade-insecure-requests; report-uri
        https://q.stripe.com/csp-violation?q=shBJYkiuqsN746zK9v572t-_pw97NX6kovlrqozTtbfxJUyhLTR9sIpJh7phRfyNuz1xFj9HQ5UmY6I-
      Idempotency-Key:
      - 8cca4414-753f-422f-a9ea-232567963005
      Original-Request:
      - req_e1Wubfxmwl8829
      Request-Id:
      - req_e1Wubfxmwl8829
      Stripe-Should-Retry:
      - 'false'
      Stripe-Version:
      - 2023-10-16; risk_in_requirements_beta=v1
      Vary:
      - Origin
      X-Stripe-Priority-Routing-Enabled:
      - 'true'
      X-Stripe-Routing-Context-Priority-Tier:
      - api-testmode
      X-Wc:
      - ABGHI
      Strict-Transport-Security:
      - max-age=63072000; includeSubDomains; preload
    body:
      encoding: UTF-8
      string: |-
        {
          "id": "pm_0RGd9L9e1RjUNIyYtpSJbfa9",
          "object": "payment_method",
          "allow_redisplay": "unspecified",
          "billing_details": {
            "address": {
              "city": null,
              "country": null,
              "line1": null,
              "line2": null,
              "postal_code": null,
              "state": null
            },
            "email": null,
            "name": null,
            "phone": null,
            "tax_id": null
          },
          "card": {
            "brand": "visa",
            "checks": {
              "address_line1_check": null,
              "address_postal_code_check": null,
              "cvc_check": "unchecked"
            },
            "country": "US",
            "display_brand": "visa",
            "exp_month": 12,
            "exp_year": 2025,
            "fingerprint": "W691J2Ye3VDoq6Ij",
            "funding": "credit",
            "generated_from": null,
            "last4": "4242",
            "networks": {
              "available": [
                "visa"
              ],
              "preferred": null
            },
            "regulated_status": "unregulated",
            "three_d_secure_usage": {
              "supported": true
            },
            "wallet": null
          },
          "created": 1745314195,
          "customer": null,
          "livemode": false,
          "metadata": {},
          "type": "card"
        }
  recorded_at: Tue, 22 Apr 2025 09:29:55 GMT
- request:
    method: get
    uri: https://api.stripe.com/v1/payment_methods/pm_0RGd9L9e1RjUNIyYtpSJbfa9
    body:
      encoding: US-ASCII
      string: ''
    headers:
      User-Agent:
      - Stripe/v1 RubyBindings/12.5.0
      Authorization:
      - Bearer <STRIPE_API_KEY>
      Content-Type:
      - application/x-www-form-urlencoded
      X-Stripe-Client-Telemetry:
      - '{"last_request_metrics":{"request_id":"req_e1Wubfxmwl8829","request_duration_ms":453}}'
      Stripe-Version:
      - 2023-10-16; risk_in_requirements_beta=v1
      X-Stripe-Client-User-Agent:
      - '{"bindings_version":"12.5.0","lang":"ruby","lang_version":"3.3.4 p94 (2024-07-09)","platform":"x86_64-linux","engine":"ruby","publisher":"stripe","uname":"Linux
        version 6.11.0-21-generic (buildd@lcy02-amd64-097) (x86_64-linux-gnu-gcc-13
        (Ubuntu 13.3.0-6ubuntu2~24.04) 13.3.0, GNU ld (GNU Binutils for Ubuntu) 2.42)
        #21~24.04.1-Ubuntu SMP PREEMPT_DYNAMIC Mon Feb 24 16:52:15 UTC 2","hostname":"hsc-desk"}'
      Accept-Encoding:
      - gzip;q=1.0,deflate;q=0.6,identity;q=0.3
      Accept:
      - "*/*"
  response:
    status:
      code: 200
      message: OK
    headers:
      Server:
      - nginx
      Date:
      - Tue, 22 Apr 2025 09:29:55 GMT
      Content-Type:
      - application/json
      Content-Length:
      - '1055'
      Connection:
      - keep-alive
      Access-Control-Allow-Credentials:
      - 'true'
      Access-Control-Allow-Methods:
      - GET, HEAD, PUT, PATCH, POST, DELETE
      Access-Control-Allow-Origin:
      - "*"
      Access-Control-Expose-Headers:
      - Request-Id, Stripe-Manage-Version, Stripe-Should-Retry, X-Stripe-External-Auth-Required,
        X-Stripe-Privileged-Session-Required
      Access-Control-Max-Age:
      - '300'
      Cache-Control:
      - no-cache, no-store
      Content-Security-Policy:
      - base-uri 'none'; default-src 'none'; form-action 'none'; frame-ancestors 'none';
        img-src 'self'; script-src 'self' 'report-<RPUSH_CONSUMER_FCM_FIREBASE_PROJECT_ID>';
        style-src 'self'; worker-src 'none'; upgrade-insecure-requests; report-uri
        https://q.stripe.com/csp-violation?q=shBJYkiuqsN746zK9v572t-_pw97NX6kovlrqozTtbfxJUyhLTR9sIpJh7phRfyNuz1xFj9HQ5UmY6I-
      Request-Id:
      - req_U2HUy6a05ZIzH3
      Stripe-Version:
      - 2023-10-16; risk_in_requirements_beta=v1
      Vary:
      - Origin
      X-Stripe-Priority-Routing-Enabled:
      - 'true'
      X-Stripe-Routing-Context-Priority-Tier:
      - api-testmode
      X-Wc:
      - ABGHI
      Strict-Transport-Security:
      - max-age=63072000; includeSubDomains; preload
    body:
      encoding: UTF-8
      string: |-
        {
          "id": "pm_0RGd9L9e1RjUNIyYtpSJbfa9",
          "object": "payment_method",
          "allow_redisplay": "unspecified",
          "billing_details": {
            "address": {
              "city": null,
              "country": null,
              "line1": null,
              "line2": null,
              "postal_code": null,
              "state": null
            },
            "email": null,
            "name": null,
            "phone": null,
            "tax_id": null
          },
          "card": {
            "brand": "visa",
            "checks": {
              "address_line1_check": null,
              "address_postal_code_check": null,
              "cvc_check": "unchecked"
            },
            "country": "US",
            "display_brand": "visa",
            "exp_month": 12,
            "exp_year": 2025,
            "fingerprint": "W691J2Ye3VDoq6Ij",
            "funding": "credit",
            "generated_from": null,
            "last4": "4242",
            "networks": {
              "available": [
                "visa"
              ],
              "preferred": null
            },
            "regulated_status": "unregulated",
            "three_d_secure_usage": {
              "supported": true
            },
            "wallet": null
          },
          "created": 1745314195,
          "customer": null,
          "livemode": false,
          "metadata": {},
          "type": "card"
        }
  recorded_at: Tue, 22 Apr 2025 09:29:55 GMT
- request:
    method: post
    uri: https://api.stripe.com/v1/customers
    body:
      encoding: UTF-8
      string: description=457&email=edgar1560ad54_923%40gumroad.com&payment_method=pm_0RGd9L9e1RjUNIyYtpSJbfa9
    headers:
      User-Agent:
      - Stripe/v1 RubyBindings/12.5.0
      Authorization:
      - Bearer <STRIPE_API_KEY>
      Content-Type:
      - application/x-www-form-urlencoded
      X-Stripe-Client-Telemetry:
      - '{"last_request_metrics":{"request_id":"req_U2HUy6a05ZIzH3","request_duration_ms":328}}'
      Idempotency-Key:
      - 7d15ed3c-ec9b-4d43-b7c8-6ab74a157b32
      Stripe-Version:
      - 2023-10-16; risk_in_requirements_beta=v1
      X-Stripe-Client-User-Agent:
      - '{"bindings_version":"12.5.0","lang":"ruby","lang_version":"3.3.4 p94 (2024-07-09)","platform":"x86_64-linux","engine":"ruby","publisher":"stripe","uname":"Linux
        version 6.11.0-21-generic (buildd@lcy02-amd64-097) (x86_64-linux-gnu-gcc-13
        (Ubuntu 13.3.0-6ubuntu2~24.04) 13.3.0, GNU ld (GNU Binutils for Ubuntu) 2.42)
        #21~24.04.1-Ubuntu SMP PREEMPT_DYNAMIC Mon Feb 24 16:52:15 UTC 2","hostname":"hsc-desk"}'
      Accept-Encoding:
      - gzip;q=1.0,deflate;q=0.6,identity;q=0.3
      Accept:
      - "*/*"
  response:
    status:
      code: 200
      message: OK
    headers:
      Server:
      - nginx
      Date:
      - Tue, 22 Apr 2025 09:29:56 GMT
      Content-Type:
      - application/json
      Content-Length:
      - '642'
      Connection:
      - keep-alive
      Access-Control-Allow-Credentials:
      - 'true'
      Access-Control-Allow-Methods:
      - GET, HEAD, PUT, PATCH, POST, DELETE
      Access-Control-Allow-Origin:
      - "*"
      Access-Control-Expose-Headers:
      - Request-Id, Stripe-Manage-Version, Stripe-Should-Retry, X-Stripe-External-Auth-Required,
        X-Stripe-Privileged-Session-Required
      Access-Control-Max-Age:
      - '300'
      Cache-Control:
      - no-cache, no-store
      Content-Security-Policy:
      - base-uri 'none'; default-src 'none'; form-action 'none'; frame-ancestors 'none';
        img-src 'self'; script-src 'self' 'report-<RPUSH_CONSUMER_FCM_FIREBASE_PROJECT_ID>';
        style-src 'self'; worker-src 'none'; upgrade-insecure-requests; report-uri
        https://q.stripe.com/csp-violation?q=shBJYkiuqsN746zK9v572t-_pw97NX6kovlrqozTtbfxJUyhLTR9sIpJh7phRfyNuz1xFj9HQ5UmY6I-
      Idempotency-Key:
      - 7d15ed3c-ec9b-4d43-b7c8-6ab74a157b32
      Original-Request:
      - req_4Ly9CxvDJyCWBB
      Request-Id:
      - req_4Ly9CxvDJyCWBB
      Stripe-Should-Retry:
      - 'false'
      Stripe-Version:
      - 2023-10-16; risk_in_requirements_beta=v1
      Vary:
      - Origin
      X-Stripe-Priority-Routing-Enabled:
      - 'true'
      X-Stripe-Routing-Context-Priority-Tier:
      - api-testmode
      X-Wc:
      - ABGHI
      Strict-Transport-Security:
      - max-age=63072000; includeSubDomains; preload
    body:
      encoding: UTF-8
      string: |-
        {
          "id": "cus_SAz7PjpjYX3H54",
          "object": "customer",
          "address": null,
          "balance": 0,
          "created": 1745314196,
          "currency": null,
          "default_source": null,
          "delinquent": false,
          "description": "457",
          "discount": null,
          "email": "edgar1560ad54_923@gumroad.com",
          "invoice_prefix": "86FEB6EB",
          "invoice_settings": {
            "custom_fields": null,
            "default_payment_method": null,
            "footer": null,
            "rendering_options": null
          },
          "livemode": false,
          "metadata": {},
          "name": null,
          "next_invoice_sequence": 1,
          "phone": null,
          "preferred_locales": [],
          "shipping": null,
          "tax_exempt": "none",
          "test_clock": null
        }
  recorded_at: Tue, 22 Apr 2025 09:29:56 GMT
- request:
    method: post
    uri: https://api.sandbox.taxjar.com/v2/taxes
    body:
      encoding: UTF-8
      string: '{"from_country":"US","from_state":"CA","from_zip":"94104","to_country":"US","to_state":"NY","to_zip":"10110","shipping":0.0,"line_items":[{"quantity":1,"unit_price":5.99,"discount":0,"product_tax_code":"55111516A0310"}],"nexus_addresses":[{"country":"US","state":"NY"}]}'
    headers:
      User-Agent:
      - 'TaxJar/Ruby (Linux hsc-desk 6.11.0-21-generic #21~24.04.1-Ubuntu SMP PREEMPT_DYNAMIC
        Mon Feb 24 16:52:15 UTC 2 x86_64 x86_64 x86_64 GNU/Linux; ruby 3.3.4-p94;
        OpenSSL 3.0.13 30 Jan 2024) taxjar-ruby/3.0.4'
      Authorization:
      - Bearer <TAXJAR_API_KEY>
      X-Api-Version:
      - '2022-01-24'
      Connection:
      - close
      Content-Type:
      - application/json; charset=utf-8
      Host:
      - api.sandbox.taxjar.com
  response:
    status:
      code: 200
      message: OK
    headers:
      Content-Type:
      - application/json; charset=utf-8
      Content-Length:
      - '1063'
      Connection:
      - close
      Date:
      - Tue, 22 Apr 2025 09:29:57 GMT
      X-Amzn-Trace-Id:
      - Root=1-68076195-07f601d7267430aa2329782f
      X-Amzn-Requestid:
      - 36c714a4-ffe3-4917-9c92-c0ad6f556727
      Access-Control-Allow-Origin:
      - https://developers.taxjar.com
      X-Amz-Apigw-Id:
      - JawvcF7KoAMEd9Q=
      X-Cache:
      - Miss from cloudfront
      Via:
      - 1.1 195710f18976f069233cea3a6a690efe.cloudfront.net (CloudFront)
      X-Amz-Cf-Pop:
      - PNQ50-P4
      X-Amz-Cf-Id:
      - _y9TflLngez6pdp2qTNEHzQrjQ142W_l1hZijsCJ5rtgk16BJEEnHg==
    body:
      encoding: UTF-8
      string: '{"tax":{"amount_to_collect":0.0,"breakdown":{"city_tax_collectable":0.0,"city_tax_rate":0.0,"city_taxable_amount":0.0,"combined_tax_rate":0.0,"county_tax_collectable":0.0,"county_tax_rate":0.0,"county_taxable_amount":0.0,"line_items":[{"city_amount":0.0,"city_tax_rate":0.0,"city_taxable_amount":0.0,"combined_tax_rate":0.0,"county_amount":0.0,"county_tax_rate":0.0,"county_taxable_amount":0.0,"id":"1","special_district_amount":0.0,"special_district_taxable_amount":0.0,"special_tax_rate":0.0,"state_amount":0.0,"state_sales_tax_rate":0.0,"state_taxable_amount":0.0,"tax_collectable":0.0,"taxable_amount":0.0}],"special_district_tax_collectable":0.0,"special_district_taxable_amount":0.0,"special_tax_rate":0.0,"state_tax_collectable":0.0,"state_tax_rate":0.0,"state_taxable_amount":0.0,"tax_collectable":0.0,"taxable_amount":0.0},"freight_taxable":false,"has_nexus":true,"jurisdictions":{"city":"NEW
        YORK CITY","country":"US","county":"NEW YORK","state":"NY"},"order_total_amount":5.99,"rate":0.0,"shipping":0.0,"tax_source":"destination","taxable_amount":0.0}}'
  recorded_at: Wed, 01 Apr 2020 00:00:00 GMT
- request:
    method: post
    uri: https://api.stripe.com/v1/payment_intents
    body:
      encoding: UTF-8
      string: amount=599&currency=usd&description=You+bought+http%3A%2F%2Fedgar5dc5f0d4325.test.gumroad.com%3A31337%2Fl%2Fd%21&metadata[purchase]=3z2qbRiafzEYo70VfYot0w%3D%3D&transfer_group=267&automatic_payment_methods[enabled]=true&automatic_payment_methods[allow_redirects]=never&off_session=true&confirm=true&customer=cus_SAz7PjpjYX3H54&payment_method=pm_0RGd9L9e1RjUNIyYtpSJbfa9&statement_descriptor_suffix=edgar5dc5f0d4325
    headers:
      User-Agent:
      - Stripe/v1 RubyBindings/12.5.0
      Authorization:
      - Bearer <STRIPE_API_KEY>
      Content-Type:
      - application/x-www-form-urlencoded
      X-Stripe-Client-Telemetry:
      - '{"last_request_metrics":{"request_id":"req_4Ly9CxvDJyCWBB","request_duration_ms":892}}'
      Idempotency-Key:
      - 0f876a2f-8efa-4cc7-bec2-10e2247b10a2
      Stripe-Version:
      - 2023-10-16; risk_in_requirements_beta=v1
      X-Stripe-Client-User-Agent:
      - '{"bindings_version":"12.5.0","lang":"ruby","lang_version":"3.3.4 p94 (2024-07-09)","platform":"x86_64-linux","engine":"ruby","publisher":"stripe","uname":"Linux
        version 6.11.0-21-generic (buildd@lcy02-amd64-097) (x86_64-linux-gnu-gcc-13
        (Ubuntu 13.3.0-6ubuntu2~24.04) 13.3.0, GNU ld (GNU Binutils for Ubuntu) 2.42)
        #21~24.04.1-Ubuntu SMP PREEMPT_DYNAMIC Mon Feb 24 16:52:15 UTC 2","hostname":"hsc-desk"}'
      Accept-Encoding:
      - gzip;q=1.0,deflate;q=0.6,identity;q=0.3
      Accept:
      - "*/*"
  response:
    status:
      code: 200
      message: OK
    headers:
      Server:
      - nginx
      Date:
      - Tue, 22 Apr 2025 09:29:58 GMT
      Content-Type:
      - application/json
      Content-Length:
      - '1892'
      Connection:
      - keep-alive
      Access-Control-Allow-Credentials:
      - 'true'
      Access-Control-Allow-Methods:
      - GET, HEAD, PUT, PATCH, POST, DELETE
      Access-Control-Allow-Origin:
      - "*"
      Access-Control-Expose-Headers:
      - Request-Id, Stripe-Manage-Version, Stripe-Should-Retry, X-Stripe-External-Auth-Required,
        X-Stripe-Privileged-Session-Required
      Access-Control-Max-Age:
      - '300'
      Cache-Control:
      - no-cache, no-store
      Content-Security-Policy:
      - base-uri 'none'; default-src 'none'; form-action 'none'; frame-ancestors 'none';
        img-src 'self'; script-src 'self' 'report-<RPUSH_CONSUMER_FCM_FIREBASE_PROJECT_ID>';
        style-src 'self'; worker-src 'none'; upgrade-insecure-requests; report-uri
        https://q.stripe.com/csp-violation?q=shBJYkiuqsN746zK9v572t-_pw97NX6kovlrqozTtbfxJUyhLTR9sIpJh7phRfyNuz1xFj9HQ5UmY6I-
      Idempotency-Key:
      - 0f876a2f-8efa-4cc7-bec2-10e2247b10a2
      Original-Request:
      - req_mb7PyaYHteEMKs
      Request-Id:
      - req_mb7PyaYHteEMKs
      Stripe-Should-Retry:
      - 'false'
      Stripe-Version:
      - 2023-10-16; risk_in_requirements_beta=v1
      Vary:
      - Origin
      X-Stripe-Priority-Routing-Enabled:
      - 'true'
      X-Stripe-Routing-Context-Priority-Tier:
      - api-testmode
      X-Wc:
      - ABGHI
      Strict-Transport-Security:
      - max-age=63072000; includeSubDomains; preload
    body:
      encoding: UTF-8
      string: |-
        {
          "id": "pi_2RGd9O9e1RjUNIyY0CoWc4VM",
          "object": "payment_intent",
          "amount": 599,
          "amount_capturable": 0,
          "amount_details": {
            "tip": {}
          },
          "amount_received": 599,
          "application": null,
          "application_fee_amount": null,
          "automatic_payment_methods": {
            "allow_redirects": "never",
            "enabled": true
          },
          "canceled_at": null,
          "cancellation_reason": null,
          "capture_method": "automatic",
          "client_secret": "pi_2RGd9O9e1RjUNIyY0CoWc4VM_secret_aaB33CYygMv4vJMg7dJY88u6X",
          "confirmation_method": "automatic",
          "created": 1745314198,
          "currency": "usd",
          "customer": "cus_SAz7PjpjYX3H54",
          "description": "You bought http://edgar5dc5f0d4325.test.gumroad.com:31337/l/d!",
          "invoice": null,
          "last_payment_error": null,
          "latest_charge": "ch_2RGd9O9e1RjUNIyY0fe7K19V",
          "livemode": false,
          "metadata": {
            "purchase": "3z2qbRiafzEYo70VfYot0w=="
          },
          "next_action": null,
          "on_behalf_of": null,
          "payment_method": "pm_0RGd9L9e1RjUNIyYtpSJbfa9",
          "payment_method_configuration_details": {
            "id": "pmc_0KYMlf9e1RjUNIyYT1l4J38o",
            "parent": null
          },
          "payment_method_options": {
            "alipay": {},
            "amazon_pay": {
              "express_checkout_element_session_id": null
            },
            "card": {
              "installments": null,
              "mandate_options": null,
              "network": null,
              "request_three_d_secure": "automatic"
            },
            "link": {
              "persistent_token": null
            },
            "wechat_pay": {
              "app_id": null,
              "client": null
            }
          },
          "payment_method_types": [
            "card",
            "alipay",
            "link",
            "wechat_pay",
            "amazon_pay"
          ],
          "processing": null,
          "receipt_email": null,
          "review": null,
          "setup_future_usage": null,
          "shipping": null,
          "source": null,
          "statement_descriptor": null,
          "statement_descriptor_suffix": "edgar5dc5f0d4325",
          "status": "succeeded",
          "transfer_data": null,
          "transfer_group": "267"
        }
  recorded_at: Wed, 01 Apr 2020 00:00:00 GMT
- request:
    method: get
    uri: https://api.stripe.com/v1/charges/ch_2RGd9O9e1RjUNIyY0fe7K19V?expand%5B%5D=application_fee.balance_transaction&expand%5B%5D=balance_transaction
    body:
      encoding: US-ASCII
      string: ''
    headers:
      User-Agent:
      - Stripe/v1 RubyBindings/12.5.0
      Authorization:
      - Bearer <STRIPE_API_KEY>
      Content-Type:
      - application/x-www-form-urlencoded
      X-Stripe-Client-Telemetry:
      - '{"last_request_metrics":{"request_id":"req_mb7PyaYHteEMKs","request_duration_ms":982}}'
      Stripe-Version:
      - 2023-10-16; risk_in_requirements_beta=v1
      X-Stripe-Client-User-Agent:
      - '{"bindings_version":"12.5.0","lang":"ruby","lang_version":"3.3.4 p94 (2024-07-09)","platform":"x86_64-linux","engine":"ruby","publisher":"stripe","uname":"Linux
        version 6.11.0-21-generic (buildd@lcy02-amd64-097) (x86_64-linux-gnu-gcc-13
        (Ubuntu 13.3.0-6ubuntu2~24.04) 13.3.0, GNU ld (GNU Binutils for Ubuntu) 2.42)
        #21~24.04.1-Ubuntu SMP PREEMPT_DYNAMIC Mon Feb 24 16:52:15 UTC 2","hostname":"hsc-desk"}'
      Accept-Encoding:
      - gzip;q=1.0,deflate;q=0.6,identity;q=0.3
      Accept:
      - "*/*"
  response:
    status:
      code: 200
      message: OK
    headers:
      Server:
      - nginx
      Date:
      - Tue, 22 Apr 2025 09:29:59 GMT
      Content-Type:
      - application/json
      Content-Length:
      - '3571'
      Connection:
      - keep-alive
      Access-Control-Allow-Credentials:
      - 'true'
      Access-Control-Allow-Methods:
      - GET, HEAD, PUT, PATCH, POST, DELETE
      Access-Control-Allow-Origin:
      - "*"
      Access-Control-Expose-Headers:
      - Request-Id, Stripe-Manage-Version, Stripe-Should-Retry, X-Stripe-External-Auth-Required,
        X-Stripe-Privileged-Session-Required
      Access-Control-Max-Age:
      - '300'
      Cache-Control:
      - no-cache, no-store
      Content-Security-Policy:
      - base-uri 'none'; default-src 'none'; form-action 'none'; frame-ancestors 'none';
        img-src 'self'; script-src 'self' 'report-<RPUSH_CONSUMER_FCM_FIREBASE_PROJECT_ID>';
        style-src 'self'; worker-src 'none'; upgrade-insecure-requests; report-uri
        https://q.stripe.com/csp-violation?q=shBJYkiuqsN746zK9v572t-_pw97NX6kovlrqozTtbfxJUyhLTR9sIpJh7phRfyNuz1xFj9HQ5UmY6I-
      Request-Id:
      - req_gW5MGf8VKPAoCa
      Stripe-Version:
      - 2023-10-16; risk_in_requirements_beta=v1
      Vary:
      - Origin
      X-Stripe-Priority-Routing-Enabled:
      - 'true'
      X-Stripe-Routing-Context-Priority-Tier:
      - api-testmode
      X-Wc:
      - ABGHI
      Strict-Transport-Security:
      - max-age=63072000; includeSubDomains; preload
    body:
      encoding: UTF-8
      string: |-
        {
          "id": "ch_2RGd9O9e1RjUNIyY0fe7K19V",
          "object": "charge",
          "amount": 599,
          "amount_captured": 599,
          "amount_refunded": 0,
          "amount_updates": [],
          "application": null,
          "application_fee": null,
          "application_fee_amount": null,
          "balance_transaction": {
            "id": "txn_2RGd9O9e1RjUNIyY07x6viRO",
            "object": "balance_transaction",
            "amount": 599,
            "available_on": 1745452800,
            "created": 1745314198,
            "currency": "usd",
            "description": "You bought http://edgar5dc5f0d4325.test.gumroad.com:31337/l/d!",
            "exchange_rate": null,
            "fee": 0,
            "fee_details": [],
            "net": 599,
            "reporting_category": "charge",
            "source": "ch_2RGd9O9e1RjUNIyY0fe7K19V",
            "status": "pending",
            "type": "charge"
          },
          "billing_details": {
            "address": {
              "city": null,
              "country": null,
              "line1": null,
              "line2": null,
              "postal_code": null,
              "state": null
            },
            "email": null,
            "name": null,
            "phone": null,
            "tax_id": null
          },
          "calculated_statement_descriptor": "GUMROAD* EDGAR5DC5F0D4",
          "captured": true,
          "created": 1745314198,
          "currency": "usd",
          "customer": "cus_SAz7PjpjYX3H54",
          "description": "You bought http://edgar5dc5f0d4325.test.gumroad.com:31337/l/d!",
          "destination": null,
          "dispute": null,
          "disputed": false,
          "failure_balance_transaction": null,
          "failure_code": null,
          "failure_message": null,
          "fraud_details": {},
          "invoice": null,
          "livemode": false,
          "metadata": {
            "purchase": "3z2qbRiafzEYo70VfYot0w=="
          },
          "on_behalf_of": null,
          "order": null,
          "outcome": {
            "advice_code": null,
            "network_advice_code": null,
            "network_decline_code": null,
            "network_status": "approved_by_network",
            "reason": null,
            "risk_level": "normal",
            "risk_score": 16,
            "seller_message": "Payment complete.",
            "type": "authorized"
          },
          "paid": true,
          "payment_intent": "pi_2RGd9O9e1RjUNIyY0CoWc4VM",
          "payment_method": "pm_0RGd9L9e1RjUNIyYtpSJbfa9",
          "payment_method_details": {
            "card": {
              "amount_authorized": 599,
              "authorization_code": null,
              "brand": "visa",
              "checks": {
                "address_line1_check": null,
                "address_postal_code_check": null,
                "cvc_check": "pass"
              },
              "country": "US",
              "exp_month": 12,
              "exp_year": 2025,
              "extended_authorization": {
                "status": "disabled"
              },
              "fingerprint": "W691J2Ye3VDoq6Ij",
              "funding": "credit",
              "incremental_authorization": {
                "status": "unavailable"
              },
              "installments": null,
              "last4": "4242",
              "mandate": null,
              "multicapture": {
                "status": "unavailable"
              },
              "network": "visa",
              "network_token": {
                "used": false
              },
              "network_transaction_id": "875457497450891",
              "overcapture": {
                "maximum_amount_capturable": 599,
                "status": "unavailable"
              },
              "regulated_status": "unregulated",
              "three_d_secure": null,
              "wallet": null
            },
            "type": "card"
          },
          "radar_options": {},
          "receipt_email": null,
          "receipt_number": null,
          "receipt_url": "https://pay.stripe.com/receipts/payment/CAcaIgogOWUxUmpVTkl5WUdwQTlDZmgzUm1ReHhUemIxYWFrcEUol8OdwAYyBkKCJR1r1DosFvyx4mgCxlfvJNV-tggN7EJr1SATsnFsoMmITDwOyKyGeFAIEQFWqrbREJM",
          "refunded": false,
          "review": null,
          "shipping": null,
          "source": null,
          "source_transfer": null,
          "statement_descriptor": null,
          "statement_descriptor_suffix": "edgar5dc5f0d4325",
          "status": "succeeded",
          "transfer_data": null,
          "transfer_group": "267"
        }
  recorded_at: Wed, 01 Apr 2020 00:00:00 GMT
recorded_with: VCR 6.2.0
