---
http_interactions:
- request:
    method: post
    uri: https://api.stripe.com/v1/payment_methods
    body:
      encoding: UTF-8
      string: type=card&card[number]=4242+4242+4242+4242&card[exp_month]=12&card[exp_year]=2025&card[cvc]=123
    headers:
      User-Agent:
      - Stripe/v1 RubyBindings/12.5.0
      Authorization:
      - Bearer <STRIPE_API_KEY>
      Content-Type:
      - application/x-www-form-urlencoded
      X-Stripe-Client-Telemetry:
      - '{"last_request_metrics":{"request_id":"req_aZA6crXkMq5uPg","request_duration_ms":481}}'
      Idempotency-Key:
      - b58c6f89-4bb1-4173-ae4c-2ef2bd3c9bea
      Stripe-Version:
      - 2023-10-16; risk_in_requirements_beta=v1
      X-Stripe-Client-User-Agent:
      - '{"bindings_version":"12.5.0","lang":"ruby","lang_version":"3.3.4 p94 (2024-07-09)","platform":"x86_64-linux","engine":"ruby","publisher":"stripe","uname":"Linux
        version 6.11.0-21-generic (buildd@lcy02-amd64-097) (x86_64-linux-gnu-gcc-13
        (Ubuntu 13.3.0-6ubuntu2~24.04) 13.3.0, GNU ld (GNU Binutils for Ubuntu) 2.42)
        #21~24.04.1-Ubuntu SMP PREEMPT_DYNAMIC Mon Feb 24 16:52:15 UTC 2","hostname":"hsc-desk"}'
      Accept-Encoding:
      - gzip;q=1.0,deflate;q=0.6,identity;q=0.3
      Accept:
      - "*/*"
  response:
    status:
      code: 200
      message: OK
    headers:
      Server:
      - nginx
      Date:
      - Tue, 22 Apr 2025 09:55:21 GMT
      Content-Type:
      - application/json
      Content-Length:
      - '1055'
      Connection:
      - keep-alive
      Access-Control-Allow-Credentials:
      - 'true'
      Access-Control-Allow-Methods:
      - GET, HEAD, PUT, PATCH, POST, DELETE
      Access-Control-Allow-Origin:
      - "*"
      Access-Control-Expose-Headers:
      - Request-Id, Stripe-Manage-Version, Stripe-Should-Retry, X-Stripe-External-Auth-Required,
        X-Stripe-Privileged-Session-Required
      Access-Control-Max-Age:
      - '300'
      Cache-Control:
      - no-cache, no-store
      Content-Security-Policy:
      - base-uri 'none'; default-src 'none'; form-action 'none'; frame-ancestors 'none';
        img-src 'self'; script-src 'self' 'report-<RPUSH_CONSUMER_FCM_FIREBASE_PROJECT_ID>';
        style-src 'self'; worker-src 'none'; upgrade-insecure-requests; report-uri
        https://q.stripe.com/csp-violation?q=bG7aG9pLEkG8O-HvY3UJvnFPjPKj2RiixZW3noyu3ULjhiCJKYSvnvdf4FL1d00JDghFvBadYMo1I8wa
      Idempotency-Key:
      - b58c6f89-4bb1-4173-ae4c-2ef2bd3c9bea
      Original-Request:
      - req_sYS2BjkE4P9fEO
      Request-Id:
      - req_sYS2BjkE4P9fEO
      Stripe-Should-Retry:
      - 'false'
      Stripe-Version:
      - 2023-10-16; risk_in_requirements_beta=v1
      Vary:
      - Origin
      X-Stripe-Priority-Routing-Enabled:
      - 'true'
      X-Stripe-Routing-Context-Priority-Tier:
      - api-testmode
      X-Wc:
      - ABGHI
      Strict-Transport-Security:
      - max-age=63072000; includeSubDomains; preload
    body:
      encoding: UTF-8
      string: |-
        {
          "id": "pm_0RGdXx9e1RjUNIyYBXZrMDpQ",
          "object": "payment_method",
          "allow_redisplay": "unspecified",
          "billing_details": {
            "address": {
              "city": null,
              "country": null,
              "line1": null,
              "line2": null,
              "postal_code": null,
              "state": null
            },
            "email": null,
            "name": null,
            "phone": null,
            "tax_id": null
          },
          "card": {
            "brand": "visa",
            "checks": {
              "address_line1_check": null,
              "address_postal_code_check": null,
              "cvc_check": "unchecked"
            },
            "country": "US",
            "display_brand": "visa",
            "exp_month": 12,
            "exp_year": 2025,
            "fingerprint": "W691J2Ye3VDoq6Ij",
            "funding": "credit",
            "generated_from": null,
            "last4": "4242",
            "networks": {
              "available": [
                "visa"
              ],
              "preferred": null
            },
            "regulated_status": "unregulated",
            "three_d_secure_usage": {
              "supported": true
            },
            "wallet": null
          },
          "created": 1745315721,
          "customer": null,
          "livemode": false,
          "metadata": {},
          "type": "card"
        }
  recorded_at: Tue, 22 Apr 2025 09:55:21 GMT
- request:
    method: get
    uri: https://api.stripe.com/v1/payment_methods/pm_0RGdXx9e1RjUNIyYBXZrMDpQ
    body:
      encoding: US-ASCII
      string: ''
    headers:
      User-Agent:
      - Stripe/v1 RubyBindings/12.5.0
      Authorization:
      - Bearer <STRIPE_API_KEY>
      Content-Type:
      - application/x-www-form-urlencoded
      X-Stripe-Client-Telemetry:
      - '{"last_request_metrics":{"request_id":"req_sYS2BjkE4P9fEO","request_duration_ms":395}}'
      Stripe-Version:
      - 2023-10-16; risk_in_requirements_beta=v1
      X-Stripe-Client-User-Agent:
      - '{"bindings_version":"12.5.0","lang":"ruby","lang_version":"3.3.4 p94 (2024-07-09)","platform":"x86_64-linux","engine":"ruby","publisher":"stripe","uname":"Linux
        version 6.11.0-21-generic (buildd@lcy02-amd64-097) (x86_64-linux-gnu-gcc-13
        (Ubuntu 13.3.0-6ubuntu2~24.04) 13.3.0, GNU ld (GNU Binutils for Ubuntu) 2.42)
        #21~24.04.1-Ubuntu SMP PREEMPT_DYNAMIC Mon Feb 24 16:52:15 UTC 2","hostname":"hsc-desk"}'
      Accept-Encoding:
      - gzip;q=1.0,deflate;q=0.6,identity;q=0.3
      Accept:
      - "*/*"
  response:
    status:
      code: 200
      message: OK
    headers:
      Server:
      - nginx
      Date:
      - Tue, 22 Apr 2025 09:55:21 GMT
      Content-Type:
      - application/json
      Content-Length:
      - '1055'
      Connection:
      - keep-alive
      Access-Control-Allow-Credentials:
      - 'true'
      Access-Control-Allow-Methods:
      - GET, HEAD, PUT, PATCH, POST, DELETE
      Access-Control-Allow-Origin:
      - "*"
      Access-Control-Expose-Headers:
      - Request-Id, Stripe-Manage-Version, Stripe-Should-Retry, X-Stripe-External-Auth-Required,
        X-Stripe-Privileged-Session-Required
      Access-Control-Max-Age:
      - '300'
      Cache-Control:
      - no-cache, no-store
      Content-Security-Policy:
      - base-uri 'none'; default-src 'none'; form-action 'none'; frame-ancestors 'none';
        img-src 'self'; script-src 'self' 'report-<RPUSH_CONSUMER_FCM_FIREBASE_PROJECT_ID>';
        style-src 'self'; worker-src 'none'; upgrade-insecure-requests; report-uri
        https://q.stripe.com/csp-violation?q=bG7aG9pLEkG8O-HvY3UJvnFPjPKj2RiixZW3noyu3ULjhiCJKYSvnvdf4FL1d00JDghFvBadYMo1I8wa
      Request-Id:
      - req_XMIopUdZMUuAdy
      Stripe-Version:
      - 2023-10-16; risk_in_requirements_beta=v1
      Vary:
      - Origin
      X-Stripe-Priority-Routing-Enabled:
      - 'true'
      X-Stripe-Routing-Context-Priority-Tier:
      - api-testmode
      X-Wc:
      - ABGHI
      Strict-Transport-Security:
      - max-age=63072000; includeSubDomains; preload
    body:
      encoding: UTF-8
      string: |-
        {
          "id": "pm_0RGdXx9e1RjUNIyYBXZrMDpQ",
          "object": "payment_method",
          "allow_redisplay": "unspecified",
          "billing_details": {
            "address": {
              "city": null,
              "country": null,
              "line1": null,
              "line2": null,
              "postal_code": null,
              "state": null
            },
            "email": null,
            "name": null,
            "phone": null,
            "tax_id": null
          },
          "card": {
            "brand": "visa",
            "checks": {
              "address_line1_check": null,
              "address_postal_code_check": null,
              "cvc_check": "unchecked"
            },
            "country": "US",
            "display_brand": "visa",
            "exp_month": 12,
            "exp_year": 2025,
            "fingerprint": "W691J2Ye3VDoq6Ij",
            "funding": "credit",
            "generated_from": null,
            "last4": "4242",
            "networks": {
              "available": [
                "visa"
              ],
              "preferred": null
            },
            "regulated_status": "unregulated",
            "three_d_secure_usage": {
              "supported": true
            },
            "wallet": null
          },
          "created": 1745315721,
          "customer": null,
          "livemode": false,
          "metadata": {},
          "type": "card"
        }
  recorded_at: Tue, 22 Apr 2025 09:55:21 GMT
- request:
    method: post
    uri: https://api.stripe.com/v1/customers
    body:
      encoding: UTF-8
      string: description=2370&email=edgar8cc01282_5038%40gumroad.com&payment_method=pm_0RGdXx9e1RjUNIyYBXZrMDpQ
    headers:
      User-Agent:
      - Stripe/v1 RubyBindings/12.5.0
      Authorization:
      - Bearer <STRIPE_API_KEY>
      Content-Type:
      - application/x-www-form-urlencoded
      X-Stripe-Client-Telemetry:
      - '{"last_request_metrics":{"request_id":"req_XMIopUdZMUuAdy","request_duration_ms":322}}'
      Idempotency-Key:
      - b1fd28f3-16cd-4b04-8e23-bf12ca7a5f89
      Stripe-Version:
      - 2023-10-16; risk_in_requirements_beta=v1
      X-Stripe-Client-User-Agent:
      - '{"bindings_version":"12.5.0","lang":"ruby","lang_version":"3.3.4 p94 (2024-07-09)","platform":"x86_64-linux","engine":"ruby","publisher":"stripe","uname":"Linux
        version 6.11.0-21-generic (buildd@lcy02-amd64-097) (x86_64-linux-gnu-gcc-13
        (Ubuntu 13.3.0-6ubuntu2~24.04) 13.3.0, GNU ld (GNU Binutils for Ubuntu) 2.42)
        #21~24.04.1-Ubuntu SMP PREEMPT_DYNAMIC Mon Feb 24 16:52:15 UTC 2","hostname":"hsc-desk"}'
      Accept-Encoding:
      - gzip;q=1.0,deflate;q=0.6,identity;q=0.3
      Accept:
      - "*/*"
  response:
    status:
      code: 200
      message: OK
    headers:
      Server:
      - nginx
      Date:
      - Tue, 22 Apr 2025 09:55:22 GMT
      Content-Type:
      - application/json
      Content-Length:
      - '644'
      Connection:
      - keep-alive
      Access-Control-Allow-Credentials:
      - 'true'
      Access-Control-Allow-Methods:
      - GET, HEAD, PUT, PATCH, POST, DELETE
      Access-Control-Allow-Origin:
      - "*"
      Access-Control-Expose-Headers:
      - Request-Id, Stripe-Manage-Version, Stripe-Should-Retry, X-Stripe-External-Auth-Required,
        X-Stripe-Privileged-Session-Required
      Access-Control-Max-Age:
      - '300'
      Cache-Control:
      - no-cache, no-store
      Content-Security-Policy:
      - base-uri 'none'; default-src 'none'; form-action 'none'; frame-ancestors 'none';
        img-src 'self'; script-src 'self' 'report-<RPUSH_CONSUMER_FCM_FIREBASE_PROJECT_ID>';
        style-src 'self'; worker-src 'none'; upgrade-insecure-requests; report-uri
        https://q.stripe.com/csp-violation?q=bG7aG9pLEkG8O-HvY3UJvnFPjPKj2RiixZW3noyu3ULjhiCJKYSvnvdf4FL1d00JDghFvBadYMo1I8wa
      Idempotency-Key:
      - b1fd28f3-16cd-4b04-8e23-bf12ca7a5f89
      Original-Request:
      - req_5ZlAjlotVTPMaR
      Request-Id:
      - req_5ZlAjlotVTPMaR
      Stripe-Should-Retry:
      - 'false'
      Stripe-Version:
      - 2023-10-16; risk_in_requirements_beta=v1
      Vary:
      - Origin
      X-Stripe-Priority-Routing-Enabled:
      - 'true'
      X-Stripe-Routing-Context-Priority-Tier:
      - api-testmode
      X-Wc:
      - ABGHI
      Strict-Transport-Security:
      - max-age=63072000; includeSubDomains; preload
    body:
      encoding: UTF-8
      string: |-
        {
          "id": "cus_SAzXW84E5aVhmG",
          "object": "customer",
          "address": null,
          "balance": 0,
          "created": 1745315721,
          "currency": null,
          "default_source": null,
          "delinquent": false,
          "description": "2370",
          "discount": null,
          "email": "edgar8cc01282_5038@gumroad.com",
          "invoice_prefix": "7574A3C6",
          "invoice_settings": {
            "custom_fields": null,
            "default_payment_method": null,
            "footer": null,
            "rendering_options": null
          },
          "livemode": false,
          "metadata": {},
          "name": null,
          "next_invoice_sequence": 1,
          "phone": null,
          "preferred_locales": [],
          "shipping": null,
          "tax_exempt": "none",
          "test_clock": null
        }
  recorded_at: Tue, 22 Apr 2025 09:55:22 GMT
- request:
    method: post
    uri: https://api.sandbox.taxjar.com/v2/taxes
    body:
      encoding: UTF-8
      string: '{"from_country":"US","from_state":"CA","from_zip":"94104","to_country":"US","to_state":"NY","to_zip":"10110","shipping":0.0,"line_items":[{"quantity":1,"unit_price":5.99,"discount":0,"product_tax_code":"55111516A0310"}],"nexus_addresses":[{"country":"US","state":"NY"}]}'
    headers:
      User-Agent:
      - 'TaxJar/Ruby (Linux hsc-desk 6.11.0-21-generic #21~24.04.1-Ubuntu SMP PREEMPT_DYNAMIC
        Mon Feb 24 16:52:15 UTC 2 x86_64 x86_64 x86_64 GNU/Linux; ruby 3.3.4-p94;
        OpenSSL 3.0.13 30 Jan 2024) taxjar-ruby/3.0.4'
      Authorization:
      - Bearer <TAXJAR_API_KEY>
      X-Api-Version:
      - '2022-01-24'
      Connection:
      - close
      Content-Type:
      - application/json; charset=utf-8
      Host:
      - api.sandbox.taxjar.com
  response:
    status:
      code: 200
      message: OK
    headers:
      Content-Type:
      - application/json; charset=utf-8
      Content-Length:
      - '1063'
      Connection:
      - close
      Date:
      - Tue, 22 Apr 2025 09:55:23 GMT
      X-Amzn-Trace-Id:
      - Root=1-6807678b-05d1d4b15a858aa30df1cf70
      X-Amzn-Requestid:
      - 2d90ad9c-f735-4a53-b887-fc0fda2f7f32
      Access-Control-Allow-Origin:
      - https://developers.taxjar.com
      X-Amz-Apigw-Id:
      - Ja0d0H79IAMEd-g=
      X-Cache:
      - Miss from cloudfront
      Via:
      - 1.1 133128b948f045cae7f9ff30cad66104.cloudfront.net (CloudFront)
      X-Amz-Cf-Pop:
      - PNQ50-P4
      X-Amz-Cf-Id:
      - EsLMbrQCWLHOWdpl1C6_6YGNhy9JTyhPjcRoCAZJzdfOiyw1Gl1qDg==
    body:
      encoding: UTF-8
      string: '{"tax":{"amount_to_collect":0.0,"breakdown":{"city_tax_collectable":0.0,"city_tax_rate":0.0,"city_taxable_amount":0.0,"combined_tax_rate":0.0,"county_tax_collectable":0.0,"county_tax_rate":0.0,"county_taxable_amount":0.0,"line_items":[{"city_amount":0.0,"city_tax_rate":0.0,"city_taxable_amount":0.0,"combined_tax_rate":0.0,"county_amount":0.0,"county_tax_rate":0.0,"county_taxable_amount":0.0,"id":"1","special_district_amount":0.0,"special_district_taxable_amount":0.0,"special_tax_rate":0.0,"state_amount":0.0,"state_sales_tax_rate":0.0,"state_taxable_amount":0.0,"tax_collectable":0.0,"taxable_amount":0.0}],"special_district_tax_collectable":0.0,"special_district_taxable_amount":0.0,"special_tax_rate":0.0,"state_tax_collectable":0.0,"state_tax_rate":0.0,"state_taxable_amount":0.0,"tax_collectable":0.0,"taxable_amount":0.0},"freight_taxable":false,"has_nexus":true,"jurisdictions":{"city":"NEW
        YORK CITY","country":"US","county":"NEW YORK","state":"NY"},"order_total_amount":5.99,"rate":0.0,"shipping":0.0,"tax_source":"destination","taxable_amount":0.0}}'
  recorded_at: Wed, 01 Apr 2020 00:00:00 GMT
- request:
    method: post
    uri: https://api.stripe.com/v1/payment_intents
    body:
      encoding: UTF-8
      string: amount=599&currency=usd&description=You+bought+http%3A%2F%2Fedgar9c18d0442205.test.gumroad.com%3A31337%2Fl%2Fo%21&metadata[purchase]=oDapSmohV0FGupHLVu0Qow%3D%3D&transfer_group=1462&automatic_payment_methods[enabled]=true&automatic_payment_methods[allow_redirects]=never&off_session=true&confirm=true&customer=cus_SAzXW84E5aVhmG&payment_method=pm_0RGdXx9e1RjUNIyYBXZrMDpQ&statement_descriptor_suffix=edgar9c18d0442205
    headers:
      User-Agent:
      - Stripe/v1 RubyBindings/12.5.0
      Authorization:
      - Bearer <STRIPE_API_KEY>
      Content-Type:
      - application/x-www-form-urlencoded
      X-Stripe-Client-Telemetry:
      - '{"last_request_metrics":{"request_id":"req_5ZlAjlotVTPMaR","request_duration_ms":786}}'
      Idempotency-Key:
      - bd03d8b6-b288-4711-ba73-1d99c7f4ade5
      Stripe-Version:
      - 2023-10-16; risk_in_requirements_beta=v1
      X-Stripe-Client-User-Agent:
      - '{"bindings_version":"12.5.0","lang":"ruby","lang_version":"3.3.4 p94 (2024-07-09)","platform":"x86_64-linux","engine":"ruby","publisher":"stripe","uname":"Linux
        version 6.11.0-21-generic (buildd@lcy02-amd64-097) (x86_64-linux-gnu-gcc-13
        (Ubuntu 13.3.0-6ubuntu2~24.04) 13.3.0, GNU ld (GNU Binutils for Ubuntu) 2.42)
        #21~24.04.1-Ubuntu SMP PREEMPT_DYNAMIC Mon Feb 24 16:52:15 UTC 2","hostname":"hsc-desk"}'
      Accept-Encoding:
      - gzip;q=1.0,deflate;q=0.6,identity;q=0.3
      Accept:
      - "*/*"
  response:
    status:
      code: 200
      message: OK
    headers:
      Server:
      - nginx
      Date:
      - Tue, 22 Apr 2025 09:55:24 GMT
      Content-Type:
      - application/json
      Content-Length:
      - '1895'
      Connection:
      - keep-alive
      Access-Control-Allow-Credentials:
      - 'true'
      Access-Control-Allow-Methods:
      - GET, HEAD, PUT, PATCH, POST, DELETE
      Access-Control-Allow-Origin:
      - "*"
      Access-Control-Expose-Headers:
      - Request-Id, Stripe-Manage-Version, Stripe-Should-Retry, X-Stripe-External-Auth-Required,
        X-Stripe-Privileged-Session-Required
      Access-Control-Max-Age:
      - '300'
      Cache-Control:
      - no-cache, no-store
      Content-Security-Policy:
      - base-uri 'none'; default-src 'none'; form-action 'none'; frame-ancestors 'none';
        img-src 'self'; script-src 'self' 'report-<RPUSH_CONSUMER_FCM_FIREBASE_PROJECT_ID>';
        style-src 'self'; worker-src 'none'; upgrade-insecure-requests; report-uri
        https://q.stripe.com/csp-violation?q=bG7aG9pLEkG8O-HvY3UJvnFPjPKj2RiixZW3noyu3ULjhiCJKYSvnvdf4FL1d00JDghFvBadYMo1I8wa
      Idempotency-Key:
      - bd03d8b6-b288-4711-ba73-1d99c7f4ade5
      Original-Request:
      - req_t3yHwXi755kdaM
      Request-Id:
      - req_t3yHwXi755kdaM
      Stripe-Should-Retry:
      - 'false'
      Stripe-Version:
      - 2023-10-16; risk_in_requirements_beta=v1
      Vary:
      - Origin
      X-Stripe-Priority-Routing-Enabled:
      - 'true'
      X-Stripe-Routing-Context-Priority-Tier:
      - api-testmode
      X-Wc:
      - ABGHI
      Strict-Transport-Security:
      - max-age=63072000; includeSubDomains; preload
    body:
      encoding: UTF-8
      string: |-
        {
          "id": "pi_2RGdXz9e1RjUNIyY1mdqVXFL",
          "object": "payment_intent",
          "amount": 599,
          "amount_capturable": 0,
          "amount_details": {
            "tip": {}
          },
          "amount_received": 599,
          "application": null,
          "application_fee_amount": null,
          "automatic_payment_methods": {
            "allow_redirects": "never",
            "enabled": true
          },
          "canceled_at": null,
          "cancellation_reason": null,
          "capture_method": "automatic",
          "client_secret": "pi_2RGdXz9e1RjUNIyY1mdqVXFL_secret_v1ECP3rr0ZeGgh771v5XQf6zy",
          "confirmation_method": "automatic",
          "created": 1745315723,
          "currency": "usd",
          "customer": "cus_SAzXW84E5aVhmG",
          "description": "You bought http://edgar9c18d0442205.test.gumroad.com:31337/l/o!",
          "invoice": null,
          "last_payment_error": null,
          "latest_charge": "ch_2RGdXz9e1RjUNIyY1JMDEkVl",
          "livemode": false,
          "metadata": {
            "purchase": "oDapSmohV0FGupHLVu0Qow=="
          },
          "next_action": null,
          "on_behalf_of": null,
          "payment_method": "pm_0RGdXx9e1RjUNIyYBXZrMDpQ",
          "payment_method_configuration_details": {
            "id": "pmc_0KYMlf9e1RjUNIyYT1l4J38o",
            "parent": null
          },
          "payment_method_options": {
            "alipay": {},
            "amazon_pay": {
              "express_checkout_element_session_id": null
            },
            "card": {
              "installments": null,
              "mandate_options": null,
              "network": null,
              "request_three_d_secure": "automatic"
            },
            "link": {
              "persistent_token": null
            },
            "wechat_pay": {
              "app_id": null,
              "client": null
            }
          },
          "payment_method_types": [
            "card",
            "alipay",
            "link",
            "wechat_pay",
            "amazon_pay"
          ],
          "processing": null,
          "receipt_email": null,
          "review": null,
          "setup_future_usage": null,
          "shipping": null,
          "source": null,
          "statement_descriptor": null,
          "statement_descriptor_suffix": "edgar9c18d0442205",
          "status": "succeeded",
          "transfer_data": null,
          "transfer_group": "1462"
        }
  recorded_at: Wed, 01 Apr 2020 00:00:00 GMT
- request:
    method: get
    uri: https://api.stripe.com/v1/charges/ch_2RGdXz9e1RjUNIyY1JMDEkVl?expand%5B%5D=application_fee.balance_transaction&expand%5B%5D=balance_transaction
    body:
      encoding: US-ASCII
      string: ''
    headers:
      User-Agent:
      - Stripe/v1 RubyBindings/12.5.0
      Authorization:
      - Bearer <STRIPE_API_KEY>
      Content-Type:
      - application/x-www-form-urlencoded
      X-Stripe-Client-Telemetry:
      - '{"last_request_metrics":{"request_id":"req_t3yHwXi755kdaM","request_duration_ms":1084}}'
      Stripe-Version:
      - 2023-10-16; risk_in_requirements_beta=v1
      X-Stripe-Client-User-Agent:
      - '{"bindings_version":"12.5.0","lang":"ruby","lang_version":"3.3.4 p94 (2024-07-09)","platform":"x86_64-linux","engine":"ruby","publisher":"stripe","uname":"Linux
        version 6.11.0-21-generic (buildd@lcy02-amd64-097) (x86_64-linux-gnu-gcc-13
        (Ubuntu 13.3.0-6ubuntu2~24.04) 13.3.0, GNU ld (GNU Binutils for Ubuntu) 2.42)
        #21~24.04.1-Ubuntu SMP PREEMPT_DYNAMIC Mon Feb 24 16:52:15 UTC 2","hostname":"hsc-desk"}'
      Accept-Encoding:
      - gzip;q=1.0,deflate;q=0.6,identity;q=0.3
      Accept:
      - "*/*"
  response:
    status:
      code: 200
      message: OK
    headers:
      Server:
      - nginx
      Date:
      - Tue, 22 Apr 2025 09:55:24 GMT
      Content-Type:
      - application/json
      Content-Length:
      - '3575'
      Connection:
      - keep-alive
      Access-Control-Allow-Credentials:
      - 'true'
      Access-Control-Allow-Methods:
      - GET, HEAD, PUT, PATCH, POST, DELETE
      Access-Control-Allow-Origin:
      - "*"
      Access-Control-Expose-Headers:
      - Request-Id, Stripe-Manage-Version, Stripe-Should-Retry, X-Stripe-External-Auth-Required,
        X-Stripe-Privileged-Session-Required
      Access-Control-Max-Age:
      - '300'
      Cache-Control:
      - no-cache, no-store
      Content-Security-Policy:
      - base-uri 'none'; default-src 'none'; form-action 'none'; frame-ancestors 'none';
        img-src 'self'; script-src 'self' 'report-<RPUSH_CONSUMER_FCM_FIREBASE_PROJECT_ID>';
        style-src 'self'; worker-src 'none'; upgrade-insecure-requests; report-uri
        https://q.stripe.com/csp-violation?q=bG7aG9pLEkG8O-HvY3UJvnFPjPKj2RiixZW3noyu3ULjhiCJKYSvnvdf4FL1d00JDghFvBadYMo1I8wa
      Request-Id:
      - req_qWaoJEgOPquBVz
      Stripe-Version:
      - 2023-10-16; risk_in_requirements_beta=v1
      Vary:
      - Origin
      X-Stripe-Priority-Routing-Enabled:
      - 'true'
      X-Stripe-Routing-Context-Priority-Tier:
      - api-testmode
      X-Wc:
      - ABGHI
      Strict-Transport-Security:
      - max-age=63072000; includeSubDomains; preload
    body:
      encoding: UTF-8
      string: |-
        {
          "id": "ch_2RGdXz9e1RjUNIyY1JMDEkVl",
          "object": "charge",
          "amount": 599,
          "amount_captured": 599,
          "amount_refunded": 0,
          "amount_updates": [],
          "application": null,
          "application_fee": null,
          "application_fee_amount": null,
          "balance_transaction": {
            "id": "txn_2RGdXz9e1RjUNIyY1PhxbdAm",
            "object": "balance_transaction",
            "amount": 599,
            "available_on": 1745452800,
            "created": 1745315723,
            "currency": "usd",
            "description": "You bought http://edgar9c18d0442205.test.gumroad.com:31337/l/o!",
            "exchange_rate": null,
            "fee": 0,
            "fee_details": [],
            "net": 599,
            "reporting_category": "charge",
            "source": "ch_2RGdXz9e1RjUNIyY1JMDEkVl",
            "status": "pending",
            "type": "charge"
          },
          "billing_details": {
            "address": {
              "city": null,
              "country": null,
              "line1": null,
              "line2": null,
              "postal_code": null,
              "state": null
            },
            "email": null,
            "name": null,
            "phone": null,
            "tax_id": null
          },
          "calculated_statement_descriptor": "GUMROAD* EDGAR9C18D044",
          "captured": true,
          "created": 1745315723,
          "currency": "usd",
          "customer": "cus_SAzXW84E5aVhmG",
          "description": "You bought http://edgar9c18d0442205.test.gumroad.com:31337/l/o!",
          "destination": null,
          "dispute": null,
          "disputed": false,
          "failure_balance_transaction": null,
          "failure_code": null,
          "failure_message": null,
          "fraud_details": {},
          "invoice": null,
          "livemode": false,
          "metadata": {
            "purchase": "oDapSmohV0FGupHLVu0Qow=="
          },
          "on_behalf_of": null,
          "order": null,
          "outcome": {
            "advice_code": null,
            "network_advice_code": null,
            "network_decline_code": null,
            "network_status": "approved_by_network",
            "reason": null,
            "risk_level": "normal",
            "risk_score": 21,
            "seller_message": "Payment complete.",
            "type": "authorized"
          },
          "paid": true,
          "payment_intent": "pi_2RGdXz9e1RjUNIyY1mdqVXFL",
          "payment_method": "pm_0RGdXx9e1RjUNIyYBXZrMDpQ",
          "payment_method_details": {
            "card": {
              "amount_authorized": 599,
              "authorization_code": null,
              "brand": "visa",
              "checks": {
                "address_line1_check": null,
                "address_postal_code_check": null,
                "cvc_check": "pass"
              },
              "country": "US",
              "exp_month": 12,
              "exp_year": 2025,
              "extended_authorization": {
                "status": "disabled"
              },
              "fingerprint": "W691J2Ye3VDoq6Ij",
              "funding": "credit",
              "incremental_authorization": {
                "status": "unavailable"
              },
              "installments": null,
              "last4": "4242",
              "mandate": null,
              "multicapture": {
                "status": "unavailable"
              },
              "network": "visa",
              "network_token": {
                "used": false
              },
              "network_transaction_id": "875457497450891",
              "overcapture": {
                "maximum_amount_capturable": 599,
                "status": "unavailable"
              },
              "regulated_status": "unregulated",
              "three_d_secure": null,
              "wallet": null
            },
            "type": "card"
          },
          "radar_options": {},
          "receipt_email": null,
          "receipt_number": null,
          "receipt_url": "https://pay.stripe.com/receipts/payment/CAcaIgogOWUxUmpVTkl5WUdwQTlDZmgzUm1ReHhUemIxYWFrcEUojM-dwAYyBvrFUzsu4josFlDXYzAXskdOYd4p_e0hzMs_LIpZ9xoLG9PK3MoBpkUKoBUBGx5BxIK_1Cw",
          "refunded": false,
          "review": null,
          "shipping": null,
          "source": null,
          "source_transfer": null,
          "statement_descriptor": null,
          "statement_descriptor_suffix": "edgar9c18d0442205",
          "status": "succeeded",
          "transfer_data": null,
          "transfer_group": "1462"
        }
  recorded_at: Wed, 01 Apr 2020 00:00:00 GMT
- request:
    method: post
    uri: https://api.sandbox.taxjar.com/v2/taxes
    body:
      encoding: UTF-8
      string: '{"from_country":"US","from_state":"CA","from_zip":"94104","to_country":"US","to_state":"NY","to_zip":"10110","shipping":0.0,"line_items":[{"quantity":1,"unit_price":20.0,"discount":0,"product_tax_code":"55111516A0310"}],"nexus_addresses":[{"country":"US","state":"NY"}]}'
    headers:
      User-Agent:
      - 'TaxJar/Ruby (Linux hsc-desk 6.11.0-21-generic #21~24.04.1-Ubuntu SMP PREEMPT_DYNAMIC
        Mon Feb 24 16:52:15 UTC 2 x86_64 x86_64 x86_64 GNU/Linux; ruby 3.3.4-p94;
        OpenSSL 3.0.13 30 Jan 2024) taxjar-ruby/3.0.4'
      Authorization:
      - Bearer <TAXJAR_API_KEY>
      X-Api-Version:
      - '2022-01-24'
      Connection:
      - close
      Content-Type:
      - application/json; charset=utf-8
      Host:
      - api.sandbox.taxjar.com
  response:
    status:
      code: 200
      message: OK
    headers:
      Content-Type:
      - application/json; charset=utf-8
      Content-Length:
      - '1063'
      Connection:
      - close
      Date:
      - Tue, 22 Apr 2025 09:55:25 GMT
      X-Amzn-Trace-Id:
      - Root=1-6807678d-0f757f1876cf75f874f80e59
      X-Amzn-Requestid:
      - '016977af-b2f0-4c70-a657-5931210b975b'
      Access-Control-Allow-Origin:
      - https://developers.taxjar.com
      X-Amz-Apigw-Id:
      - Ja0eHFiKIAMEo7A=
      X-Cache:
      - Miss from cloudfront
      Via:
      - 1.1 ae34661df369755f67fcb5cbdcee5fe0.cloudfront.net (CloudFront)
      X-Amz-Cf-Pop:
      - PNQ50-P4
      X-Amz-Cf-Id:
      - JI2tAN7rfc-iywrQRZg_vpJ-sZSB9C8ZHpGN09imSJQgDmNRDEgc1A==
    body:
      encoding: UTF-8
      string: '{"tax":{"amount_to_collect":0.0,"breakdown":{"city_tax_collectable":0.0,"city_tax_rate":0.0,"city_taxable_amount":0.0,"combined_tax_rate":0.0,"county_tax_collectable":0.0,"county_tax_rate":0.0,"county_taxable_amount":0.0,"line_items":[{"city_amount":0.0,"city_tax_rate":0.0,"city_taxable_amount":0.0,"combined_tax_rate":0.0,"county_amount":0.0,"county_tax_rate":0.0,"county_taxable_amount":0.0,"id":"1","special_district_amount":0.0,"special_district_taxable_amount":0.0,"special_tax_rate":0.0,"state_amount":0.0,"state_sales_tax_rate":0.0,"state_taxable_amount":0.0,"tax_collectable":0.0,"taxable_amount":0.0}],"special_district_tax_collectable":0.0,"special_district_taxable_amount":0.0,"special_tax_rate":0.0,"state_tax_collectable":0.0,"state_tax_rate":0.0,"state_taxable_amount":0.0,"tax_collectable":0.0,"taxable_amount":0.0},"freight_taxable":false,"has_nexus":true,"jurisdictions":{"city":"NEW
        YORK CITY","country":"US","county":"NEW YORK","state":"NY"},"order_total_amount":20.0,"rate":0.0,"shipping":0.0,"tax_source":"destination","taxable_amount":0.0}}'
  recorded_at: Fri, 01 May 2020 00:00:00 GMT
- request:
    method: post
    uri: https://api.sandbox.taxjar.com/v2/taxes
    body:
      encoding: UTF-8
      string: '{"from_country":"US","from_state":"CA","from_zip":"94104","to_country":"US","to_state":"NY","to_zip":"10110","shipping":0.0,"line_items":[{"quantity":1,"unit_price":16.05,"discount":0,"product_tax_code":"55111516A0310"}],"nexus_addresses":[{"country":"US","state":"NY"}]}'
    headers:
      User-Agent:
      - 'TaxJar/Ruby (Linux hsc-desk 6.11.0-21-generic #21~24.04.1-Ubuntu SMP PREEMPT_DYNAMIC
        Mon Feb 24 16:52:15 UTC 2 x86_64 x86_64 x86_64 GNU/Linux; ruby 3.3.4-p94;
        OpenSSL 3.0.13 30 Jan 2024) taxjar-ruby/3.0.4'
      Authorization:
      - Bearer <TAXJAR_API_KEY>
      X-Api-Version:
      - '2022-01-24'
      Connection:
      - close
      Content-Type:
      - application/json; charset=utf-8
      Host:
      - api.sandbox.taxjar.com
  response:
    status:
      code: 200
      message: OK
    headers:
      Content-Type:
      - application/json; charset=utf-8
      Content-Length:
      - '1064'
      Connection:
      - close
      Date:
      - Tue, 22 Apr 2025 09:55:26 GMT
      X-Amzn-Trace-Id:
      - Root=1-6807678e-3fe51e061f2d2a6f6e09e08b
      X-Amzn-Requestid:
      - 0effee1c-59b8-4c62-96f6-b8a1ed209236
      Access-Control-Allow-Origin:
      - https://developers.taxjar.com
      X-Amz-Apigw-Id:
      - Ja0eQHNCIAMEg6A=
      X-Cache:
      - Miss from cloudfront
      Via:
      - 1.1 0b4ea18cc00ccc1ae5e3978074dbea3c.cloudfront.net (CloudFront)
      X-Amz-Cf-Pop:
      - PNQ50-P4
      X-Amz-Cf-Id:
      - q4rAj-hgLI_OLof3SZU-VDV_MNgRu3mANNkuALt8EWuitL6VqkfQhw==
    body:
      encoding: UTF-8
      string: '{"tax":{"amount_to_collect":0.0,"breakdown":{"city_tax_collectable":0.0,"city_tax_rate":0.0,"city_taxable_amount":0.0,"combined_tax_rate":0.0,"county_tax_collectable":0.0,"county_tax_rate":0.0,"county_taxable_amount":0.0,"line_items":[{"city_amount":0.0,"city_tax_rate":0.0,"city_taxable_amount":0.0,"combined_tax_rate":0.0,"county_amount":0.0,"county_tax_rate":0.0,"county_taxable_amount":0.0,"id":"1","special_district_amount":0.0,"special_district_taxable_amount":0.0,"special_tax_rate":0.0,"state_amount":0.0,"state_sales_tax_rate":0.0,"state_taxable_amount":0.0,"tax_collectable":0.0,"taxable_amount":0.0}],"special_district_tax_collectable":0.0,"special_district_taxable_amount":0.0,"special_tax_rate":0.0,"state_tax_collectable":0.0,"state_tax_rate":0.0,"state_taxable_amount":0.0,"tax_collectable":0.0,"taxable_amount":0.0},"freight_taxable":false,"has_nexus":true,"jurisdictions":{"city":"NEW
        YORK CITY","country":"US","county":"NEW YORK","state":"NY"},"order_total_amount":16.05,"rate":0.0,"shipping":0.0,"tax_source":"destination","taxable_amount":0.0}}'
  recorded_at: Fri, 01 May 2020 00:00:00 GMT
- request:
    method: post
    uri: https://api.stripe.com/v1/payment_intents
    body:
      encoding: UTF-8
      string: amount=1605&currency=usd&description=You+bought+http%3A%2F%2Fedgar9c18d0442205.test.gumroad.com%3A31337%2Fl%2Fo%21&metadata[purchase]=ZyybCwxRnAxLaUim8zT4lw%3D%3D&transfer_group=1464&automatic_payment_methods[enabled]=true&automatic_payment_methods[allow_redirects]=never&off_session=true&confirm=true&customer=cus_SAzXW84E5aVhmG&payment_method=pm_0RGdXx9e1RjUNIyYBXZrMDpQ&statement_descriptor_suffix=edgar9c18d0442205
    headers:
      User-Agent:
      - Stripe/v1 RubyBindings/12.5.0
      Authorization:
      - Bearer <STRIPE_API_KEY>
      Content-Type:
      - application/x-www-form-urlencoded
      X-Stripe-Client-Telemetry:
      - '{"last_request_metrics":{"request_id":"req_qWaoJEgOPquBVz","request_duration_ms":357}}'
      Idempotency-Key:
      - fd152d6d-fb6d-4e32-b43f-dfd914ce102c
      Stripe-Version:
      - 2023-10-16; risk_in_requirements_beta=v1
      X-Stripe-Client-User-Agent:
      - '{"bindings_version":"12.5.0","lang":"ruby","lang_version":"3.3.4 p94 (2024-07-09)","platform":"x86_64-linux","engine":"ruby","publisher":"stripe","uname":"Linux
        version 6.11.0-21-generic (buildd@lcy02-amd64-097) (x86_64-linux-gnu-gcc-13
        (Ubuntu 13.3.0-6ubuntu2~24.04) 13.3.0, GNU ld (GNU Binutils for Ubuntu) 2.42)
        #21~24.04.1-Ubuntu SMP PREEMPT_DYNAMIC Mon Feb 24 16:52:15 UTC 2","hostname":"hsc-desk"}'
      Accept-Encoding:
      - gzip;q=1.0,deflate;q=0.6,identity;q=0.3
      Accept:
      - "*/*"
  response:
    status:
      code: 200
      message: OK
    headers:
      Server:
      - nginx
      Date:
      - Tue, 22 Apr 2025 09:55:27 GMT
      Content-Type:
      - application/json
      Content-Length:
      - '1897'
      Connection:
      - keep-alive
      Access-Control-Allow-Credentials:
      - 'true'
      Access-Control-Allow-Methods:
      - GET, HEAD, PUT, PATCH, POST, DELETE
      Access-Control-Allow-Origin:
      - "*"
      Access-Control-Expose-Headers:
      - Request-Id, Stripe-Manage-Version, Stripe-Should-Retry, X-Stripe-External-Auth-Required,
        X-Stripe-Privileged-Session-Required
      Access-Control-Max-Age:
      - '300'
      Cache-Control:
      - no-cache, no-store
      Content-Security-Policy:
      - base-uri 'none'; default-src 'none'; form-action 'none'; frame-ancestors 'none';
        img-src 'self'; script-src 'self' 'report-<RPUSH_CONSUMER_FCM_FIREBASE_PROJECT_ID>';
        style-src 'self'; worker-src 'none'; upgrade-insecure-requests; report-uri
        https://q.stripe.com/csp-violation?q=bG7aG9pLEkG8O-HvY3UJvnFPjPKj2RiixZW3noyu3ULjhiCJKYSvnvdf4FL1d00JDghFvBadYMo1I8wa
      Idempotency-Key:
      - fd152d6d-fb6d-4e32-b43f-dfd914ce102c
      Original-Request:
      - req_jzpwu7H16Z3VGd
      Request-Id:
      - req_jzpwu7H16Z3VGd
      Stripe-Should-Retry:
      - 'false'
      Stripe-Version:
      - 2023-10-16; risk_in_requirements_beta=v1
      Vary:
      - Origin
      X-Stripe-Priority-Routing-Enabled:
      - 'true'
      X-Stripe-Routing-Context-Priority-Tier:
      - api-testmode
      X-Wc:
      - ABGHI
      Strict-Transport-Security:
      - max-age=63072000; includeSubDomains; preload
    body:
      encoding: UTF-8
      string: |-
        {
          "id": "pi_2RGdY29e1RjUNIyY0LuFlSVr",
          "object": "payment_intent",
          "amount": 1605,
          "amount_capturable": 0,
          "amount_details": {
            "tip": {}
          },
          "amount_received": 1605,
          "application": null,
          "application_fee_amount": null,
          "automatic_payment_methods": {
            "allow_redirects": "never",
            "enabled": true
          },
          "canceled_at": null,
          "cancellation_reason": null,
          "capture_method": "automatic",
          "client_secret": "pi_2RGdY29e1RjUNIyY0LuFlSVr_secret_mmYDTwCFq6C3LOBXf1osbgpZq",
          "confirmation_method": "automatic",
          "created": 1745315726,
          "currency": "usd",
          "customer": "cus_SAzXW84E5aVhmG",
          "description": "You bought http://edgar9c18d0442205.test.gumroad.com:31337/l/o!",
          "invoice": null,
          "last_payment_error": null,
          "latest_charge": "ch_2RGdY29e1RjUNIyY0LU81Iou",
          "livemode": false,
          "metadata": {
            "purchase": "ZyybCwxRnAxLaUim8zT4lw=="
          },
          "next_action": null,
          "on_behalf_of": null,
          "payment_method": "pm_0RGdXx9e1RjUNIyYBXZrMDpQ",
          "payment_method_configuration_details": {
            "id": "pmc_0KYMlf9e1RjUNIyYT1l4J38o",
            "parent": null
          },
          "payment_method_options": {
            "alipay": {},
            "amazon_pay": {
              "express_checkout_element_session_id": null
            },
            "card": {
              "installments": null,
              "mandate_options": null,
              "network": null,
              "request_three_d_secure": "automatic"
            },
            "link": {
              "persistent_token": null
            },
            "wechat_pay": {
              "app_id": null,
              "client": null
            }
          },
          "payment_method_types": [
            "card",
            "alipay",
            "link",
            "wechat_pay",
            "amazon_pay"
          ],
          "processing": null,
          "receipt_email": null,
          "review": null,
          "setup_future_usage": null,
          "shipping": null,
          "source": null,
          "statement_descriptor": null,
          "statement_descriptor_suffix": "edgar9c18d0442205",
          "status": "succeeded",
          "transfer_data": null,
          "transfer_group": "1464"
        }
  recorded_at: Fri, 01 May 2020 00:00:00 GMT
- request:
    method: get
    uri: https://api.stripe.com/v1/charges/ch_2RGdY29e1RjUNIyY0LU81Iou?expand%5B%5D=application_fee.balance_transaction&expand%5B%5D=balance_transaction
    body:
      encoding: US-ASCII
      string: ''
    headers:
      User-Agent:
      - Stripe/v1 RubyBindings/12.5.0
      Authorization:
      - Bearer <STRIPE_API_KEY>
      Content-Type:
      - application/x-www-form-urlencoded
      X-Stripe-Client-Telemetry:
      - '{"last_request_metrics":{"request_id":"req_jzpwu7H16Z3VGd","request_duration_ms":1043}}'
      Stripe-Version:
      - 2023-10-16; risk_in_requirements_beta=v1
      X-Stripe-Client-User-Agent:
      - '{"bindings_version":"12.5.0","lang":"ruby","lang_version":"3.3.4 p94 (2024-07-09)","platform":"x86_64-linux","engine":"ruby","publisher":"stripe","uname":"Linux
        version 6.11.0-21-generic (buildd@lcy02-amd64-097) (x86_64-linux-gnu-gcc-13
        (Ubuntu 13.3.0-6ubuntu2~24.04) 13.3.0, GNU ld (GNU Binutils for Ubuntu) 2.42)
        #21~24.04.1-Ubuntu SMP PREEMPT_DYNAMIC Mon Feb 24 16:52:15 UTC 2","hostname":"hsc-desk"}'
      Accept-Encoding:
      - gzip;q=1.0,deflate;q=0.6,identity;q=0.3
      Accept:
      - "*/*"
  response:
    status:
      code: 200
      message: OK
    headers:
      Server:
      - nginx
      Date:
      - Tue, 22 Apr 2025 09:55:27 GMT
      Content-Type:
      - application/json
      Content-Length:
      - '3581'
      Connection:
      - keep-alive
      Access-Control-Allow-Credentials:
      - 'true'
      Access-Control-Allow-Methods:
      - GET, HEAD, PUT, PATCH, POST, DELETE
      Access-Control-Allow-Origin:
      - "*"
      Access-Control-Expose-Headers:
      - Request-Id, Stripe-Manage-Version, Stripe-Should-Retry, X-Stripe-External-Auth-Required,
        X-Stripe-Privileged-Session-Required
      Access-Control-Max-Age:
      - '300'
      Cache-Control:
      - no-cache, no-store
      Content-Security-Policy:
      - base-uri 'none'; default-src 'none'; form-action 'none'; frame-ancestors 'none';
        img-src 'self'; script-src 'self' 'report-<RPUSH_CONSUMER_FCM_FIREBASE_PROJECT_ID>';
        style-src 'self'; worker-src 'none'; upgrade-insecure-requests; report-uri
        https://q.stripe.com/csp-violation?q=bG7aG9pLEkG8O-HvY3UJvnFPjPKj2RiixZW3noyu3ULjhiCJKYSvnvdf4FL1d00JDghFvBadYMo1I8wa
      Request-Id:
      - req_4BAWImo0Nb6yI0
      Stripe-Version:
      - 2023-10-16; risk_in_requirements_beta=v1
      Vary:
      - Origin
      X-Stripe-Priority-Routing-Enabled:
      - 'true'
      X-Stripe-Routing-Context-Priority-Tier:
      - api-testmode
      X-Wc:
      - ABGHI
      Strict-Transport-Security:
      - max-age=63072000; includeSubDomains; preload
    body:
      encoding: UTF-8
      string: |-
        {
          "id": "ch_2RGdY29e1RjUNIyY0LU81Iou",
          "object": "charge",
          "amount": 1605,
          "amount_captured": 1605,
          "amount_refunded": 0,
          "amount_updates": [],
          "application": null,
          "application_fee": null,
          "application_fee_amount": null,
          "balance_transaction": {
            "id": "txn_2RGdY29e1RjUNIyY0SGPYRSt",
            "object": "balance_transaction",
            "amount": 1605,
            "available_on": 1745452800,
            "created": 1745315726,
            "currency": "usd",
            "description": "You bought http://edgar9c18d0442205.test.gumroad.com:31337/l/o!",
            "exchange_rate": null,
            "fee": 0,
            "fee_details": [],
            "net": 1605,
            "reporting_category": "charge",
            "source": "ch_2RGdY29e1RjUNIyY0LU81Iou",
            "status": "pending",
            "type": "charge"
          },
          "billing_details": {
            "address": {
              "city": null,
              "country": null,
              "line1": null,
              "line2": null,
              "postal_code": null,
              "state": null
            },
            "email": null,
            "name": null,
            "phone": null,
            "tax_id": null
          },
          "calculated_statement_descriptor": "GUMROAD* EDGAR9C18D044",
          "captured": true,
          "created": 1745315726,
          "currency": "usd",
          "customer": "cus_SAzXW84E5aVhmG",
          "description": "You bought http://edgar9c18d0442205.test.gumroad.com:31337/l/o!",
          "destination": null,
          "dispute": null,
          "disputed": false,
          "failure_balance_transaction": null,
          "failure_code": null,
          "failure_message": null,
          "fraud_details": {},
          "invoice": null,
          "livemode": false,
          "metadata": {
            "purchase": "ZyybCwxRnAxLaUim8zT4lw=="
          },
          "on_behalf_of": null,
          "order": null,
          "outcome": {
            "advice_code": null,
            "network_advice_code": null,
            "network_decline_code": null,
            "network_status": "approved_by_network",
            "reason": null,
            "risk_level": "normal",
            "risk_score": 43,
            "seller_message": "Payment complete.",
            "type": "authorized"
          },
          "paid": true,
          "payment_intent": "pi_2RGdY29e1RjUNIyY0LuFlSVr",
          "payment_method": "pm_0RGdXx9e1RjUNIyYBXZrMDpQ",
          "payment_method_details": {
            "card": {
              "amount_authorized": 1605,
              "authorization_code": null,
              "brand": "visa",
              "checks": {
                "address_line1_check": null,
                "address_postal_code_check": null,
                "cvc_check": "pass"
              },
              "country": "US",
              "exp_month": 12,
              "exp_year": 2025,
              "extended_authorization": {
                "status": "disabled"
              },
              "fingerprint": "W691J2Ye3VDoq6Ij",
              "funding": "credit",
              "incremental_authorization": {
                "status": "unavailable"
              },
              "installments": null,
              "last4": "4242",
              "mandate": null,
              "multicapture": {
                "status": "unavailable"
              },
              "network": "visa",
              "network_token": {
                "used": false
              },
              "network_transaction_id": "875457497450891",
              "overcapture": {
                "maximum_amount_capturable": 1605,
                "status": "unavailable"
              },
              "regulated_status": "unregulated",
              "three_d_secure": null,
              "wallet": null
            },
            "type": "card"
          },
          "radar_options": {},
          "receipt_email": null,
          "receipt_number": null,
          "receipt_url": "https://pay.stripe.com/receipts/payment/CAcaIgogOWUxUmpVTkl5WUdwQTlDZmgzUm1ReHhUemIxYWFrcEUoj8-dwAYyBkkvg3q-UzosFg_xM20VaoTcUvrq-I19A2txMl6RLPvFp3gcIZDzUfuqJ07Oti2yELmRHI8",
          "refunded": false,
          "review": null,
          "shipping": null,
          "source": null,
          "source_transfer": null,
          "statement_descriptor": null,
          "statement_descriptor_suffix": "edgar9c18d0442205",
          "status": "succeeded",
          "transfer_data": null,
          "transfer_group": "1464"
        }
  recorded_at: Fri, 01 May 2020 00:00:00 GMT
recorded_with: VCR 6.2.0
