---
http_interactions:
- request:
    method: post
    uri: https://api.stripe.com/v1/payment_methods
    body:
      encoding: UTF-8
      string: type=card&card[number]=4242+4242+4242+4242&card[exp_month]=12&card[exp_year]=2025&card[cvc]=123
    headers:
      User-Agent:
      - Stripe/v1 RubyBindings/12.5.0
      Authorization:
      - Bearer <STRIPE_API_KEY>
      Content-Type:
      - application/x-www-form-urlencoded
      X-Stripe-Client-Telemetry:
      - '{"last_request_metrics":{"request_id":"req_4BAWImo0Nb6yI0","request_duration_ms":471}}'
      Idempotency-Key:
      - 15312542-c24d-4f0f-b910-fc3178a6276c
      Stripe-Version:
      - 2023-10-16; risk_in_requirements_beta=v1
      X-Stripe-Client-User-Agent:
      - '{"bindings_version":"12.5.0","lang":"ruby","lang_version":"3.3.4 p94 (2024-07-09)","platform":"x86_64-linux","engine":"ruby","publisher":"stripe","uname":"Linux
        version 6.11.0-21-generic (buildd@lcy02-amd64-097) (x86_64-linux-gnu-gcc-13
        (Ubuntu 13.3.0-6ubuntu2~24.04) 13.3.0, GNU ld (GNU Binutils for Ubuntu) 2.42)
        #21~24.04.1-Ubuntu SMP PREEMPT_DYNAMIC Mon Feb 24 16:52:15 UTC 2","hostname":"hsc-desk"}'
      Accept-Encoding:
      - gzip;q=1.0,deflate;q=0.6,identity;q=0.3
      Accept:
      - "*/*"
  response:
    status:
      code: 200
      message: OK
    headers:
      Server:
      - nginx
      Date:
      - Tue, 22 Apr 2025 09:55:28 GMT
      Content-Type:
      - application/json
      Content-Length:
      - '1055'
      Connection:
      - keep-alive
      Access-Control-Allow-Credentials:
      - 'true'
      Access-Control-Allow-Methods:
      - GET, HEAD, PUT, PATCH, POST, DELETE
      Access-Control-Allow-Origin:
      - "*"
      Access-Control-Expose-Headers:
      - Request-Id, Stripe-Manage-Version, Stripe-Should-Retry, X-Stripe-External-Auth-Required,
        X-Stripe-Privileged-Session-Required
      Access-Control-Max-Age:
      - '300'
      Cache-Control:
      - no-cache, no-store
      Content-Security-Policy:
      - base-uri 'none'; default-src 'none'; form-action 'none'; frame-ancestors 'none';
        img-src 'self'; script-src 'self' 'report-<RPUSH_CONSUMER_FCM_FIREBASE_PROJECT_ID>';
        style-src 'self'; worker-src 'none'; upgrade-insecure-requests; report-uri
        https://q.stripe.com/csp-violation?q=bG7aG9pLEkG8O-HvY3UJvnFPjPKj2RiixZW3noyu3ULjhiCJKYSvnvdf4FL1d00JDghFvBadYMo1I8wa
      Idempotency-Key:
      - 15312542-c24d-4f0f-b910-fc3178a6276c
      Original-Request:
      - req_f02rZMX5bR2XGR
      Request-Id:
      - req_f02rZMX5bR2XGR
      Stripe-Should-Retry:
      - 'false'
      Stripe-Version:
      - 2023-10-16; risk_in_requirements_beta=v1
      Vary:
      - Origin
      X-Stripe-Priority-Routing-Enabled:
      - 'true'
      X-Stripe-Routing-Context-Priority-Tier:
      - api-testmode
      X-Wc:
      - ABGHI
      Strict-Transport-Security:
      - max-age=63072000; includeSubDomains; preload
    body:
      encoding: UTF-8
      string: |-
        {
          "id": "pm_0RGdY49e1RjUNIyYVh4ReRpn",
          "object": "payment_method",
          "allow_redisplay": "unspecified",
          "billing_details": {
            "address": {
              "city": null,
              "country": null,
              "line1": null,
              "line2": null,
              "postal_code": null,
              "state": null
            },
            "email": null,
            "name": null,
            "phone": null,
            "tax_id": null
          },
          "card": {
            "brand": "visa",
            "checks": {
              "address_line1_check": null,
              "address_postal_code_check": null,
              "cvc_check": "unchecked"
            },
            "country": "US",
            "display_brand": "visa",
            "exp_month": 12,
            "exp_year": 2025,
            "fingerprint": "W691J2Ye3VDoq6Ij",
            "funding": "credit",
            "generated_from": null,
            "last4": "4242",
            "networks": {
              "available": [
                "visa"
              ],
              "preferred": null
            },
            "regulated_status": "unregulated",
            "three_d_secure_usage": {
              "supported": true
            },
            "wallet": null
          },
          "created": 1745315728,
          "customer": null,
          "livemode": false,
          "metadata": {},
          "type": "card"
        }
  recorded_at: Tue, 22 Apr 2025 09:55:28 GMT
- request:
    method: get
    uri: https://api.stripe.com/v1/payment_methods/pm_0RGdY49e1RjUNIyYVh4ReRpn
    body:
      encoding: US-ASCII
      string: ''
    headers:
      User-Agent:
      - Stripe/v1 RubyBindings/12.5.0
      Authorization:
      - Bearer <STRIPE_API_KEY>
      Content-Type:
      - application/x-www-form-urlencoded
      X-Stripe-Client-Telemetry:
      - '{"last_request_metrics":{"request_id":"req_f02rZMX5bR2XGR","request_duration_ms":422}}'
      Stripe-Version:
      - 2023-10-16; risk_in_requirements_beta=v1
      X-Stripe-Client-User-Agent:
      - '{"bindings_version":"12.5.0","lang":"ruby","lang_version":"3.3.4 p94 (2024-07-09)","platform":"x86_64-linux","engine":"ruby","publisher":"stripe","uname":"Linux
        version 6.11.0-21-generic (buildd@lcy02-amd64-097) (x86_64-linux-gnu-gcc-13
        (Ubuntu 13.3.0-6ubuntu2~24.04) 13.3.0, GNU ld (GNU Binutils for Ubuntu) 2.42)
        #21~24.04.1-Ubuntu SMP PREEMPT_DYNAMIC Mon Feb 24 16:52:15 UTC 2","hostname":"hsc-desk"}'
      Accept-Encoding:
      - gzip;q=1.0,deflate;q=0.6,identity;q=0.3
      Accept:
      - "*/*"
  response:
    status:
      code: 200
      message: OK
    headers:
      Server:
      - nginx
      Date:
      - Tue, 22 Apr 2025 09:55:28 GMT
      Content-Type:
      - application/json
      Content-Length:
      - '1055'
      Connection:
      - keep-alive
      Access-Control-Allow-Credentials:
      - 'true'
      Access-Control-Allow-Methods:
      - GET, HEAD, PUT, PATCH, POST, DELETE
      Access-Control-Allow-Origin:
      - "*"
      Access-Control-Expose-Headers:
      - Request-Id, Stripe-Manage-Version, Stripe-Should-Retry, X-Stripe-External-Auth-Required,
        X-Stripe-Privileged-Session-Required
      Access-Control-Max-Age:
      - '300'
      Cache-Control:
      - no-cache, no-store
      Content-Security-Policy:
      - base-uri 'none'; default-src 'none'; form-action 'none'; frame-ancestors 'none';
        img-src 'self'; script-src 'self' 'report-<RPUSH_CONSUMER_FCM_FIREBASE_PROJECT_ID>';
        style-src 'self'; worker-src 'none'; upgrade-insecure-requests; report-uri
        https://q.stripe.com/csp-violation?q=bG7aG9pLEkG8O-HvY3UJvnFPjPKj2RiixZW3noyu3ULjhiCJKYSvnvdf4FL1d00JDghFvBadYMo1I8wa
      Request-Id:
      - req_p9OHZAAqFtTcVW
      Stripe-Version:
      - 2023-10-16; risk_in_requirements_beta=v1
      Vary:
      - Origin
      X-Stripe-Priority-Routing-Enabled:
      - 'true'
      X-Stripe-Routing-Context-Priority-Tier:
      - api-testmode
      X-Wc:
      - ABGHI
      Strict-Transport-Security:
      - max-age=63072000; includeSubDomains; preload
    body:
      encoding: UTF-8
      string: |-
        {
          "id": "pm_0RGdY49e1RjUNIyYVh4ReRpn",
          "object": "payment_method",
          "allow_redisplay": "unspecified",
          "billing_details": {
            "address": {
              "city": null,
              "country": null,
              "line1": null,
              "line2": null,
              "postal_code": null,
              "state": null
            },
            "email": null,
            "name": null,
            "phone": null,
            "tax_id": null
          },
          "card": {
            "brand": "visa",
            "checks": {
              "address_line1_check": null,
              "address_postal_code_check": null,
              "cvc_check": "unchecked"
            },
            "country": "US",
            "display_brand": "visa",
            "exp_month": 12,
            "exp_year": 2025,
            "fingerprint": "W691J2Ye3VDoq6Ij",
            "funding": "credit",
            "generated_from": null,
            "last4": "4242",
            "networks": {
              "available": [
                "visa"
              ],
              "preferred": null
            },
            "regulated_status": "unregulated",
            "three_d_secure_usage": {
              "supported": true
            },
            "wallet": null
          },
          "created": 1745315728,
          "customer": null,
          "livemode": false,
          "metadata": {},
          "type": "card"
        }
  recorded_at: Tue, 22 Apr 2025 09:55:28 GMT
- request:
    method: post
    uri: https://api.stripe.com/v1/customers
    body:
      encoding: UTF-8
      string: description=2372&email=edgar61d045cd_5042%40gumroad.com&payment_method=pm_0RGdY49e1RjUNIyYVh4ReRpn
    headers:
      User-Agent:
      - Stripe/v1 RubyBindings/12.5.0
      Authorization:
      - Bearer <STRIPE_API_KEY>
      Content-Type:
      - application/x-www-form-urlencoded
      X-Stripe-Client-Telemetry:
      - '{"last_request_metrics":{"request_id":"req_p9OHZAAqFtTcVW","request_duration_ms":317}}'
      Idempotency-Key:
      - 620663b9-0fe9-443e-9a91-3aa093cb3229
      Stripe-Version:
      - 2023-10-16; risk_in_requirements_beta=v1
      X-Stripe-Client-User-Agent:
      - '{"bindings_version":"12.5.0","lang":"ruby","lang_version":"3.3.4 p94 (2024-07-09)","platform":"x86_64-linux","engine":"ruby","publisher":"stripe","uname":"Linux
        version 6.11.0-21-generic (buildd@lcy02-amd64-097) (x86_64-linux-gnu-gcc-13
        (Ubuntu 13.3.0-6ubuntu2~24.04) 13.3.0, GNU ld (GNU Binutils for Ubuntu) 2.42)
        #21~24.04.1-Ubuntu SMP PREEMPT_DYNAMIC Mon Feb 24 16:52:15 UTC 2","hostname":"hsc-desk"}'
      Accept-Encoding:
      - gzip;q=1.0,deflate;q=0.6,identity;q=0.3
      Accept:
      - "*/*"
  response:
    status:
      code: 200
      message: OK
    headers:
      Server:
      - nginx
      Date:
      - Tue, 22 Apr 2025 09:55:29 GMT
      Content-Type:
      - application/json
      Content-Length:
      - '644'
      Connection:
      - keep-alive
      Access-Control-Allow-Credentials:
      - 'true'
      Access-Control-Allow-Methods:
      - GET, HEAD, PUT, PATCH, POST, DELETE
      Access-Control-Allow-Origin:
      - "*"
      Access-Control-Expose-Headers:
      - Request-Id, Stripe-Manage-Version, Stripe-Should-Retry, X-Stripe-External-Auth-Required,
        X-Stripe-Privileged-Session-Required
      Access-Control-Max-Age:
      - '300'
      Cache-Control:
      - no-cache, no-store
      Content-Security-Policy:
      - base-uri 'none'; default-src 'none'; form-action 'none'; frame-ancestors 'none';
        img-src 'self'; script-src 'self' 'report-<RPUSH_CONSUMER_FCM_FIREBASE_PROJECT_ID>';
        style-src 'self'; worker-src 'none'; upgrade-insecure-requests; report-uri
        https://q.stripe.com/csp-violation?q=bG7aG9pLEkG8O-HvY3UJvnFPjPKj2RiixZW3noyu3ULjhiCJKYSvnvdf4FL1d00JDghFvBadYMo1I8wa
      Idempotency-Key:
      - 620663b9-0fe9-443e-9a91-3aa093cb3229
      Original-Request:
      - req_KHKlq58lY1I6m1
      Request-Id:
      - req_KHKlq58lY1I6m1
      Stripe-Should-Retry:
      - 'false'
      Stripe-Version:
      - 2023-10-16; risk_in_requirements_beta=v1
      Vary:
      - Origin
      X-Stripe-Priority-Routing-Enabled:
      - 'true'
      X-Stripe-Routing-Context-Priority-Tier:
      - api-testmode
      X-Wc:
      - ABGHI
      Strict-Transport-Security:
      - max-age=63072000; includeSubDomains; preload
    body:
      encoding: UTF-8
      string: |-
        {
          "id": "cus_SAzXwJGZntdtS6",
          "object": "customer",
          "address": null,
          "balance": 0,
          "created": 1745315728,
          "currency": null,
          "default_source": null,
          "delinquent": false,
          "description": "2372",
          "discount": null,
          "email": "edgar61d045cd_5042@gumroad.com",
          "invoice_prefix": "7F71EFE2",
          "invoice_settings": {
            "custom_fields": null,
            "default_payment_method": null,
            "footer": null,
            "rendering_options": null
          },
          "livemode": false,
          "metadata": {},
          "name": null,
          "next_invoice_sequence": 1,
          "phone": null,
          "preferred_locales": [],
          "shipping": null,
          "tax_exempt": "none",
          "test_clock": null
        }
  recorded_at: Tue, 22 Apr 2025 09:55:29 GMT
- request:
    method: post
    uri: https://api.sandbox.taxjar.com/v2/taxes
    body:
      encoding: UTF-8
      string: '{"from_country":"US","from_state":"CA","from_zip":"94104","to_country":"US","to_state":"NY","to_zip":"10110","shipping":0.0,"line_items":[{"quantity":1,"unit_price":5.99,"discount":0,"product_tax_code":"55111516A0310"}],"nexus_addresses":[{"country":"US","state":"NY"}]}'
    headers:
      User-Agent:
      - 'TaxJar/Ruby (Linux hsc-desk 6.11.0-21-generic #21~24.04.1-Ubuntu SMP PREEMPT_DYNAMIC
        Mon Feb 24 16:52:15 UTC 2 x86_64 x86_64 x86_64 GNU/Linux; ruby 3.3.4-p94;
        OpenSSL 3.0.13 30 Jan 2024) taxjar-ruby/3.0.4'
      Authorization:
      - Bearer <TAXJAR_API_KEY>
      X-Api-Version:
      - '2022-01-24'
      Connection:
      - close
      Content-Type:
      - application/json; charset=utf-8
      Host:
      - api.sandbox.taxjar.com
  response:
    status:
      code: 200
      message: OK
    headers:
      Content-Type:
      - application/json; charset=utf-8
      Content-Length:
      - '1063'
      Connection:
      - close
      Date:
      - Tue, 22 Apr 2025 09:55:30 GMT
      X-Amzn-Trace-Id:
      - Root=1-68076792-03b5c61c0bf653aa2c107f49
      X-Amzn-Requestid:
      - 4b8af90f-0c2b-4de3-a8c8-1620842c2ece
      Access-Control-Allow-Origin:
      - https://developers.taxjar.com
      X-Amz-Apigw-Id:
      - Ja0e8FbQIAMEUvg=
      X-Cache:
      - Miss from cloudfront
      Via:
      - 1.1 4eb0e2cd7343526465c4a645a83f4b22.cloudfront.net (CloudFront)
      X-Amz-Cf-Pop:
      - PNQ50-P4
      X-Amz-Cf-Id:
      - R6c77YFl54k8SyXn078dCAtQ_nZL9MqLAYnISzD0koXmfM8NwtVsnw==
    body:
      encoding: UTF-8
      string: '{"tax":{"amount_to_collect":0.0,"breakdown":{"city_tax_collectable":0.0,"city_tax_rate":0.0,"city_taxable_amount":0.0,"combined_tax_rate":0.0,"county_tax_collectable":0.0,"county_tax_rate":0.0,"county_taxable_amount":0.0,"line_items":[{"city_amount":0.0,"city_tax_rate":0.0,"city_taxable_amount":0.0,"combined_tax_rate":0.0,"county_amount":0.0,"county_tax_rate":0.0,"county_taxable_amount":0.0,"id":"1","special_district_amount":0.0,"special_district_taxable_amount":0.0,"special_tax_rate":0.0,"state_amount":0.0,"state_sales_tax_rate":0.0,"state_taxable_amount":0.0,"tax_collectable":0.0,"taxable_amount":0.0}],"special_district_tax_collectable":0.0,"special_district_taxable_amount":0.0,"special_tax_rate":0.0,"state_tax_collectable":0.0,"state_tax_rate":0.0,"state_taxable_amount":0.0,"tax_collectable":0.0,"taxable_amount":0.0},"freight_taxable":false,"has_nexus":true,"jurisdictions":{"city":"NEW
        YORK CITY","country":"US","county":"NEW YORK","state":"NY"},"order_total_amount":5.99,"rate":0.0,"shipping":0.0,"tax_source":"destination","taxable_amount":0.0}}'
  recorded_at: Wed, 01 Apr 2020 00:00:00 GMT
- request:
    method: post
    uri: https://api.stripe.com/v1/payment_intents
    body:
      encoding: UTF-8
      string: amount=599&currency=usd&description=You+bought+http%3A%2F%2Fedgar51e463aa2207.test.gumroad.com%3A31337%2Fl%2Fv%21&metadata[purchase]=nHLSPEXri0iH31idICc2TQ%3D%3D&transfer_group=1465&automatic_payment_methods[enabled]=true&automatic_payment_methods[allow_redirects]=never&off_session=true&confirm=true&customer=cus_SAzXwJGZntdtS6&payment_method=pm_0RGdY49e1RjUNIyYVh4ReRpn&statement_descriptor_suffix=edgar51e463aa2207
    headers:
      User-Agent:
      - Stripe/v1 RubyBindings/12.5.0
      Authorization:
      - Bearer <STRIPE_API_KEY>
      Content-Type:
      - application/x-www-form-urlencoded
      X-Stripe-Client-Telemetry:
      - '{"last_request_metrics":{"request_id":"req_KHKlq58lY1I6m1","request_duration_ms":927}}'
      Idempotency-Key:
      - 5ca213af-116a-4ed2-9002-4e082e999005
      Stripe-Version:
      - 2023-10-16; risk_in_requirements_beta=v1
      X-Stripe-Client-User-Agent:
      - '{"bindings_version":"12.5.0","lang":"ruby","lang_version":"3.3.4 p94 (2024-07-09)","platform":"x86_64-linux","engine":"ruby","publisher":"stripe","uname":"Linux
        version 6.11.0-21-generic (buildd@lcy02-amd64-097) (x86_64-linux-gnu-gcc-13
        (Ubuntu 13.3.0-6ubuntu2~24.04) 13.3.0, GNU ld (GNU Binutils for Ubuntu) 2.42)
        #21~24.04.1-Ubuntu SMP PREEMPT_DYNAMIC Mon Feb 24 16:52:15 UTC 2","hostname":"hsc-desk"}'
      Accept-Encoding:
      - gzip;q=1.0,deflate;q=0.6,identity;q=0.3
      Accept:
      - "*/*"
  response:
    status:
      code: 200
      message: OK
    headers:
      Server:
      - nginx
      Date:
      - Tue, 22 Apr 2025 09:55:31 GMT
      Content-Type:
      - application/json
      Content-Length:
      - '1895'
      Connection:
      - keep-alive
      Access-Control-Allow-Credentials:
      - 'true'
      Access-Control-Allow-Methods:
      - GET, HEAD, PUT, PATCH, POST, DELETE
      Access-Control-Allow-Origin:
      - "*"
      Access-Control-Expose-Headers:
      - Request-Id, Stripe-Manage-Version, Stripe-Should-Retry, X-Stripe-External-Auth-Required,
        X-Stripe-Privileged-Session-Required
      Access-Control-Max-Age:
      - '300'
      Cache-Control:
      - no-cache, no-store
      Content-Security-Policy:
      - base-uri 'none'; default-src 'none'; form-action 'none'; frame-ancestors 'none';
        img-src 'self'; script-src 'self' 'report-<RPUSH_CONSUMER_FCM_FIREBASE_PROJECT_ID>';
        style-src 'self'; worker-src 'none'; upgrade-insecure-requests; report-uri
        https://q.stripe.com/csp-violation?q=bG7aG9pLEkG8O-HvY3UJvnFPjPKj2RiixZW3noyu3ULjhiCJKYSvnvdf4FL1d00JDghFvBadYMo1I8wa
      Idempotency-Key:
      - 5ca213af-116a-4ed2-9002-4e082e999005
      Original-Request:
      - req_PJ7LMqngiqfMFn
      Request-Id:
      - req_PJ7LMqngiqfMFn
      Stripe-Should-Retry:
      - 'false'
      Stripe-Version:
      - 2023-10-16; risk_in_requirements_beta=v1
      Vary:
      - Origin
      X-Stripe-Priority-Routing-Enabled:
      - 'true'
      X-Stripe-Routing-Context-Priority-Tier:
      - api-testmode
      X-Wc:
      - ABGHI
      Strict-Transport-Security:
      - max-age=63072000; includeSubDomains; preload
    body:
      encoding: UTF-8
      string: |-
        {
          "id": "pi_2RGdY69e1RjUNIyY1UtanSQ4",
          "object": "payment_intent",
          "amount": 599,
          "amount_capturable": 0,
          "amount_details": {
            "tip": {}
          },
          "amount_received": 599,
          "application": null,
          "application_fee_amount": null,
          "automatic_payment_methods": {
            "allow_redirects": "never",
            "enabled": true
          },
          "canceled_at": null,
          "cancellation_reason": null,
          "capture_method": "automatic",
          "client_secret": "pi_2RGdY69e1RjUNIyY1UtanSQ4_secret_enef2xeB44pwlpNecmNSGs5SX",
          "confirmation_method": "automatic",
          "created": 1745315730,
          "currency": "usd",
          "customer": "cus_SAzXwJGZntdtS6",
          "description": "You bought http://edgar51e463aa2207.test.gumroad.com:31337/l/v!",
          "invoice": null,
          "last_payment_error": null,
          "latest_charge": "ch_2RGdY69e1RjUNIyY1aF0RY7r",
          "livemode": false,
          "metadata": {
            "purchase": "nHLSPEXri0iH31idICc2TQ=="
          },
          "next_action": null,
          "on_behalf_of": null,
          "payment_method": "pm_0RGdY49e1RjUNIyYVh4ReRpn",
          "payment_method_configuration_details": {
            "id": "pmc_0KYMlf9e1RjUNIyYT1l4J38o",
            "parent": null
          },
          "payment_method_options": {
            "alipay": {},
            "amazon_pay": {
              "express_checkout_element_session_id": null
            },
            "card": {
              "installments": null,
              "mandate_options": null,
              "network": null,
              "request_three_d_secure": "automatic"
            },
            "link": {
              "persistent_token": null
            },
            "wechat_pay": {
              "app_id": null,
              "client": null
            }
          },
          "payment_method_types": [
            "card",
            "alipay",
            "link",
            "wechat_pay",
            "amazon_pay"
          ],
          "processing": null,
          "receipt_email": null,
          "review": null,
          "setup_future_usage": null,
          "shipping": null,
          "source": null,
          "statement_descriptor": null,
          "statement_descriptor_suffix": "edgar51e463aa2207",
          "status": "succeeded",
          "transfer_data": null,
          "transfer_group": "1465"
        }
  recorded_at: Wed, 01 Apr 2020 00:00:00 GMT
- request:
    method: get
    uri: https://api.stripe.com/v1/charges/ch_2RGdY69e1RjUNIyY1aF0RY7r?expand%5B%5D=application_fee.balance_transaction&expand%5B%5D=balance_transaction
    body:
      encoding: US-ASCII
      string: ''
    headers:
      User-Agent:
      - Stripe/v1 RubyBindings/12.5.0
      Authorization:
      - Bearer <STRIPE_API_KEY>
      Content-Type:
      - application/x-www-form-urlencoded
      X-Stripe-Client-Telemetry:
      - '{"last_request_metrics":{"request_id":"req_PJ7LMqngiqfMFn","request_duration_ms":1093}}'
      Stripe-Version:
      - 2023-10-16; risk_in_requirements_beta=v1
      X-Stripe-Client-User-Agent:
      - '{"bindings_version":"12.5.0","lang":"ruby","lang_version":"3.3.4 p94 (2024-07-09)","platform":"x86_64-linux","engine":"ruby","publisher":"stripe","uname":"Linux
        version 6.11.0-21-generic (buildd@lcy02-amd64-097) (x86_64-linux-gnu-gcc-13
        (Ubuntu 13.3.0-6ubuntu2~24.04) 13.3.0, GNU ld (GNU Binutils for Ubuntu) 2.42)
        #21~24.04.1-Ubuntu SMP PREEMPT_DYNAMIC Mon Feb 24 16:52:15 UTC 2","hostname":"hsc-desk"}'
      Accept-Encoding:
      - gzip;q=1.0,deflate;q=0.6,identity;q=0.3
      Accept:
      - "*/*"
  response:
    status:
      code: 200
      message: OK
    headers:
      Server:
      - nginx
      Date:
      - Tue, 22 Apr 2025 09:55:32 GMT
      Content-Type:
      - application/json
      Content-Length:
      - '3575'
      Connection:
      - keep-alive
      Access-Control-Allow-Credentials:
      - 'true'
      Access-Control-Allow-Methods:
      - GET, HEAD, PUT, PATCH, POST, DELETE
      Access-Control-Allow-Origin:
      - "*"
      Access-Control-Expose-Headers:
      - Request-Id, Stripe-Manage-Version, Stripe-Should-Retry, X-Stripe-External-Auth-Required,
        X-Stripe-Privileged-Session-Required
      Access-Control-Max-Age:
      - '300'
      Cache-Control:
      - no-cache, no-store
      Content-Security-Policy:
      - base-uri 'none'; default-src 'none'; form-action 'none'; frame-ancestors 'none';
        img-src 'self'; script-src 'self' 'report-<RPUSH_CONSUMER_FCM_FIREBASE_PROJECT_ID>';
        style-src 'self'; worker-src 'none'; upgrade-insecure-requests; report-uri
        https://q.stripe.com/csp-violation?q=bG7aG9pLEkG8O-HvY3UJvnFPjPKj2RiixZW3noyu3ULjhiCJKYSvnvdf4FL1d00JDghFvBadYMo1I8wa
      Request-Id:
      - req_SwesKJZygmDfMW
      Stripe-Version:
      - 2023-10-16; risk_in_requirements_beta=v1
      Vary:
      - Origin
      X-Stripe-Priority-Routing-Enabled:
      - 'true'
      X-Stripe-Routing-Context-Priority-Tier:
      - api-testmode
      X-Wc:
      - ABGHI
      Strict-Transport-Security:
      - max-age=63072000; includeSubDomains; preload
    body:
      encoding: UTF-8
      string: |-
        {
          "id": "ch_2RGdY69e1RjUNIyY1aF0RY7r",
          "object": "charge",
          "amount": 599,
          "amount_captured": 599,
          "amount_refunded": 0,
          "amount_updates": [],
          "application": null,
          "application_fee": null,
          "application_fee_amount": null,
          "balance_transaction": {
            "id": "txn_2RGdY69e1RjUNIyY1KABPKe1",
            "object": "balance_transaction",
            "amount": 599,
            "available_on": 1745452800,
            "created": 1745315731,
            "currency": "usd",
            "description": "You bought http://edgar51e463aa2207.test.gumroad.com:31337/l/v!",
            "exchange_rate": null,
            "fee": 0,
            "fee_details": [],
            "net": 599,
            "reporting_category": "charge",
            "source": "ch_2RGdY69e1RjUNIyY1aF0RY7r",
            "status": "pending",
            "type": "charge"
          },
          "billing_details": {
            "address": {
              "city": null,
              "country": null,
              "line1": null,
              "line2": null,
              "postal_code": null,
              "state": null
            },
            "email": null,
            "name": null,
            "phone": null,
            "tax_id": null
          },
          "calculated_statement_descriptor": "GUMROAD* EDGAR51E463AA",
          "captured": true,
          "created": 1745315731,
          "currency": "usd",
          "customer": "cus_SAzXwJGZntdtS6",
          "description": "You bought http://edgar51e463aa2207.test.gumroad.com:31337/l/v!",
          "destination": null,
          "dispute": null,
          "disputed": false,
          "failure_balance_transaction": null,
          "failure_code": null,
          "failure_message": null,
          "fraud_details": {},
          "invoice": null,
          "livemode": false,
          "metadata": {
            "purchase": "nHLSPEXri0iH31idICc2TQ=="
          },
          "on_behalf_of": null,
          "order": null,
          "outcome": {
            "advice_code": null,
            "network_advice_code": null,
            "network_decline_code": null,
            "network_status": "approved_by_network",
            "reason": null,
            "risk_level": "normal",
            "risk_score": 10,
            "seller_message": "Payment complete.",
            "type": "authorized"
          },
          "paid": true,
          "payment_intent": "pi_2RGdY69e1RjUNIyY1UtanSQ4",
          "payment_method": "pm_0RGdY49e1RjUNIyYVh4ReRpn",
          "payment_method_details": {
            "card": {
              "amount_authorized": 599,
              "authorization_code": null,
              "brand": "visa",
              "checks": {
                "address_line1_check": null,
                "address_postal_code_check": null,
                "cvc_check": "pass"
              },
              "country": "US",
              "exp_month": 12,
              "exp_year": 2025,
              "extended_authorization": {
                "status": "disabled"
              },
              "fingerprint": "W691J2Ye3VDoq6Ij",
              "funding": "credit",
              "incremental_authorization": {
                "status": "unavailable"
              },
              "installments": null,
              "last4": "4242",
              "mandate": null,
              "multicapture": {
                "status": "unavailable"
              },
              "network": "visa",
              "network_token": {
                "used": false
              },
              "network_transaction_id": "875457497450891",
              "overcapture": {
                "maximum_amount_capturable": 599,
                "status": "unavailable"
              },
              "regulated_status": "unregulated",
              "three_d_secure": null,
              "wallet": null
            },
            "type": "card"
          },
          "radar_options": {},
          "receipt_email": null,
          "receipt_number": null,
          "receipt_url": "https://pay.stripe.com/receipts/payment/CAcaIgogOWUxUmpVTkl5WUdwQTlDZmgzUm1ReHhUemIxYWFrcEUolM-dwAYyBmoKBG4YHzosFsBzjiN5-zYIRj6l706gXc4G0bgghtsLU0Og_qQjTdqR7unzmYEdsH4v1ug",
          "refunded": false,
          "review": null,
          "shipping": null,
          "source": null,
          "source_transfer": null,
          "statement_descriptor": null,
          "statement_descriptor_suffix": "edgar51e463aa2207",
          "status": "succeeded",
          "transfer_data": null,
          "transfer_group": "1465"
        }
  recorded_at: Wed, 01 Apr 2020 00:00:00 GMT
- request:
    method: post
    uri: https://api.sandbox.taxjar.com/v2/taxes
    body:
      encoding: UTF-8
      string: '{"from_country":"US","from_state":"CA","from_zip":"94104","to_country":"US","to_state":"NY","to_zip":"10110","shipping":0.0,"line_items":[{"quantity":1,"unit_price":20.0,"discount":0,"product_tax_code":"55111516A0310"}],"nexus_addresses":[{"country":"US","state":"NY"}]}'
    headers:
      User-Agent:
      - 'TaxJar/Ruby (Linux hsc-desk 6.11.0-21-generic #21~24.04.1-Ubuntu SMP PREEMPT_DYNAMIC
        Mon Feb 24 16:52:15 UTC 2 x86_64 x86_64 x86_64 GNU/Linux; ruby 3.3.4-p94;
        OpenSSL 3.0.13 30 Jan 2024) taxjar-ruby/3.0.4'
      Authorization:
      - Bearer <TAXJAR_API_KEY>
      X-Api-Version:
      - '2022-01-24'
      Connection:
      - close
      Content-Type:
      - application/json; charset=utf-8
      Host:
      - api.sandbox.taxjar.com
  response:
    status:
      code: 200
      message: OK
    headers:
      Content-Type:
      - application/json; charset=utf-8
      Content-Length:
      - '1063'
      Connection:
      - close
      Date:
      - Tue, 22 Apr 2025 09:55:32 GMT
      X-Amzn-Trace-Id:
      - Root=1-68076794-208e4c6a1ebe69c82377cba8
      X-Amzn-Requestid:
      - '08166e60-3f37-4a5c-9abd-6f95a9b332fa'
      Access-Control-Allow-Origin:
      - https://developers.taxjar.com
      X-Amz-Apigw-Id:
      - Ja0fVFRgoAMEuCQ=
      X-Cache:
      - Miss from cloudfront
      Via:
      - 1.1 631196e976b8f4143e54d7ac2f1255c2.cloudfront.net (CloudFront)
      X-Amz-Cf-Pop:
      - PNQ50-P4
      X-Amz-Cf-Id:
      - F7zD05jVUBOhAQljxu9z8M4doIlfB3htb0jHZmYBqWBz_UkM_4PSFA==
    body:
      encoding: UTF-8
      string: '{"tax":{"amount_to_collect":0.0,"breakdown":{"city_tax_collectable":0.0,"city_tax_rate":0.0,"city_taxable_amount":0.0,"combined_tax_rate":0.0,"county_tax_collectable":0.0,"county_tax_rate":0.0,"county_taxable_amount":0.0,"line_items":[{"city_amount":0.0,"city_tax_rate":0.0,"city_taxable_amount":0.0,"combined_tax_rate":0.0,"county_amount":0.0,"county_tax_rate":0.0,"county_taxable_amount":0.0,"id":"1","special_district_amount":0.0,"special_district_taxable_amount":0.0,"special_tax_rate":0.0,"state_amount":0.0,"state_sales_tax_rate":0.0,"state_taxable_amount":0.0,"tax_collectable":0.0,"taxable_amount":0.0}],"special_district_tax_collectable":0.0,"special_district_taxable_amount":0.0,"special_tax_rate":0.0,"state_tax_collectable":0.0,"state_tax_rate":0.0,"state_taxable_amount":0.0,"tax_collectable":0.0,"taxable_amount":0.0},"freight_taxable":false,"has_nexus":true,"jurisdictions":{"city":"NEW
        YORK CITY","country":"US","county":"NEW YORK","state":"NY"},"order_total_amount":20.0,"rate":0.0,"shipping":0.0,"tax_source":"destination","taxable_amount":0.0}}'
  recorded_at: Fri, 01 May 2020 00:00:00 GMT
- request:
    method: post
    uri: https://api.sandbox.taxjar.com/v2/taxes
    body:
      encoding: UTF-8
      string: '{"from_country":"US","from_state":"CA","from_zip":"94104","to_country":"US","to_state":"NY","to_zip":"10110","shipping":0.0,"line_items":[{"quantity":1,"unit_price":16.05,"discount":0,"product_tax_code":"55111516A0310"}],"nexus_addresses":[{"country":"US","state":"NY"}]}'
    headers:
      User-Agent:
      - 'TaxJar/Ruby (Linux hsc-desk 6.11.0-21-generic #21~24.04.1-Ubuntu SMP PREEMPT_DYNAMIC
        Mon Feb 24 16:52:15 UTC 2 x86_64 x86_64 x86_64 GNU/Linux; ruby 3.3.4-p94;
        OpenSSL 3.0.13 30 Jan 2024) taxjar-ruby/3.0.4'
      Authorization:
      - Bearer <TAXJAR_API_KEY>
      X-Api-Version:
      - '2022-01-24'
      Connection:
      - close
      Content-Type:
      - application/json; charset=utf-8
      Host:
      - api.sandbox.taxjar.com
  response:
    status:
      code: 200
      message: OK
    headers:
      Content-Type:
      - application/json; charset=utf-8
      Content-Length:
      - '1064'
      Connection:
      - close
      Date:
      - Tue, 22 Apr 2025 09:55:33 GMT
      X-Amzn-Trace-Id:
      - Root=1-68076795-78766cb3106f7326316f08eb
      X-Amzn-Requestid:
      - bffb29fa-10a2-4492-80fe-6f42d138eb71
      Access-Control-Allow-Origin:
      - https://developers.taxjar.com
      X-Amz-Apigw-Id:
      - Ja0fdHxYoAMEDWw=
      X-Cache:
      - Miss from cloudfront
      Via:
      - 1.1 631196e976b8f4143e54d7ac2f1255c2.cloudfront.net (CloudFront)
      X-Amz-Cf-Pop:
      - PNQ50-P4
      X-Amz-Cf-Id:
      - cgOjhesIP1XL8fVAvIBxtdBXFA15kJ2xAR_uz6CbQTq2Ida4x1A_dQ==
    body:
      encoding: UTF-8
      string: '{"tax":{"amount_to_collect":0.0,"breakdown":{"city_tax_collectable":0.0,"city_tax_rate":0.0,"city_taxable_amount":0.0,"combined_tax_rate":0.0,"county_tax_collectable":0.0,"county_tax_rate":0.0,"county_taxable_amount":0.0,"line_items":[{"city_amount":0.0,"city_tax_rate":0.0,"city_taxable_amount":0.0,"combined_tax_rate":0.0,"county_amount":0.0,"county_tax_rate":0.0,"county_taxable_amount":0.0,"id":"1","special_district_amount":0.0,"special_district_taxable_amount":0.0,"special_tax_rate":0.0,"state_amount":0.0,"state_sales_tax_rate":0.0,"state_taxable_amount":0.0,"tax_collectable":0.0,"taxable_amount":0.0}],"special_district_tax_collectable":0.0,"special_district_taxable_amount":0.0,"special_tax_rate":0.0,"state_tax_collectable":0.0,"state_tax_rate":0.0,"state_taxable_amount":0.0,"tax_collectable":0.0,"taxable_amount":0.0},"freight_taxable":false,"has_nexus":true,"jurisdictions":{"city":"NEW
        YORK CITY","country":"US","county":"NEW YORK","state":"NY"},"order_total_amount":16.05,"rate":0.0,"shipping":0.0,"tax_source":"destination","taxable_amount":0.0}}'
  recorded_at: Fri, 01 May 2020 00:00:00 GMT
- request:
    method: post
    uri: https://api.stripe.com/v1/payment_intents
    body:
      encoding: UTF-8
      string: amount=1605&currency=usd&description=You+bought+http%3A%2F%2Fedgar51e463aa2207.test.gumroad.com%3A31337%2Fl%2Fv%21&metadata[purchase]=czsz0DLCjX_jeO4-bz4Gnw%3D%3D&transfer_group=1467&automatic_payment_methods[enabled]=true&automatic_payment_methods[allow_redirects]=never&off_session=true&confirm=true&customer=cus_SAzXwJGZntdtS6&payment_method=pm_0RGdY49e1RjUNIyYVh4ReRpn&statement_descriptor_suffix=edgar51e463aa2207
    headers:
      User-Agent:
      - Stripe/v1 RubyBindings/12.5.0
      Authorization:
      - Bearer <STRIPE_API_KEY>
      Content-Type:
      - application/x-www-form-urlencoded
      X-Stripe-Client-Telemetry:
      - '{"last_request_metrics":{"request_id":"req_SwesKJZygmDfMW","request_duration_ms":465}}'
      Idempotency-Key:
      - e3e7d77d-3f33-45d4-86da-83bafa5aa10f
      Stripe-Version:
      - 2023-10-16; risk_in_requirements_beta=v1
      X-Stripe-Client-User-Agent:
      - '{"bindings_version":"12.5.0","lang":"ruby","lang_version":"3.3.4 p94 (2024-07-09)","platform":"x86_64-linux","engine":"ruby","publisher":"stripe","uname":"Linux
        version 6.11.0-21-generic (buildd@lcy02-amd64-097) (x86_64-linux-gnu-gcc-13
        (Ubuntu 13.3.0-6ubuntu2~24.04) 13.3.0, GNU ld (GNU Binutils for Ubuntu) 2.42)
        #21~24.04.1-Ubuntu SMP PREEMPT_DYNAMIC Mon Feb 24 16:52:15 UTC 2","hostname":"hsc-desk"}'
      Accept-Encoding:
      - gzip;q=1.0,deflate;q=0.6,identity;q=0.3
      Accept:
      - "*/*"
  response:
    status:
      code: 200
      message: OK
    headers:
      Server:
      - nginx
      Date:
      - Tue, 22 Apr 2025 09:55:34 GMT
      Content-Type:
      - application/json
      Content-Length:
      - '1897'
      Connection:
      - keep-alive
      Access-Control-Allow-Credentials:
      - 'true'
      Access-Control-Allow-Methods:
      - GET, HEAD, PUT, PATCH, POST, DELETE
      Access-Control-Allow-Origin:
      - "*"
      Access-Control-Expose-Headers:
      - Request-Id, Stripe-Manage-Version, Stripe-Should-Retry, X-Stripe-External-Auth-Required,
        X-Stripe-Privileged-Session-Required
      Access-Control-Max-Age:
      - '300'
      Cache-Control:
      - no-cache, no-store
      Content-Security-Policy:
      - base-uri 'none'; default-src 'none'; form-action 'none'; frame-ancestors 'none';
        img-src 'self'; script-src 'self' 'report-<RPUSH_CONSUMER_FCM_FIREBASE_PROJECT_ID>';
        style-src 'self'; worker-src 'none'; upgrade-insecure-requests; report-uri
        https://q.stripe.com/csp-violation?q=bG7aG9pLEkG8O-HvY3UJvnFPjPKj2RiixZW3noyu3ULjhiCJKYSvnvdf4FL1d00JDghFvBadYMo1I8wa
      Idempotency-Key:
      - e3e7d77d-3f33-45d4-86da-83bafa5aa10f
      Original-Request:
      - req_oZVqh4MRj7Xggu
      Request-Id:
      - req_oZVqh4MRj7Xggu
      Stripe-Should-Retry:
      - 'false'
      Stripe-Version:
      - 2023-10-16; risk_in_requirements_beta=v1
      Vary:
      - Origin
      X-Stripe-Priority-Routing-Enabled:
      - 'true'
      X-Stripe-Routing-Context-Priority-Tier:
      - api-testmode
      X-Wc:
      - ABGHI
      Strict-Transport-Security:
      - max-age=63072000; includeSubDomains; preload
    body:
      encoding: UTF-8
      string: |-
        {
          "id": "pi_2RGdYA9e1RjUNIyY06fAT4G4",
          "object": "payment_intent",
          "amount": 1605,
          "amount_capturable": 0,
          "amount_details": {
            "tip": {}
          },
          "amount_received": 1605,
          "application": null,
          "application_fee_amount": null,
          "automatic_payment_methods": {
            "allow_redirects": "never",
            "enabled": true
          },
          "canceled_at": null,
          "cancellation_reason": null,
          "capture_method": "automatic",
          "client_secret": "pi_2RGdYA9e1RjUNIyY06fAT4G4_secret_9Wb58iobF8Se38A2ILPTogNRq",
          "confirmation_method": "automatic",
          "created": 1745315734,
          "currency": "usd",
          "customer": "cus_SAzXwJGZntdtS6",
          "description": "You bought http://edgar51e463aa2207.test.gumroad.com:31337/l/v!",
          "invoice": null,
          "last_payment_error": null,
          "latest_charge": "ch_2RGdYA9e1RjUNIyY09ca3s5B",
          "livemode": false,
          "metadata": {
            "purchase": "czsz0DLCjX_jeO4-bz4Gnw=="
          },
          "next_action": null,
          "on_behalf_of": null,
          "payment_method": "pm_0RGdY49e1RjUNIyYVh4ReRpn",
          "payment_method_configuration_details": {
            "id": "pmc_0KYMlf9e1RjUNIyYT1l4J38o",
            "parent": null
          },
          "payment_method_options": {
            "alipay": {},
            "amazon_pay": {
              "express_checkout_element_session_id": null
            },
            "card": {
              "installments": null,
              "mandate_options": null,
              "network": null,
              "request_three_d_secure": "automatic"
            },
            "link": {
              "persistent_token": null
            },
            "wechat_pay": {
              "app_id": null,
              "client": null
            }
          },
          "payment_method_types": [
            "card",
            "alipay",
            "link",
            "wechat_pay",
            "amazon_pay"
          ],
          "processing": null,
          "receipt_email": null,
          "review": null,
          "setup_future_usage": null,
          "shipping": null,
          "source": null,
          "statement_descriptor": null,
          "statement_descriptor_suffix": "edgar51e463aa2207",
          "status": "succeeded",
          "transfer_data": null,
          "transfer_group": "1467"
        }
  recorded_at: Fri, 01 May 2020 00:00:00 GMT
- request:
    method: get
    uri: https://api.stripe.com/v1/charges/ch_2RGdYA9e1RjUNIyY09ca3s5B?expand%5B%5D=application_fee.balance_transaction&expand%5B%5D=balance_transaction
    body:
      encoding: US-ASCII
      string: ''
    headers:
      User-Agent:
      - Stripe/v1 RubyBindings/12.5.0
      Authorization:
      - Bearer <STRIPE_API_KEY>
      Content-Type:
      - application/x-www-form-urlencoded
      X-Stripe-Client-Telemetry:
      - '{"last_request_metrics":{"request_id":"req_oZVqh4MRj7Xggu","request_duration_ms":975}}'
      Stripe-Version:
      - 2023-10-16; risk_in_requirements_beta=v1
      X-Stripe-Client-User-Agent:
      - '{"bindings_version":"12.5.0","lang":"ruby","lang_version":"3.3.4 p94 (2024-07-09)","platform":"x86_64-linux","engine":"ruby","publisher":"stripe","uname":"Linux
        version 6.11.0-21-generic (buildd@lcy02-amd64-097) (x86_64-linux-gnu-gcc-13
        (Ubuntu 13.3.0-6ubuntu2~24.04) 13.3.0, GNU ld (GNU Binutils for Ubuntu) 2.42)
        #21~24.04.1-Ubuntu SMP PREEMPT_DYNAMIC Mon Feb 24 16:52:15 UTC 2","hostname":"hsc-desk"}'
      Accept-Encoding:
      - gzip;q=1.0,deflate;q=0.6,identity;q=0.3
      Accept:
      - "*/*"
  response:
    status:
      code: 200
      message: OK
    headers:
      Server:
      - nginx
      Date:
      - Tue, 22 Apr 2025 09:55:35 GMT
      Content-Type:
      - application/json
      Content-Length:
      - '3581'
      Connection:
      - keep-alive
      Access-Control-Allow-Credentials:
      - 'true'
      Access-Control-Allow-Methods:
      - GET, HEAD, PUT, PATCH, POST, DELETE
      Access-Control-Allow-Origin:
      - "*"
      Access-Control-Expose-Headers:
      - Request-Id, Stripe-Manage-Version, Stripe-Should-Retry, X-Stripe-External-Auth-Required,
        X-Stripe-Privileged-Session-Required
      Access-Control-Max-Age:
      - '300'
      Cache-Control:
      - no-cache, no-store
      Content-Security-Policy:
      - base-uri 'none'; default-src 'none'; form-action 'none'; frame-ancestors 'none';
        img-src 'self'; script-src 'self' 'report-<RPUSH_CONSUMER_FCM_FIREBASE_PROJECT_ID>';
        style-src 'self'; worker-src 'none'; upgrade-insecure-requests; report-uri
        https://q.stripe.com/csp-violation?q=bG7aG9pLEkG8O-HvY3UJvnFPjPKj2RiixZW3noyu3ULjhiCJKYSvnvdf4FL1d00JDghFvBadYMo1I8wa
      Request-Id:
      - req_NKtyBu55CLsoqm
      Stripe-Version:
      - 2023-10-16; risk_in_requirements_beta=v1
      Vary:
      - Origin
      X-Stripe-Priority-Routing-Enabled:
      - 'true'
      X-Stripe-Routing-Context-Priority-Tier:
      - api-testmode
      X-Wc:
      - ABGHI
      Strict-Transport-Security:
      - max-age=63072000; includeSubDomains; preload
    body:
      encoding: UTF-8
      string: |-
        {
          "id": "ch_2RGdYA9e1RjUNIyY09ca3s5B",
          "object": "charge",
          "amount": 1605,
          "amount_captured": 1605,
          "amount_refunded": 0,
          "amount_updates": [],
          "application": null,
          "application_fee": null,
          "application_fee_amount": null,
          "balance_transaction": {
            "id": "txn_2RGdYA9e1RjUNIyY0GDCNsjt",
            "object": "balance_transaction",
            "amount": 1605,
            "available_on": 1745452800,
            "created": 1745315734,
            "currency": "usd",
            "description": "You bought http://edgar51e463aa2207.test.gumroad.com:31337/l/v!",
            "exchange_rate": null,
            "fee": 0,
            "fee_details": [],
            "net": 1605,
            "reporting_category": "charge",
            "source": "ch_2RGdYA9e1RjUNIyY09ca3s5B",
            "status": "pending",
            "type": "charge"
          },
          "billing_details": {
            "address": {
              "city": null,
              "country": null,
              "line1": null,
              "line2": null,
              "postal_code": null,
              "state": null
            },
            "email": null,
            "name": null,
            "phone": null,
            "tax_id": null
          },
          "calculated_statement_descriptor": "GUMROAD* EDGAR51E463AA",
          "captured": true,
          "created": 1745315734,
          "currency": "usd",
          "customer": "cus_SAzXwJGZntdtS6",
          "description": "You bought http://edgar51e463aa2207.test.gumroad.com:31337/l/v!",
          "destination": null,
          "dispute": null,
          "disputed": false,
          "failure_balance_transaction": null,
          "failure_code": null,
          "failure_message": null,
          "fraud_details": {},
          "invoice": null,
          "livemode": false,
          "metadata": {
            "purchase": "czsz0DLCjX_jeO4-bz4Gnw=="
          },
          "on_behalf_of": null,
          "order": null,
          "outcome": {
            "advice_code": null,
            "network_advice_code": null,
            "network_decline_code": null,
            "network_status": "approved_by_network",
            "reason": null,
            "risk_level": "normal",
            "risk_score": 42,
            "seller_message": "Payment complete.",
            "type": "authorized"
          },
          "paid": true,
          "payment_intent": "pi_2RGdYA9e1RjUNIyY06fAT4G4",
          "payment_method": "pm_0RGdY49e1RjUNIyYVh4ReRpn",
          "payment_method_details": {
            "card": {
              "amount_authorized": 1605,
              "authorization_code": null,
              "brand": "visa",
              "checks": {
                "address_line1_check": null,
                "address_postal_code_check": null,
                "cvc_check": "pass"
              },
              "country": "US",
              "exp_month": 12,
              "exp_year": 2025,
              "extended_authorization": {
                "status": "disabled"
              },
              "fingerprint": "W691J2Ye3VDoq6Ij",
              "funding": "credit",
              "incremental_authorization": {
                "status": "unavailable"
              },
              "installments": null,
              "last4": "4242",
              "mandate": null,
              "multicapture": {
                "status": "unavailable"
              },
              "network": "visa",
              "network_token": {
                "used": false
              },
              "network_transaction_id": "875457497450891",
              "overcapture": {
                "maximum_amount_capturable": 1605,
                "status": "unavailable"
              },
              "regulated_status": "unregulated",
              "three_d_secure": null,
              "wallet": null
            },
            "type": "card"
          },
          "radar_options": {},
          "receipt_email": null,
          "receipt_number": null,
          "receipt_url": "https://pay.stripe.com/receipts/payment/CAcaIgogOWUxUmpVTkl5WUdwQTlDZmgzUm1ReHhUemIxYWFrcEUol8-dwAYyBmiE-vti_josFhI26g4eYnPoV11JG7gIP5KQKdSvV9iHiBkzkhao3qArmjJzDm7GYwyI-c4",
          "refunded": false,
          "review": null,
          "shipping": null,
          "source": null,
          "source_transfer": null,
          "statement_descriptor": null,
          "statement_descriptor_suffix": "edgar51e463aa2207",
          "status": "succeeded",
          "transfer_data": null,
          "transfer_group": "1467"
        }
  recorded_at: Fri, 01 May 2020 00:00:00 GMT
recorded_with: VCR 6.2.0
