---
http_interactions:
- request:
    method: post
    uri: https://api.stripe.com/v1/payment_methods
    body:
      encoding: UTF-8
      string: type=card&card[number]=4242+4242+4242+4242&card[exp_month]=12&card[exp_year]=2025&card[cvc]=123
    headers:
      User-Agent:
      - Stripe/v1 RubyBindings/12.5.0
      Authorization:
      - Bearer <STRIPE_API_KEY>
      Content-Type:
      - application/x-www-form-urlencoded
      X-Stripe-Client-Telemetry:
      - '{"last_request_metrics":{"request_id":"req_mHCSWrJAFZXLHT","request_duration_ms":764}}'
      Idempotency-Key:
      - 92436f90-191d-4e6f-824a-e53bddb663d5
      Stripe-Version:
      - 2023-10-16; risk_in_requirements_beta=v1
      X-Stripe-Client-User-Agent:
      - '{"bindings_version":"12.5.0","lang":"ruby","lang_version":"3.3.4 p94 (2024-07-09)","platform":"x86_64-linux","engine":"ruby","publisher":"stripe","uname":"Linux
        version 6.11.0-21-generic (buildd@lcy02-amd64-097) (x86_64-linux-gnu-gcc-13
        (Ubuntu 13.3.0-6ubuntu2~24.04) 13.3.0, GNU ld (GNU Binutils for Ubuntu) 2.42)
        #21~24.04.1-Ubuntu SMP PREEMPT_DYNAMIC Mon Feb 24 16:52:15 UTC 2","hostname":"hsc-desk"}'
      Accept-Encoding:
      - gzip;q=1.0,deflate;q=0.6,identity;q=0.3
      Accept:
      - "*/*"
  response:
    status:
      code: 200
      message: OK
    headers:
      Server:
      - nginx
      Date:
      - Tue, 22 Apr 2025 09:28:41 GMT
      Content-Type:
      - application/json
      Content-Length:
      - '1055'
      Connection:
      - keep-alive
      Access-Control-Allow-Credentials:
      - 'true'
      Access-Control-Allow-Methods:
      - GET, HEAD, PUT, PATCH, POST, DELETE
      Access-Control-Allow-Origin:
      - "*"
      Access-Control-Expose-Headers:
      - Request-Id, Stripe-Manage-Version, Stripe-Should-Retry, X-Stripe-External-Auth-Required,
        X-Stripe-Privileged-Session-Required
      Access-Control-Max-Age:
      - '300'
      Cache-Control:
      - no-cache, no-store
      Content-Security-Policy:
      - base-uri 'none'; default-src 'none'; form-action 'none'; frame-ancestors 'none';
        img-src 'self'; script-src 'self' 'report-<RPUSH_CONSUMER_FCM_FIREBASE_PROJECT_ID>';
        style-src 'self'; worker-src 'none'; upgrade-insecure-requests; report-uri
        https://q.stripe.com/csp-violation?q=lv5Pp60m-ts2QLtobK9437bUZcW3_Rde8Mv3mH7mSdgpzLoELsvG6uNj7B8rBnkQ1yf9KLWfBao_9oHP
      Idempotency-Key:
      - 92436f90-191d-4e6f-824a-e53bddb663d5
      Original-Request:
      - req_y8Yma3aS2vkRyC
      Request-Id:
      - req_y8Yma3aS2vkRyC
      Stripe-Should-Retry:
      - 'false'
      Stripe-Version:
      - 2023-10-16; risk_in_requirements_beta=v1
      Vary:
      - Origin
      X-Stripe-Priority-Routing-Enabled:
      - 'true'
      X-Stripe-Routing-Context-Priority-Tier:
      - api-testmode
      X-Wc:
      - ABGHI
      Strict-Transport-Security:
      - max-age=63072000; includeSubDomains; preload
    body:
      encoding: UTF-8
      string: |-
        {
          "id": "pm_0RGd889e1RjUNIyY5PGDVTAQ",
          "object": "payment_method",
          "allow_redisplay": "unspecified",
          "billing_details": {
            "address": {
              "city": null,
              "country": null,
              "line1": null,
              "line2": null,
              "postal_code": null,
              "state": null
            },
            "email": null,
            "name": null,
            "phone": null,
            "tax_id": null
          },
          "card": {
            "brand": "visa",
            "checks": {
              "address_line1_check": null,
              "address_postal_code_check": null,
              "cvc_check": "unchecked"
            },
            "country": "US",
            "display_brand": "visa",
            "exp_month": 12,
            "exp_year": 2025,
            "fingerprint": "W691J2Ye3VDoq6Ij",
            "funding": "credit",
            "generated_from": null,
            "last4": "4242",
            "networks": {
              "available": [
                "visa"
              ],
              "preferred": null
            },
            "regulated_status": "unregulated",
            "three_d_secure_usage": {
              "supported": true
            },
            "wallet": null
          },
          "created": 1745314121,
          "customer": null,
          "livemode": false,
          "metadata": {},
          "type": "card"
        }
  recorded_at: Tue, 22 Apr 2025 09:28:41 GMT
- request:
    method: get
    uri: https://api.stripe.com/v1/payment_methods/pm_0RGd889e1RjUNIyY5PGDVTAQ
    body:
      encoding: US-ASCII
      string: ''
    headers:
      User-Agent:
      - Stripe/v1 RubyBindings/12.5.0
      Authorization:
      - Bearer <STRIPE_API_KEY>
      Content-Type:
      - application/x-www-form-urlencoded
      X-Stripe-Client-Telemetry:
      - '{"last_request_metrics":{"request_id":"req_y8Yma3aS2vkRyC","request_duration_ms":494}}'
      Stripe-Version:
      - 2023-10-16; risk_in_requirements_beta=v1
      X-Stripe-Client-User-Agent:
      - '{"bindings_version":"12.5.0","lang":"ruby","lang_version":"3.3.4 p94 (2024-07-09)","platform":"x86_64-linux","engine":"ruby","publisher":"stripe","uname":"Linux
        version 6.11.0-21-generic (buildd@lcy02-amd64-097) (x86_64-linux-gnu-gcc-13
        (Ubuntu 13.3.0-6ubuntu2~24.04) 13.3.0, GNU ld (GNU Binutils for Ubuntu) 2.42)
        #21~24.04.1-Ubuntu SMP PREEMPT_DYNAMIC Mon Feb 24 16:52:15 UTC 2","hostname":"hsc-desk"}'
      Accept-Encoding:
      - gzip;q=1.0,deflate;q=0.6,identity;q=0.3
      Accept:
      - "*/*"
  response:
    status:
      code: 200
      message: OK
    headers:
      Server:
      - nginx
      Date:
      - Tue, 22 Apr 2025 09:28:41 GMT
      Content-Type:
      - application/json
      Content-Length:
      - '1055'
      Connection:
      - keep-alive
      Access-Control-Allow-Credentials:
      - 'true'
      Access-Control-Allow-Methods:
      - GET, HEAD, PUT, PATCH, POST, DELETE
      Access-Control-Allow-Origin:
      - "*"
      Access-Control-Expose-Headers:
      - Request-Id, Stripe-Manage-Version, Stripe-Should-Retry, X-Stripe-External-Auth-Required,
        X-Stripe-Privileged-Session-Required
      Access-Control-Max-Age:
      - '300'
      Cache-Control:
      - no-cache, no-store
      Content-Security-Policy:
      - base-uri 'none'; default-src 'none'; form-action 'none'; frame-ancestors 'none';
        img-src 'self'; script-src 'self' 'report-<RPUSH_CONSUMER_FCM_FIREBASE_PROJECT_ID>';
        style-src 'self'; worker-src 'none'; upgrade-insecure-requests; report-uri
        https://q.stripe.com/csp-violation?q=lv5Pp60m-ts2QLtobK9437bUZcW3_Rde8Mv3mH7mSdgpzLoELsvG6uNj7B8rBnkQ1yf9KLWfBao_9oHP
      Request-Id:
      - req_7E9wTboh836hh8
      Stripe-Version:
      - 2023-10-16; risk_in_requirements_beta=v1
      Vary:
      - Origin
      X-Stripe-Priority-Routing-Enabled:
      - 'true'
      X-Stripe-Routing-Context-Priority-Tier:
      - api-testmode
      X-Wc:
      - ABGHI
      Strict-Transport-Security:
      - max-age=63072000; includeSubDomains; preload
    body:
      encoding: UTF-8
      string: |-
        {
          "id": "pm_0RGd889e1RjUNIyY5PGDVTAQ",
          "object": "payment_method",
          "allow_redisplay": "unspecified",
          "billing_details": {
            "address": {
              "city": null,
              "country": null,
              "line1": null,
              "line2": null,
              "postal_code": null,
              "state": null
            },
            "email": null,
            "name": null,
            "phone": null,
            "tax_id": null
          },
          "card": {
            "brand": "visa",
            "checks": {
              "address_line1_check": null,
              "address_postal_code_check": null,
              "cvc_check": "unchecked"
            },
            "country": "US",
            "display_brand": "visa",
            "exp_month": 12,
            "exp_year": 2025,
            "fingerprint": "W691J2Ye3VDoq6Ij",
            "funding": "credit",
            "generated_from": null,
            "last4": "4242",
            "networks": {
              "available": [
                "visa"
              ],
              "preferred": null
            },
            "regulated_status": "unregulated",
            "three_d_secure_usage": {
              "supported": true
            },
            "wallet": null
          },
          "created": 1745314121,
          "customer": null,
          "livemode": false,
          "metadata": {},
          "type": "card"
        }
  recorded_at: Tue, 22 Apr 2025 09:28:41 GMT
- request:
    method: post
    uri: https://api.stripe.com/v1/customers
    body:
      encoding: UTF-8
      string: description=262&email=edgar2d82f88d_520%40gumroad.com&payment_method=pm_0RGd889e1RjUNIyY5PGDVTAQ
    headers:
      User-Agent:
      - Stripe/v1 RubyBindings/12.5.0
      Authorization:
      - Bearer <STRIPE_API_KEY>
      Content-Type:
      - application/x-www-form-urlencoded
      X-Stripe-Client-Telemetry:
      - '{"last_request_metrics":{"request_id":"req_7E9wTboh836hh8","request_duration_ms":313}}'
      Idempotency-Key:
      - 9855c108-5194-45b5-846e-9f1d37b3caac
      Stripe-Version:
      - 2023-10-16; risk_in_requirements_beta=v1
      X-Stripe-Client-User-Agent:
      - '{"bindings_version":"12.5.0","lang":"ruby","lang_version":"3.3.4 p94 (2024-07-09)","platform":"x86_64-linux","engine":"ruby","publisher":"stripe","uname":"Linux
        version 6.11.0-21-generic (buildd@lcy02-amd64-097) (x86_64-linux-gnu-gcc-13
        (Ubuntu 13.3.0-6ubuntu2~24.04) 13.3.0, GNU ld (GNU Binutils for Ubuntu) 2.42)
        #21~24.04.1-Ubuntu SMP PREEMPT_DYNAMIC Mon Feb 24 16:52:15 UTC 2","hostname":"hsc-desk"}'
      Accept-Encoding:
      - gzip;q=1.0,deflate;q=0.6,identity;q=0.3
      Accept:
      - "*/*"
  response:
    status:
      code: 200
      message: OK
    headers:
      Server:
      - nginx
      Date:
      - Tue, 22 Apr 2025 09:28:42 GMT
      Content-Type:
      - application/json
      Content-Length:
      - '642'
      Connection:
      - keep-alive
      Access-Control-Allow-Credentials:
      - 'true'
      Access-Control-Allow-Methods:
      - GET, HEAD, PUT, PATCH, POST, DELETE
      Access-Control-Allow-Origin:
      - "*"
      Access-Control-Expose-Headers:
      - Request-Id, Stripe-Manage-Version, Stripe-Should-Retry, X-Stripe-External-Auth-Required,
        X-Stripe-Privileged-Session-Required
      Access-Control-Max-Age:
      - '300'
      Cache-Control:
      - no-cache, no-store
      Content-Security-Policy:
      - base-uri 'none'; default-src 'none'; form-action 'none'; frame-ancestors 'none';
        img-src 'self'; script-src 'self' 'report-<RPUSH_CONSUMER_FCM_FIREBASE_PROJECT_ID>';
        style-src 'self'; worker-src 'none'; upgrade-insecure-requests; report-uri
        https://q.stripe.com/csp-violation?q=lv5Pp60m-ts2QLtobK9437bUZcW3_Rde8Mv3mH7mSdgpzLoELsvG6uNj7B8rBnkQ1yf9KLWfBao_9oHP
      Idempotency-Key:
      - 9855c108-5194-45b5-846e-9f1d37b3caac
      Original-Request:
      - req_JxBgGdpBX1nftS
      Request-Id:
      - req_JxBgGdpBX1nftS
      Stripe-Should-Retry:
      - 'false'
      Stripe-Version:
      - 2023-10-16; risk_in_requirements_beta=v1
      Vary:
      - Origin
      X-Stripe-Priority-Routing-Enabled:
      - 'true'
      X-Stripe-Routing-Context-Priority-Tier:
      - api-testmode
      X-Wc:
      - ABGHI
      Strict-Transport-Security:
      - max-age=63072000; includeSubDomains; preload
    body:
      encoding: UTF-8
      string: |-
        {
          "id": "cus_SAz6YkgLmPWLc5",
          "object": "customer",
          "address": null,
          "balance": 0,
          "created": 1745314121,
          "currency": null,
          "default_source": null,
          "delinquent": false,
          "description": "262",
          "discount": null,
          "email": "edgar2d82f88d_520@gumroad.com",
          "invoice_prefix": "C091DA0D",
          "invoice_settings": {
            "custom_fields": null,
            "default_payment_method": null,
            "footer": null,
            "rendering_options": null
          },
          "livemode": false,
          "metadata": {},
          "name": null,
          "next_invoice_sequence": 1,
          "phone": null,
          "preferred_locales": [],
          "shipping": null,
          "tax_exempt": "none",
          "test_clock": null
        }
  recorded_at: Tue, 22 Apr 2025 09:28:42 GMT
- request:
    method: post
    uri: https://api.sandbox.taxjar.com/v2/taxes
    body:
      encoding: UTF-8
      string: '{"from_country":"US","from_state":"CA","from_zip":"94104","to_country":"US","to_state":"NY","to_zip":"10110","shipping":0.0,"line_items":[{"quantity":1,"unit_price":5.99,"discount":0,"product_tax_code":"55111516A0310"}],"nexus_addresses":[{"country":"US","state":"NY"}]}'
    headers:
      User-Agent:
      - 'TaxJar/Ruby (Linux hsc-desk 6.11.0-21-generic #21~24.04.1-Ubuntu SMP PREEMPT_DYNAMIC
        Mon Feb 24 16:52:15 UTC 2 x86_64 x86_64 x86_64 GNU/Linux; ruby 3.3.4-p94;
        OpenSSL 3.0.13 30 Jan 2024) taxjar-ruby/3.0.4'
      Authorization:
      - Bearer <TAXJAR_API_KEY>
      X-Api-Version:
      - '2022-01-24'
      Connection:
      - close
      Content-Type:
      - application/json; charset=utf-8
      Host:
      - api.sandbox.taxjar.com
  response:
    status:
      code: 200
      message: OK
    headers:
      Content-Type:
      - application/json; charset=utf-8
      Content-Length:
      - '1063'
      Connection:
      - close
      Date:
      - Tue, 22 Apr 2025 09:28:43 GMT
      X-Amzn-Trace-Id:
      - Root=1-6807614b-4ca5ddb7272a54eb73d768da
      X-Amzn-Requestid:
      - 4f75b890-78a6-43de-b860-2f98a12d2bed
      Access-Control-Allow-Origin:
      - https://developers.taxjar.com
      X-Amz-Apigw-Id:
      - Jawj1EwYIAMEvpg=
      X-Cache:
      - Miss from cloudfront
      Via:
      - 1.1 5a2c0e4cbca62bdd9c781d442b0f865e.cloudfront.net (CloudFront)
      X-Amz-Cf-Pop:
      - PNQ50-P4
      X-Amz-Cf-Id:
      - 2FDdQu7cKPaJCWZIH0Cjy2JjfTT57-VTPjYkm8W_P7PYM5wSoQ8jPA==
    body:
      encoding: UTF-8
      string: '{"tax":{"amount_to_collect":0.0,"breakdown":{"city_tax_collectable":0.0,"city_tax_rate":0.0,"city_taxable_amount":0.0,"combined_tax_rate":0.0,"county_tax_collectable":0.0,"county_tax_rate":0.0,"county_taxable_amount":0.0,"line_items":[{"city_amount":0.0,"city_tax_rate":0.0,"city_taxable_amount":0.0,"combined_tax_rate":0.0,"county_amount":0.0,"county_tax_rate":0.0,"county_taxable_amount":0.0,"id":"1","special_district_amount":0.0,"special_district_taxable_amount":0.0,"special_tax_rate":0.0,"state_amount":0.0,"state_sales_tax_rate":0.0,"state_taxable_amount":0.0,"tax_collectable":0.0,"taxable_amount":0.0}],"special_district_tax_collectable":0.0,"special_district_taxable_amount":0.0,"special_tax_rate":0.0,"state_tax_collectable":0.0,"state_tax_rate":0.0,"state_taxable_amount":0.0,"tax_collectable":0.0,"taxable_amount":0.0},"freight_taxable":false,"has_nexus":true,"jurisdictions":{"city":"NEW
        YORK CITY","country":"US","county":"NEW YORK","state":"NY"},"order_total_amount":5.99,"rate":0.0,"shipping":0.0,"tax_source":"destination","taxable_amount":0.0}}'
  recorded_at: Wed, 01 Apr 2020 00:00:00 GMT
- request:
    method: post
    uri: https://api.stripe.com/v1/payment_intents
    body:
      encoding: UTF-8
      string: amount=599&currency=usd&description=You+bought+http%3A%2F%2Fedgarf8fb7a42218.test.gumroad.com%3A31337%2Fl%2Fp%21&metadata[purchase]=ryZiVIsmSe7jSqP0c0nyCw%3D%3D&transfer_group=112&automatic_payment_methods[enabled]=true&automatic_payment_methods[allow_redirects]=never&off_session=true&confirm=true&customer=cus_SAz6YkgLmPWLc5&payment_method=pm_0RGd889e1RjUNIyY5PGDVTAQ&statement_descriptor_suffix=edgarf8fb7a42218
    headers:
      User-Agent:
      - Stripe/v1 RubyBindings/12.5.0
      Authorization:
      - Bearer <STRIPE_API_KEY>
      Content-Type:
      - application/x-www-form-urlencoded
      X-Stripe-Client-Telemetry:
      - '{"last_request_metrics":{"request_id":"req_JxBgGdpBX1nftS","request_duration_ms":810}}'
      Idempotency-Key:
      - ed2a2d21-ff80-4603-9a70-df1448a64aa3
      Stripe-Version:
      - 2023-10-16; risk_in_requirements_beta=v1
      X-Stripe-Client-User-Agent:
      - '{"bindings_version":"12.5.0","lang":"ruby","lang_version":"3.3.4 p94 (2024-07-09)","platform":"x86_64-linux","engine":"ruby","publisher":"stripe","uname":"Linux
        version 6.11.0-21-generic (buildd@lcy02-amd64-097) (x86_64-linux-gnu-gcc-13
        (Ubuntu 13.3.0-6ubuntu2~24.04) 13.3.0, GNU ld (GNU Binutils for Ubuntu) 2.42)
        #21~24.04.1-Ubuntu SMP PREEMPT_DYNAMIC Mon Feb 24 16:52:15 UTC 2","hostname":"hsc-desk"}'
      Accept-Encoding:
      - gzip;q=1.0,deflate;q=0.6,identity;q=0.3
      Accept:
      - "*/*"
  response:
    status:
      code: 200
      message: OK
    headers:
      Server:
      - nginx
      Date:
      - Tue, 22 Apr 2025 09:28:44 GMT
      Content-Type:
      - application/json
      Content-Length:
      - '1892'
      Connection:
      - keep-alive
      Access-Control-Allow-Credentials:
      - 'true'
      Access-Control-Allow-Methods:
      - GET, HEAD, PUT, PATCH, POST, DELETE
      Access-Control-Allow-Origin:
      - "*"
      Access-Control-Expose-Headers:
      - Request-Id, Stripe-Manage-Version, Stripe-Should-Retry, X-Stripe-External-Auth-Required,
        X-Stripe-Privileged-Session-Required
      Access-Control-Max-Age:
      - '300'
      Cache-Control:
      - no-cache, no-store
      Content-Security-Policy:
      - base-uri 'none'; default-src 'none'; form-action 'none'; frame-ancestors 'none';
        img-src 'self'; script-src 'self' 'report-<RPUSH_CONSUMER_FCM_FIREBASE_PROJECT_ID>';
        style-src 'self'; worker-src 'none'; upgrade-insecure-requests; report-uri
        https://q.stripe.com/csp-violation?q=lv5Pp60m-ts2QLtobK9437bUZcW3_Rde8Mv3mH7mSdgpzLoELsvG6uNj7B8rBnkQ1yf9KLWfBao_9oHP
      Idempotency-Key:
      - ed2a2d21-ff80-4603-9a70-df1448a64aa3
      Original-Request:
      - req_qDUrImanzS9yIZ
      Request-Id:
      - req_qDUrImanzS9yIZ
      Stripe-Should-Retry:
      - 'false'
      Stripe-Version:
      - 2023-10-16; risk_in_requirements_beta=v1
      Vary:
      - Origin
      X-Stripe-Priority-Routing-Enabled:
      - 'true'
      X-Stripe-Routing-Context-Priority-Tier:
      - api-testmode
      X-Wc:
      - ABGHI
      Strict-Transport-Security:
      - max-age=63072000; includeSubDomains; preload
    body:
      encoding: UTF-8
      string: |-
        {
          "id": "pi_2RGd8C9e1RjUNIyY1IA6vB5w",
          "object": "payment_intent",
          "amount": 599,
          "amount_capturable": 0,
          "amount_details": {
            "tip": {}
          },
          "amount_received": 599,
          "application": null,
          "application_fee_amount": null,
          "automatic_payment_methods": {
            "allow_redirects": "never",
            "enabled": true
          },
          "canceled_at": null,
          "cancellation_reason": null,
          "capture_method": "automatic",
          "client_secret": "pi_2RGd8C9e1RjUNIyY1IA6vB5w_secret_BDXJN7bDUzjb4hCljFzaCgcs2",
          "confirmation_method": "automatic",
          "created": 1745314124,
          "currency": "usd",
          "customer": "cus_SAz6YkgLmPWLc5",
          "description": "You bought http://edgarf8fb7a42218.test.gumroad.com:31337/l/p!",
          "invoice": null,
          "last_payment_error": null,
          "latest_charge": "ch_2RGd8C9e1RjUNIyY1wxx1pey",
          "livemode": false,
          "metadata": {
            "purchase": "ryZiVIsmSe7jSqP0c0nyCw=="
          },
          "next_action": null,
          "on_behalf_of": null,
          "payment_method": "pm_0RGd889e1RjUNIyY5PGDVTAQ",
          "payment_method_configuration_details": {
            "id": "pmc_0KYMlf9e1RjUNIyYT1l4J38o",
            "parent": null
          },
          "payment_method_options": {
            "alipay": {},
            "amazon_pay": {
              "express_checkout_element_session_id": null
            },
            "card": {
              "installments": null,
              "mandate_options": null,
              "network": null,
              "request_three_d_secure": "automatic"
            },
            "link": {
              "persistent_token": null
            },
            "wechat_pay": {
              "app_id": null,
              "client": null
            }
          },
          "payment_method_types": [
            "card",
            "alipay",
            "link",
            "wechat_pay",
            "amazon_pay"
          ],
          "processing": null,
          "receipt_email": null,
          "review": null,
          "setup_future_usage": null,
          "shipping": null,
          "source": null,
          "statement_descriptor": null,
          "statement_descriptor_suffix": "edgarf8fb7a42218",
          "status": "succeeded",
          "transfer_data": null,
          "transfer_group": "112"
        }
  recorded_at: Wed, 01 Apr 2020 00:00:00 GMT
- request:
    method: get
    uri: https://api.stripe.com/v1/charges/ch_2RGd8C9e1RjUNIyY1wxx1pey?expand%5B%5D=application_fee.balance_transaction&expand%5B%5D=balance_transaction
    body:
      encoding: US-ASCII
      string: ''
    headers:
      User-Agent:
      - Stripe/v1 RubyBindings/12.5.0
      Authorization:
      - Bearer <STRIPE_API_KEY>
      Content-Type:
      - application/x-www-form-urlencoded
      X-Stripe-Client-Telemetry:
      - '{"last_request_metrics":{"request_id":"req_qDUrImanzS9yIZ","request_duration_ms":1401}}'
      Stripe-Version:
      - 2023-10-16; risk_in_requirements_beta=v1
      X-Stripe-Client-User-Agent:
      - '{"bindings_version":"12.5.0","lang":"ruby","lang_version":"3.3.4 p94 (2024-07-09)","platform":"x86_64-linux","engine":"ruby","publisher":"stripe","uname":"Linux
        version 6.11.0-21-generic (buildd@lcy02-amd64-097) (x86_64-linux-gnu-gcc-13
        (Ubuntu 13.3.0-6ubuntu2~24.04) 13.3.0, GNU ld (GNU Binutils for Ubuntu) 2.42)
        #21~24.04.1-Ubuntu SMP PREEMPT_DYNAMIC Mon Feb 24 16:52:15 UTC 2","hostname":"hsc-desk"}'
      Accept-Encoding:
      - gzip;q=1.0,deflate;q=0.6,identity;q=0.3
      Accept:
      - "*/*"
  response:
    status:
      code: 200
      message: OK
    headers:
      Server:
      - nginx
      Date:
      - Tue, 22 Apr 2025 09:28:45 GMT
      Content-Type:
      - application/json
      Content-Length:
      - '3570'
      Connection:
      - keep-alive
      Access-Control-Allow-Credentials:
      - 'true'
      Access-Control-Allow-Methods:
      - GET, HEAD, PUT, PATCH, POST, DELETE
      Access-Control-Allow-Origin:
      - "*"
      Access-Control-Expose-Headers:
      - Request-Id, Stripe-Manage-Version, Stripe-Should-Retry, X-Stripe-External-Auth-Required,
        X-Stripe-Privileged-Session-Required
      Access-Control-Max-Age:
      - '300'
      Cache-Control:
      - no-cache, no-store
      Content-Security-Policy:
      - base-uri 'none'; default-src 'none'; form-action 'none'; frame-ancestors 'none';
        img-src 'self'; script-src 'self' 'report-<RPUSH_CONSUMER_FCM_FIREBASE_PROJECT_ID>';
        style-src 'self'; worker-src 'none'; upgrade-insecure-requests; report-uri
        https://q.stripe.com/csp-violation?q=lv5Pp60m-ts2QLtobK9437bUZcW3_Rde8Mv3mH7mSdgpzLoELsvG6uNj7B8rBnkQ1yf9KLWfBao_9oHP
      Request-Id:
      - req_qybDUMh8l7r1ry
      Stripe-Version:
      - 2023-10-16; risk_in_requirements_beta=v1
      Vary:
      - Origin
      X-Stripe-Priority-Routing-Enabled:
      - 'true'
      X-Stripe-Routing-Context-Priority-Tier:
      - api-testmode
      X-Wc:
      - ABGHI
      Strict-Transport-Security:
      - max-age=63072000; includeSubDomains; preload
    body:
      encoding: UTF-8
      string: |-
        {
          "id": "ch_2RGd8C9e1RjUNIyY1wxx1pey",
          "object": "charge",
          "amount": 599,
          "amount_captured": 599,
          "amount_refunded": 0,
          "amount_updates": [],
          "application": null,
          "application_fee": null,
          "application_fee_amount": null,
          "balance_transaction": {
            "id": "txn_2RGd8C9e1RjUNIyY1nLxxT2y",
            "object": "balance_transaction",
            "amount": 599,
            "available_on": 1745452800,
            "created": 1745314124,
            "currency": "usd",
            "description": "You bought http://edgarf8fb7a42218.test.gumroad.com:31337/l/p!",
            "exchange_rate": null,
            "fee": 0,
            "fee_details": [],
            "net": 599,
            "reporting_category": "charge",
            "source": "ch_2RGd8C9e1RjUNIyY1wxx1pey",
            "status": "pending",
            "type": "charge"
          },
          "billing_details": {
            "address": {
              "city": null,
              "country": null,
              "line1": null,
              "line2": null,
              "postal_code": null,
              "state": null
            },
            "email": null,
            "name": null,
            "phone": null,
            "tax_id": null
          },
          "calculated_statement_descriptor": "GUMROAD* EDGARF8FB7A42",
          "captured": true,
          "created": 1745314124,
          "currency": "usd",
          "customer": "cus_SAz6YkgLmPWLc5",
          "description": "You bought http://edgarf8fb7a42218.test.gumroad.com:31337/l/p!",
          "destination": null,
          "dispute": null,
          "disputed": false,
          "failure_balance_transaction": null,
          "failure_code": null,
          "failure_message": null,
          "fraud_details": {},
          "invoice": null,
          "livemode": false,
          "metadata": {
            "purchase": "ryZiVIsmSe7jSqP0c0nyCw=="
          },
          "on_behalf_of": null,
          "order": null,
          "outcome": {
            "advice_code": null,
            "network_advice_code": null,
            "network_decline_code": null,
            "network_status": "approved_by_network",
            "reason": null,
            "risk_level": "normal",
            "risk_score": 3,
            "seller_message": "Payment complete.",
            "type": "authorized"
          },
          "paid": true,
          "payment_intent": "pi_2RGd8C9e1RjUNIyY1IA6vB5w",
          "payment_method": "pm_0RGd889e1RjUNIyY5PGDVTAQ",
          "payment_method_details": {
            "card": {
              "amount_authorized": 599,
              "authorization_code": null,
              "brand": "visa",
              "checks": {
                "address_line1_check": null,
                "address_postal_code_check": null,
                "cvc_check": "pass"
              },
              "country": "US",
              "exp_month": 12,
              "exp_year": 2025,
              "extended_authorization": {
                "status": "disabled"
              },
              "fingerprint": "W691J2Ye3VDoq6Ij",
              "funding": "credit",
              "incremental_authorization": {
                "status": "unavailable"
              },
              "installments": null,
              "last4": "4242",
              "mandate": null,
              "multicapture": {
                "status": "unavailable"
              },
              "network": "visa",
              "network_token": {
                "used": false
              },
              "network_transaction_id": "875457497450891",
              "overcapture": {
                "maximum_amount_capturable": 599,
                "status": "unavailable"
              },
              "regulated_status": "unregulated",
              "three_d_secure": null,
              "wallet": null
            },
            "type": "card"
          },
          "radar_options": {},
          "receipt_email": null,
          "receipt_number": null,
          "receipt_url": "https://pay.stripe.com/receipts/payment/CAcaIgogOWUxUmpVTkl5WUdwQTlDZmgzUm1ReHhUemIxYWFrcEUozcKdwAYyBo14Q64KEjosFil9J54pXBgOnKMeaoVXmsJ3-_9EqLw_Z4N1WsYKwDh46OwByPWJuKxUH10",
          "refunded": false,
          "review": null,
          "shipping": null,
          "source": null,
          "source_transfer": null,
          "statement_descriptor": null,
          "statement_descriptor_suffix": "edgarf8fb7a42218",
          "status": "succeeded",
          "transfer_data": null,
          "transfer_group": "112"
        }
  recorded_at: Wed, 01 Apr 2020 00:00:00 GMT
- request:
    method: post
    uri: https://api.stripe.com/v1/payment_methods
    body:
      encoding: UTF-8
      string: type=card&card[number]=4000+0035+6000+0123&card[exp_month]=12&card[exp_year]=2025&card[cvc]=123
    headers:
      User-Agent:
      - Stripe/v1 RubyBindings/12.5.0
      Authorization:
      - Bearer <STRIPE_API_KEY>
      Content-Type:
      - application/x-www-form-urlencoded
      X-Stripe-Client-Telemetry:
      - '{"last_request_metrics":{"request_id":"req_qybDUMh8l7r1ry","request_duration_ms":828}}'
      Idempotency-Key:
      - e6877c53-830b-4c40-983b-3618c80a9c87
      Stripe-Version:
      - 2023-10-16; risk_in_requirements_beta=v1
      X-Stripe-Client-User-Agent:
      - '{"bindings_version":"12.5.0","lang":"ruby","lang_version":"3.3.4 p94 (2024-07-09)","platform":"x86_64-linux","engine":"ruby","publisher":"stripe","uname":"Linux
        version 6.11.0-21-generic (buildd@lcy02-amd64-097) (x86_64-linux-gnu-gcc-13
        (Ubuntu 13.3.0-6ubuntu2~24.04) 13.3.0, GNU ld (GNU Binutils for Ubuntu) 2.42)
        #21~24.04.1-Ubuntu SMP PREEMPT_DYNAMIC Mon Feb 24 16:52:15 UTC 2","hostname":"hsc-desk"}'
      Accept-Encoding:
      - gzip;q=1.0,deflate;q=0.6,identity;q=0.3
      Accept:
      - "*/*"
  response:
    status:
      code: 200
      message: OK
    headers:
      Server:
      - nginx
      Date:
      - Tue, 22 Apr 2025 09:28:46 GMT
      Content-Type:
      - application/json
      Content-Length:
      - '1055'
      Connection:
      - keep-alive
      Access-Control-Allow-Credentials:
      - 'true'
      Access-Control-Allow-Methods:
      - GET, HEAD, PUT, PATCH, POST, DELETE
      Access-Control-Allow-Origin:
      - "*"
      Access-Control-Expose-Headers:
      - Request-Id, Stripe-Manage-Version, Stripe-Should-Retry, X-Stripe-External-Auth-Required,
        X-Stripe-Privileged-Session-Required
      Access-Control-Max-Age:
      - '300'
      Cache-Control:
      - no-cache, no-store
      Content-Security-Policy:
      - base-uri 'none'; default-src 'none'; form-action 'none'; frame-ancestors 'none';
        img-src 'self'; script-src 'self' 'report-<RPUSH_CONSUMER_FCM_FIREBASE_PROJECT_ID>';
        style-src 'self'; worker-src 'none'; upgrade-insecure-requests; report-uri
        https://q.stripe.com/csp-violation?q=lv5Pp60m-ts2QLtobK9437bUZcW3_Rde8Mv3mH7mSdgpzLoELsvG6uNj7B8rBnkQ1yf9KLWfBao_9oHP
      Idempotency-Key:
      - e6877c53-830b-4c40-983b-3618c80a9c87
      Original-Request:
      - req_fKV1jfk8DIMOZ4
      Request-Id:
      - req_fKV1jfk8DIMOZ4
      Stripe-Should-Retry:
      - 'false'
      Stripe-Version:
      - 2023-10-16; risk_in_requirements_beta=v1
      Vary:
      - Origin
      X-Stripe-Priority-Routing-Enabled:
      - 'true'
      X-Stripe-Routing-Context-Priority-Tier:
      - api-testmode
      X-Wc:
      - ABGHI
      Strict-Transport-Security:
      - max-age=63072000; includeSubDomains; preload
    body:
      encoding: UTF-8
      string: |-
        {
          "id": "pm_0RGd8E9e1RjUNIyYiB20reMu",
          "object": "payment_method",
          "allow_redisplay": "unspecified",
          "billing_details": {
            "address": {
              "city": null,
              "country": null,
              "line1": null,
              "line2": null,
              "postal_code": null,
              "state": null
            },
            "email": null,
            "name": null,
            "phone": null,
            "tax_id": null
          },
          "card": {
            "brand": "visa",
            "checks": {
              "address_line1_check": null,
              "address_postal_code_check": null,
              "cvc_check": "unchecked"
            },
            "country": "IN",
            "display_brand": "visa",
            "exp_month": 12,
            "exp_year": 2025,
            "fingerprint": "Jc8MwNDiNvhPqNky",
            "funding": "credit",
            "generated_from": null,
            "last4": "0123",
            "networks": {
              "available": [
                "visa"
              ],
              "preferred": null
            },
            "regulated_status": "unregulated",
            "three_d_secure_usage": {
              "supported": true
            },
            "wallet": null
          },
          "created": 1745314126,
          "customer": null,
          "livemode": false,
          "metadata": {},
          "type": "card"
        }
  recorded_at: Tue, 22 Apr 2025 09:28:46 GMT
- request:
    method: get
    uri: https://api.stripe.com/v1/payment_methods/pm_0RGd8E9e1RjUNIyYiB20reMu
    body:
      encoding: US-ASCII
      string: ''
    headers:
      User-Agent:
      - Stripe/v1 RubyBindings/12.5.0
      Authorization:
      - Bearer <STRIPE_API_KEY>
      Content-Type:
      - application/x-www-form-urlencoded
      X-Stripe-Client-Telemetry:
      - '{"last_request_metrics":{"request_id":"req_fKV1jfk8DIMOZ4","request_duration_ms":480}}'
      Stripe-Version:
      - 2023-10-16; risk_in_requirements_beta=v1
      X-Stripe-Client-User-Agent:
      - '{"bindings_version":"12.5.0","lang":"ruby","lang_version":"3.3.4 p94 (2024-07-09)","platform":"x86_64-linux","engine":"ruby","publisher":"stripe","uname":"Linux
        version 6.11.0-21-generic (buildd@lcy02-amd64-097) (x86_64-linux-gnu-gcc-13
        (Ubuntu 13.3.0-6ubuntu2~24.04) 13.3.0, GNU ld (GNU Binutils for Ubuntu) 2.42)
        #21~24.04.1-Ubuntu SMP PREEMPT_DYNAMIC Mon Feb 24 16:52:15 UTC 2","hostname":"hsc-desk"}'
      Accept-Encoding:
      - gzip;q=1.0,deflate;q=0.6,identity;q=0.3
      Accept:
      - "*/*"
  response:
    status:
      code: 200
      message: OK
    headers:
      Server:
      - nginx
      Date:
      - Tue, 22 Apr 2025 09:28:46 GMT
      Content-Type:
      - application/json
      Content-Length:
      - '1055'
      Connection:
      - keep-alive
      Access-Control-Allow-Credentials:
      - 'true'
      Access-Control-Allow-Methods:
      - GET, HEAD, PUT, PATCH, POST, DELETE
      Access-Control-Allow-Origin:
      - "*"
      Access-Control-Expose-Headers:
      - Request-Id, Stripe-Manage-Version, Stripe-Should-Retry, X-Stripe-External-Auth-Required,
        X-Stripe-Privileged-Session-Required
      Access-Control-Max-Age:
      - '300'
      Cache-Control:
      - no-cache, no-store
      Content-Security-Policy:
      - base-uri 'none'; default-src 'none'; form-action 'none'; frame-ancestors 'none';
        img-src 'self'; script-src 'self' 'report-<RPUSH_CONSUMER_FCM_FIREBASE_PROJECT_ID>';
        style-src 'self'; worker-src 'none'; upgrade-insecure-requests; report-uri
        https://q.stripe.com/csp-violation?q=lv5Pp60m-ts2QLtobK9437bUZcW3_Rde8Mv3mH7mSdgpzLoELsvG6uNj7B8rBnkQ1yf9KLWfBao_9oHP
      Request-Id:
      - req_k2Buwqinfb7w4m
      Stripe-Version:
      - 2023-10-16; risk_in_requirements_beta=v1
      Vary:
      - Origin
      X-Stripe-Priority-Routing-Enabled:
      - 'true'
      X-Stripe-Routing-Context-Priority-Tier:
      - api-testmode
      X-Wc:
      - ABGHI
      Strict-Transport-Security:
      - max-age=63072000; includeSubDomains; preload
    body:
      encoding: UTF-8
      string: |-
        {
          "id": "pm_0RGd8E9e1RjUNIyYiB20reMu",
          "object": "payment_method",
          "allow_redisplay": "unspecified",
          "billing_details": {
            "address": {
              "city": null,
              "country": null,
              "line1": null,
              "line2": null,
              "postal_code": null,
              "state": null
            },
            "email": null,
            "name": null,
            "phone": null,
            "tax_id": null
          },
          "card": {
            "brand": "visa",
            "checks": {
              "address_line1_check": null,
              "address_postal_code_check": null,
              "cvc_check": "unchecked"
            },
            "country": "IN",
            "display_brand": "visa",
            "exp_month": 12,
            "exp_year": 2025,
            "fingerprint": "Jc8MwNDiNvhPqNky",
            "funding": "credit",
            "generated_from": null,
            "last4": "0123",
            "networks": {
              "available": [
                "visa"
              ],
              "preferred": null
            },
            "regulated_status": "unregulated",
            "three_d_secure_usage": {
              "supported": true
            },
            "wallet": null
          },
          "created": 1745314126,
          "customer": null,
          "livemode": false,
          "metadata": {},
          "type": "card"
        }
  recorded_at: Tue, 22 Apr 2025 09:28:46 GMT
- request:
    method: post
    uri: https://api.stripe.com/v1/customers
    body:
      encoding: UTF-8
      string: description=264&email=edgar4d28dbf1_524%40gumroad.com&payment_method=pm_0RGd8E9e1RjUNIyYiB20reMu
    headers:
      User-Agent:
      - Stripe/v1 RubyBindings/12.5.0
      Authorization:
      - Bearer <STRIPE_API_KEY>
      Content-Type:
      - application/x-www-form-urlencoded
      X-Stripe-Client-Telemetry:
      - '{"last_request_metrics":{"request_id":"req_k2Buwqinfb7w4m","request_duration_ms":314}}'
      Idempotency-Key:
      - 88c77bff-4d9b-47fb-8beb-990d9c3a16c7
      Stripe-Version:
      - 2023-10-16; risk_in_requirements_beta=v1
      X-Stripe-Client-User-Agent:
      - '{"bindings_version":"12.5.0","lang":"ruby","lang_version":"3.3.4 p94 (2024-07-09)","platform":"x86_64-linux","engine":"ruby","publisher":"stripe","uname":"Linux
        version 6.11.0-21-generic (buildd@lcy02-amd64-097) (x86_64-linux-gnu-gcc-13
        (Ubuntu 13.3.0-6ubuntu2~24.04) 13.3.0, GNU ld (GNU Binutils for Ubuntu) 2.42)
        #21~24.04.1-Ubuntu SMP PREEMPT_DYNAMIC Mon Feb 24 16:52:15 UTC 2","hostname":"hsc-desk"}'
      Accept-Encoding:
      - gzip;q=1.0,deflate;q=0.6,identity;q=0.3
      Accept:
      - "*/*"
  response:
    status:
      code: 200
      message: OK
    headers:
      Server:
      - nginx
      Date:
      - Tue, 22 Apr 2025 09:28:47 GMT
      Content-Type:
      - application/json
      Content-Length:
      - '642'
      Connection:
      - keep-alive
      Access-Control-Allow-Credentials:
      - 'true'
      Access-Control-Allow-Methods:
      - GET, HEAD, PUT, PATCH, POST, DELETE
      Access-Control-Allow-Origin:
      - "*"
      Access-Control-Expose-Headers:
      - Request-Id, Stripe-Manage-Version, Stripe-Should-Retry, X-Stripe-External-Auth-Required,
        X-Stripe-Privileged-Session-Required
      Access-Control-Max-Age:
      - '300'
      Cache-Control:
      - no-cache, no-store
      Content-Security-Policy:
      - base-uri 'none'; default-src 'none'; form-action 'none'; frame-ancestors 'none';
        img-src 'self'; script-src 'self' 'report-<RPUSH_CONSUMER_FCM_FIREBASE_PROJECT_ID>';
        style-src 'self'; worker-src 'none'; upgrade-insecure-requests; report-uri
        https://q.stripe.com/csp-violation?q=lv5Pp60m-ts2QLtobK9437bUZcW3_Rde8Mv3mH7mSdgpzLoELsvG6uNj7B8rBnkQ1yf9KLWfBao_9oHP
      Idempotency-Key:
      - 88c77bff-4d9b-47fb-8beb-990d9c3a16c7
      Original-Request:
      - req_YWTexVXgQFpU0I
      Request-Id:
      - req_YWTexVXgQFpU0I
      Stripe-Should-Retry:
      - 'false'
      Stripe-Version:
      - 2023-10-16; risk_in_requirements_beta=v1
      Vary:
      - Origin
      X-Stripe-Priority-Routing-Enabled:
      - 'true'
      X-Stripe-Routing-Context-Priority-Tier:
      - api-testmode
      X-Wc:
      - ABGHI
      Strict-Transport-Security:
      - max-age=63072000; includeSubDomains; preload
    body:
      encoding: UTF-8
      string: |-
        {
          "id": "cus_SAz6V4G58gJquK",
          "object": "customer",
          "address": null,
          "balance": 0,
          "created": 1745314126,
          "currency": null,
          "default_source": null,
          "delinquent": false,
          "description": "264",
          "discount": null,
          "email": "edgar4d28dbf1_524@gumroad.com",
          "invoice_prefix": "DD68F46D",
          "invoice_settings": {
            "custom_fields": null,
            "default_payment_method": null,
            "footer": null,
            "rendering_options": null
          },
          "livemode": false,
          "metadata": {},
          "name": null,
          "next_invoice_sequence": 1,
          "phone": null,
          "preferred_locales": [],
          "shipping": null,
          "tax_exempt": "none",
          "test_clock": null
        }
  recorded_at: Tue, 22 Apr 2025 09:28:47 GMT
- request:
    method: post
    uri: https://api.stripe.com/v1/payment_methods
    body:
      encoding: UTF-8
      string: type=card&card[number]=4000+0035+6000+0123&card[exp_month]=12&card[exp_year]=2025&card[cvc]=123
    headers:
      User-Agent:
      - Stripe/v1 RubyBindings/12.5.0
      Authorization:
      - Bearer <STRIPE_API_KEY>
      Content-Type:
      - application/x-www-form-urlencoded
      X-Stripe-Client-Telemetry:
      - '{"last_request_metrics":{"request_id":"req_YWTexVXgQFpU0I","request_duration_ms":910}}'
      Idempotency-Key:
      - 506cb469-0a7b-4fcf-bec6-9996313d79a2
      Stripe-Version:
      - 2023-10-16; risk_in_requirements_beta=v1
      X-Stripe-Client-User-Agent:
      - '{"bindings_version":"12.5.0","lang":"ruby","lang_version":"3.3.4 p94 (2024-07-09)","platform":"x86_64-linux","engine":"ruby","publisher":"stripe","uname":"Linux
        version 6.11.0-21-generic (buildd@lcy02-amd64-097) (x86_64-linux-gnu-gcc-13
        (Ubuntu 13.3.0-6ubuntu2~24.04) 13.3.0, GNU ld (GNU Binutils for Ubuntu) 2.42)
        #21~24.04.1-Ubuntu SMP PREEMPT_DYNAMIC Mon Feb 24 16:52:15 UTC 2","hostname":"hsc-desk"}'
      Accept-Encoding:
      - gzip;q=1.0,deflate;q=0.6,identity;q=0.3
      Accept:
      - "*/*"
  response:
    status:
      code: 200
      message: OK
    headers:
      Server:
      - nginx
      Date:
      - Tue, 22 Apr 2025 09:28:47 GMT
      Content-Type:
      - application/json
      Content-Length:
      - '1055'
      Connection:
      - keep-alive
      Access-Control-Allow-Credentials:
      - 'true'
      Access-Control-Allow-Methods:
      - GET, HEAD, PUT, PATCH, POST, DELETE
      Access-Control-Allow-Origin:
      - "*"
      Access-Control-Expose-Headers:
      - Request-Id, Stripe-Manage-Version, Stripe-Should-Retry, X-Stripe-External-Auth-Required,
        X-Stripe-Privileged-Session-Required
      Access-Control-Max-Age:
      - '300'
      Cache-Control:
      - no-cache, no-store
      Content-Security-Policy:
      - base-uri 'none'; default-src 'none'; form-action 'none'; frame-ancestors 'none';
        img-src 'self'; script-src 'self' 'report-<RPUSH_CONSUMER_FCM_FIREBASE_PROJECT_ID>';
        style-src 'self'; worker-src 'none'; upgrade-insecure-requests; report-uri
        https://q.stripe.com/csp-violation?q=lv5Pp60m-ts2QLtobK9437bUZcW3_Rde8Mv3mH7mSdgpzLoELsvG6uNj7B8rBnkQ1yf9KLWfBao_9oHP
      Idempotency-Key:
      - 506cb469-0a7b-4fcf-bec6-9996313d79a2
      Original-Request:
      - req_elS2REYZi28dJJ
      Request-Id:
      - req_elS2REYZi28dJJ
      Stripe-Should-Retry:
      - 'false'
      Stripe-Version:
      - 2023-10-16; risk_in_requirements_beta=v1
      Vary:
      - Origin
      X-Stripe-Priority-Routing-Enabled:
      - 'true'
      X-Stripe-Routing-Context-Priority-Tier:
      - api-testmode
      X-Wc:
      - ABGHI
      Strict-Transport-Security:
      - max-age=63072000; includeSubDomains; preload
    body:
      encoding: UTF-8
      string: |-
        {
          "id": "pm_0RGd8F9e1RjUNIyYTRQKBHwH",
          "object": "payment_method",
          "allow_redisplay": "unspecified",
          "billing_details": {
            "address": {
              "city": null,
              "country": null,
              "line1": null,
              "line2": null,
              "postal_code": null,
              "state": null
            },
            "email": null,
            "name": null,
            "phone": null,
            "tax_id": null
          },
          "card": {
            "brand": "visa",
            "checks": {
              "address_line1_check": null,
              "address_postal_code_check": null,
              "cvc_check": "unchecked"
            },
            "country": "IN",
            "display_brand": "visa",
            "exp_month": 12,
            "exp_year": 2025,
            "fingerprint": "Jc8MwNDiNvhPqNky",
            "funding": "credit",
            "generated_from": null,
            "last4": "0123",
            "networks": {
              "available": [
                "visa"
              ],
              "preferred": null
            },
            "regulated_status": "unregulated",
            "three_d_secure_usage": {
              "supported": true
            },
            "wallet": null
          },
          "created": 1745314127,
          "customer": null,
          "livemode": false,
          "metadata": {},
          "type": "card"
        }
  recorded_at: Sat, 01 Aug 2020 00:00:00 GMT
- request:
    method: post
    uri: https://api.stripe.com/v1/customers
    body:
      encoding: UTF-8
      string: payment_method=pm_0RGd8F9e1RjUNIyYTRQKBHwH
    headers:
      User-Agent:
      - Stripe/v1 RubyBindings/12.5.0
      Authorization:
      - Bearer <STRIPE_API_KEY>
      Content-Type:
      - application/x-www-form-urlencoded
      X-Stripe-Client-Telemetry:
      - '{"last_request_metrics":{"request_id":"req_elS2REYZi28dJJ","request_duration_ms":393}}'
      Idempotency-Key:
      - 04cbe14d-a0c5-4b30-a8ef-7447a87568fa
      Stripe-Version:
      - 2023-10-16; risk_in_requirements_beta=v1
      X-Stripe-Client-User-Agent:
      - '{"bindings_version":"12.5.0","lang":"ruby","lang_version":"3.3.4 p94 (2024-07-09)","platform":"x86_64-linux","engine":"ruby","publisher":"stripe","uname":"Linux
        version 6.11.0-21-generic (buildd@lcy02-amd64-097) (x86_64-linux-gnu-gcc-13
        (Ubuntu 13.3.0-6ubuntu2~24.04) 13.3.0, GNU ld (GNU Binutils for Ubuntu) 2.42)
        #21~24.04.1-Ubuntu SMP PREEMPT_DYNAMIC Mon Feb 24 16:52:15 UTC 2","hostname":"hsc-desk"}'
      Accept-Encoding:
      - gzip;q=1.0,deflate;q=0.6,identity;q=0.3
      Accept:
      - "*/*"
  response:
    status:
      code: 200
      message: OK
    headers:
      Server:
      - nginx
      Date:
      - Tue, 22 Apr 2025 09:28:48 GMT
      Content-Type:
      - application/json
      Content-Length:
      - '614'
      Connection:
      - keep-alive
      Access-Control-Allow-Credentials:
      - 'true'
      Access-Control-Allow-Methods:
      - GET, HEAD, PUT, PATCH, POST, DELETE
      Access-Control-Allow-Origin:
      - "*"
      Access-Control-Expose-Headers:
      - Request-Id, Stripe-Manage-Version, Stripe-Should-Retry, X-Stripe-External-Auth-Required,
        X-Stripe-Privileged-Session-Required
      Access-Control-Max-Age:
      - '300'
      Cache-Control:
      - no-cache, no-store
      Content-Security-Policy:
      - base-uri 'none'; default-src 'none'; form-action 'none'; frame-ancestors 'none';
        img-src 'self'; script-src 'self' 'report-<RPUSH_CONSUMER_FCM_FIREBASE_PROJECT_ID>';
        style-src 'self'; worker-src 'none'; upgrade-insecure-requests; report-uri
        https://q.stripe.com/csp-violation?q=lv5Pp60m-ts2QLtobK9437bUZcW3_Rde8Mv3mH7mSdgpzLoELsvG6uNj7B8rBnkQ1yf9KLWfBao_9oHP
      Idempotency-Key:
      - 04cbe14d-a0c5-4b30-a8ef-7447a87568fa
      Original-Request:
      - req_fpc63Jcy76zduV
      Request-Id:
      - req_fpc63Jcy76zduV
      Stripe-Should-Retry:
      - 'false'
      Stripe-Version:
      - 2023-10-16; risk_in_requirements_beta=v1
      Vary:
      - Origin
      X-Stripe-Priority-Routing-Enabled:
      - 'true'
      X-Stripe-Routing-Context-Priority-Tier:
      - api-testmode
      X-Wc:
      - ABGHI
      Strict-Transport-Security:
      - max-age=63072000; includeSubDomains; preload
    body:
      encoding: UTF-8
      string: |-
        {
          "id": "cus_SAz6pR6bNiwxXX",
          "object": "customer",
          "address": null,
          "balance": 0,
          "created": 1745314128,
          "currency": null,
          "default_source": null,
          "delinquent": false,
          "description": null,
          "discount": null,
          "email": null,
          "invoice_prefix": "3A208C06",
          "invoice_settings": {
            "custom_fields": null,
            "default_payment_method": null,
            "footer": null,
            "rendering_options": null
          },
          "livemode": false,
          "metadata": {},
          "name": null,
          "next_invoice_sequence": 1,
          "phone": null,
          "preferred_locales": [],
          "shipping": null,
          "tax_exempt": "none",
          "test_clock": null
        }
  recorded_at: Sat, 01 Aug 2020 00:00:00 GMT
- request:
    method: post
    uri: https://api.stripe.com/v1/setup_intents
    body:
      encoding: UTF-8
      string: payment_method=pm_0RGd8F9e1RjUNIyYTRQKBHwH&customer=cus_SAz6pR6bNiwxXX&payment_method_types[0]=card&confirm=true&usage=off_session
    headers:
      User-Agent:
      - Stripe/v1 RubyBindings/12.5.0
      Authorization:
      - Bearer <STRIPE_API_KEY>
      Content-Type:
      - application/x-www-form-urlencoded
      X-Stripe-Client-Telemetry:
      - '{"last_request_metrics":{"request_id":"req_fpc63Jcy76zduV","request_duration_ms":828}}'
      Idempotency-Key:
      - 4942e3dc-e56a-4f72-8a8d-9f658e88896f
      Stripe-Version:
      - 2023-10-16; risk_in_requirements_beta=v1
      X-Stripe-Client-User-Agent:
      - '{"bindings_version":"12.5.0","lang":"ruby","lang_version":"3.3.4 p94 (2024-07-09)","platform":"x86_64-linux","engine":"ruby","publisher":"stripe","uname":"Linux
        version 6.11.0-21-generic (buildd@lcy02-amd64-097) (x86_64-linux-gnu-gcc-13
        (Ubuntu 13.3.0-6ubuntu2~24.04) 13.3.0, GNU ld (GNU Binutils for Ubuntu) 2.42)
        #21~24.04.1-Ubuntu SMP PREEMPT_DYNAMIC Mon Feb 24 16:52:15 UTC 2","hostname":"hsc-desk"}'
      Accept-Encoding:
      - gzip;q=1.0,deflate;q=0.6,identity;q=0.3
      Accept:
      - "*/*"
  response:
    status:
      code: 200
      message: OK
    headers:
      Server:
      - nginx
      Date:
      - Tue, 22 Apr 2025 09:28:49 GMT
      Content-Type:
      - application/json
      Content-Length:
      - '929'
      Connection:
      - keep-alive
      Access-Control-Allow-Credentials:
      - 'true'
      Access-Control-Allow-Methods:
      - GET, HEAD, PUT, PATCH, POST, DELETE
      Access-Control-Allow-Origin:
      - "*"
      Access-Control-Expose-Headers:
      - Request-Id, Stripe-Manage-Version, Stripe-Should-Retry, X-Stripe-External-Auth-Required,
        X-Stripe-Privileged-Session-Required
      Access-Control-Max-Age:
      - '300'
      Cache-Control:
      - no-cache, no-store
      Content-Security-Policy:
      - base-uri 'none'; default-src 'none'; form-action 'none'; frame-ancestors 'none';
        img-src 'self'; script-src 'self' 'report-<RPUSH_CONSUMER_FCM_FIREBASE_PROJECT_ID>';
        style-src 'self'; worker-src 'none'; upgrade-insecure-requests; report-uri
        https://q.stripe.com/csp-violation?q=lv5Pp60m-ts2QLtobK9437bUZcW3_Rde8Mv3mH7mSdgpzLoELsvG6uNj7B8rBnkQ1yf9KLWfBao_9oHP
      Idempotency-Key:
      - 4942e3dc-e56a-4f72-8a8d-9f658e88896f
      Original-Request:
      - req_sqWVYHwzhwEIIW
      Request-Id:
      - req_sqWVYHwzhwEIIW
      Stripe-Should-Retry:
      - 'false'
      Stripe-Version:
      - 2023-10-16; risk_in_requirements_beta=v1
      Vary:
      - Origin
      X-Stripe-Priority-Routing-Enabled:
      - 'true'
      X-Stripe-Routing-Context-Priority-Tier:
      - api-testmode
      X-Wc:
      - ABGHI
      Strict-Transport-Security:
      - max-age=63072000; includeSubDomains; preload
    body:
      encoding: UTF-8
      string: |-
        {
          "id": "seti_0RGd8G9e1RjUNIyYxGdIaFVl",
          "object": "setup_intent",
          "application": null,
          "automatic_payment_methods": null,
          "cancellation_reason": null,
          "client_secret": "seti_0RGd8G9e1RjUNIyYxGdIaFVl_secret_SAz6CAIG7c778DL19SPMxIdZ2TY7AES",
          "created": 1745314128,
          "customer": "cus_SAz6pR6bNiwxXX",
          "description": null,
          "flow_directions": null,
          "last_setup_error": null,
          "latest_attempt": "setatt_0RGd8G9e1RjUNIyY7iffAqL7",
          "livemode": false,
          "mandate": null,
          "metadata": {},
          "next_action": null,
          "on_behalf_of": null,
          "payment_method": "pm_0RGd8F9e1RjUNIyYTRQKBHwH",
          "payment_method_configuration_details": null,
          "payment_method_options": {
            "card": {
              "mandate_options": null,
              "network": null,
              "request_three_d_secure": "automatic"
            }
          },
          "payment_method_types": [
            "card"
          ],
          "single_use_mandate": null,
          "status": "succeeded",
          "usage": "off_session"
        }
  recorded_at: Sat, 01 Aug 2020 00:00:00 GMT
- request:
    method: get
    uri: https://api.stripe.com/v1/payment_methods/pm_0RGd8F9e1RjUNIyYTRQKBHwH
    body:
      encoding: US-ASCII
      string: ''
    headers:
      User-Agent:
      - Stripe/v1 RubyBindings/12.5.0
      Authorization:
      - Bearer <STRIPE_API_KEY>
      Content-Type:
      - application/x-www-form-urlencoded
      X-Stripe-Client-Telemetry:
      - '{"last_request_metrics":{"request_id":"req_sqWVYHwzhwEIIW","request_duration_ms":838}}'
      Stripe-Version:
      - 2023-10-16; risk_in_requirements_beta=v1
      X-Stripe-Client-User-Agent:
      - '{"bindings_version":"12.5.0","lang":"ruby","lang_version":"3.3.4 p94 (2024-07-09)","platform":"x86_64-linux","engine":"ruby","publisher":"stripe","uname":"Linux
        version 6.11.0-21-generic (buildd@lcy02-amd64-097) (x86_64-linux-gnu-gcc-13
        (Ubuntu 13.3.0-6ubuntu2~24.04) 13.3.0, GNU ld (GNU Binutils for Ubuntu) 2.42)
        #21~24.04.1-Ubuntu SMP PREEMPT_DYNAMIC Mon Feb 24 16:52:15 UTC 2","hostname":"hsc-desk"}'
      Accept-Encoding:
      - gzip;q=1.0,deflate;q=0.6,identity;q=0.3
      Accept:
      - "*/*"
  response:
    status:
      code: 200
      message: OK
    headers:
      Server:
      - nginx
      Date:
      - Tue, 22 Apr 2025 09:28:49 GMT
      Content-Type:
      - application/json
      Content-Length:
      - '1066'
      Connection:
      - keep-alive
      Access-Control-Allow-Credentials:
      - 'true'
      Access-Control-Allow-Methods:
      - GET, HEAD, PUT, PATCH, POST, DELETE
      Access-Control-Allow-Origin:
      - "*"
      Access-Control-Expose-Headers:
      - Request-Id, Stripe-Manage-Version, Stripe-Should-Retry, X-Stripe-External-Auth-Required,
        X-Stripe-Privileged-Session-Required
      Access-Control-Max-Age:
      - '300'
      Cache-Control:
      - no-cache, no-store
      Content-Security-Policy:
      - base-uri 'none'; default-src 'none'; form-action 'none'; frame-ancestors 'none';
        img-src 'self'; script-src 'self' 'report-<RPUSH_CONSUMER_FCM_FIREBASE_PROJECT_ID>';
        style-src 'self'; worker-src 'none'; upgrade-insecure-requests; report-uri
        https://q.stripe.com/csp-violation?q=lv5Pp60m-ts2QLtobK9437bUZcW3_Rde8Mv3mH7mSdgpzLoELsvG6uNj7B8rBnkQ1yf9KLWfBao_9oHP
      Request-Id:
      - req_XzBHzdjbkMPuaI
      Stripe-Version:
      - 2023-10-16; risk_in_requirements_beta=v1
      Vary:
      - Origin
      X-Stripe-Priority-Routing-Enabled:
      - 'true'
      X-Stripe-Routing-Context-Priority-Tier:
      - api-testmode
      X-Wc:
      - ABGHI
      Strict-Transport-Security:
      - max-age=63072000; includeSubDomains; preload
    body:
      encoding: UTF-8
      string: |-
        {
          "id": "pm_0RGd8F9e1RjUNIyYTRQKBHwH",
          "object": "payment_method",
          "allow_redisplay": "unspecified",
          "billing_details": {
            "address": {
              "city": null,
              "country": null,
              "line1": null,
              "line2": null,
              "postal_code": null,
              "state": null
            },
            "email": null,
            "name": null,
            "phone": null,
            "tax_id": null
          },
          "card": {
            "brand": "visa",
            "checks": {
              "address_line1_check": null,
              "address_postal_code_check": null,
              "cvc_check": "pass"
            },
            "country": "IN",
            "display_brand": "visa",
            "exp_month": 12,
            "exp_year": 2025,
            "fingerprint": "Jc8MwNDiNvhPqNky",
            "funding": "credit",
            "generated_from": null,
            "last4": "0123",
            "networks": {
              "available": [
                "visa"
              ],
              "preferred": null
            },
            "regulated_status": "unregulated",
            "three_d_secure_usage": {
              "supported": true
            },
            "wallet": null
          },
          "created": 1745314127,
          "customer": "cus_SAz6pR6bNiwxXX",
          "livemode": false,
          "metadata": {},
          "type": "card"
        }
  recorded_at: Sat, 01 Aug 2020 00:00:00 GMT
- request:
    method: post
    uri: https://api.stripe.com/v1/payment_intents
    body:
      encoding: UTF-8
      string: amount=599&currency=usd&description=You+bought+http%3A%2F%2Fedgarf8fb7a42218.test.gumroad.com%3A31337%2Fl%2Fp%21&metadata[purchase]=k1CaMhM99qLw_HpSsVMtXQ%3D%3D&transfer_group=113&automatic_payment_methods[enabled]=true&automatic_payment_methods[allow_redirects]=never&off_session=false&setup_future_usage=off_session&payment_method_options[card][mandate_options][reference]=Mandate-c8e12aed88573f580ba3591db5520a55&payment_method_options[card][mandate_options][amount_type]=maximum&payment_method_options[card][mandate_options][amount]=599&payment_method_options[card][mandate_options][start_date]=1596240000&payment_method_options[card][mandate_options][interval]=sporadic&payment_method_options[card][mandate_options][interval_count]=1&payment_method_options[card][mandate_options][supported_types][0]=india&payment_method_options[card][request_three_d_secure]=any&customer=cus_SAz6pR6bNiwxXX&payment_method=pm_0RGd8F9e1RjUNIyYTRQKBHwH&statement_descriptor_suffix=edgarf8fb7a42218
    headers:
      User-Agent:
      - Stripe/v1 RubyBindings/12.5.0
      Authorization:
      - Bearer <STRIPE_API_KEY>
      Content-Type:
      - application/x-www-form-urlencoded
      X-Stripe-Client-Telemetry:
      - '{"last_request_metrics":{"request_id":"req_XzBHzdjbkMPuaI","request_duration_ms":313}}'
      Idempotency-Key:
      - 91dd90e5-9d2e-4217-a401-734102061d22
      Stripe-Version:
      - 2023-10-16; risk_in_requirements_beta=v1
      X-Stripe-Client-User-Agent:
      - '{"bindings_version":"12.5.0","lang":"ruby","lang_version":"3.3.4 p94 (2024-07-09)","platform":"x86_64-linux","engine":"ruby","publisher":"stripe","uname":"Linux
        version 6.11.0-21-generic (buildd@lcy02-amd64-097) (x86_64-linux-gnu-gcc-13
        (Ubuntu 13.3.0-6ubuntu2~24.04) 13.3.0, GNU ld (GNU Binutils for Ubuntu) 2.42)
        #21~24.04.1-Ubuntu SMP PREEMPT_DYNAMIC Mon Feb 24 16:52:15 UTC 2","hostname":"hsc-desk"}'
      Accept-Encoding:
      - gzip;q=1.0,deflate;q=0.6,identity;q=0.3
      Accept:
      - "*/*"
  response:
    status:
      code: 200
      message: OK
    headers:
      Server:
      - nginx
      Date:
      - Tue, 22 Apr 2025 09:28:50 GMT
      Content-Type:
      - application/json
      Content-Length:
      - '2094'
      Connection:
      - keep-alive
      Access-Control-Allow-Credentials:
      - 'true'
      Access-Control-Allow-Methods:
      - GET, HEAD, PUT, PATCH, POST, DELETE
      Access-Control-Allow-Origin:
      - "*"
      Access-Control-Expose-Headers:
      - Request-Id, Stripe-Manage-Version, Stripe-Should-Retry, X-Stripe-External-Auth-Required,
        X-Stripe-Privileged-Session-Required
      Access-Control-Max-Age:
      - '300'
      Cache-Control:
      - no-cache, no-store
      Content-Security-Policy:
      - base-uri 'none'; default-src 'none'; form-action 'none'; frame-ancestors 'none';
        img-src 'self'; script-src 'self' 'report-<RPUSH_CONSUMER_FCM_FIREBASE_PROJECT_ID>';
        style-src 'self'; worker-src 'none'; upgrade-insecure-requests; report-uri
        https://q.stripe.com/csp-violation?q=lv5Pp60m-ts2QLtobK9437bUZcW3_Rde8Mv3mH7mSdgpzLoELsvG6uNj7B8rBnkQ1yf9KLWfBao_9oHP
      Idempotency-Key:
      - 91dd90e5-9d2e-4217-a401-734102061d22
      Original-Request:
      - req_DK7CKrgbuwy303
      Request-Id:
      - req_DK7CKrgbuwy303
      Stripe-Should-Retry:
      - 'false'
      Stripe-Version:
      - 2023-10-16; risk_in_requirements_beta=v1
      Vary:
      - Origin
      X-Stripe-Priority-Routing-Enabled:
      - 'true'
      X-Stripe-Routing-Context-Priority-Tier:
      - api-testmode
      X-Wc:
      - ABGHI
      Strict-Transport-Security:
      - max-age=63072000; includeSubDomains; preload
    body:
      encoding: UTF-8
      string: |-
        {
          "id": "pi_2RGd8I9e1RjUNIyY0TvcBn3r",
          "object": "payment_intent",
          "amount": 599,
          "amount_capturable": 0,
          "amount_details": {
            "tip": {}
          },
          "amount_received": 0,
          "application": null,
          "application_fee_amount": null,
          "automatic_payment_methods": {
            "allow_redirects": "never",
            "enabled": true
          },
          "canceled_at": null,
          "cancellation_reason": null,
          "capture_method": "automatic",
          "client_secret": "pi_2RGd8I9e1RjUNIyY0TvcBn3r_secret_zlTkdpSPz7y1aXEHG2IPxPqdX",
          "confirmation_method": "automatic",
          "created": 1745314130,
          "currency": "usd",
          "customer": "cus_SAz6pR6bNiwxXX",
          "description": "You bought http://edgarf8fb7a42218.test.gumroad.com:31337/l/p!",
          "invoice": null,
          "last_payment_error": null,
          "latest_charge": null,
          "livemode": false,
          "metadata": {
            "purchase": "k1CaMhM99qLw_HpSsVMtXQ=="
          },
          "next_action": null,
          "on_behalf_of": null,
          "payment_method": "pm_0RGd8F9e1RjUNIyYTRQKBHwH",
          "payment_method_configuration_details": {
            "id": "pmc_0KYMlf9e1RjUNIyYT1l4J38o",
            "parent": null
          },
          "payment_method_options": {
            "amazon_pay": {
              "express_checkout_element_session_id": null
            },
            "card": {
              "installments": null,
              "mandate_options": {
                "amount": 599,
                "amount_type": "maximum",
                "description": null,
                "end_date": null,
                "interval": "sporadic",
                "interval_count": 1,
                "reference": "Mandate-c8e12aed88573f580ba3591db5520a55",
                "start_date": 1596240000,
                "supported_types": [
                  "india"
                ]
              },
              "network": null,
              "request_three_d_secure": "any"
            },
            "link": {
              "persistent_token": null
            }
          },
          "payment_method_types": [
            "card",
            "link",
            "amazon_pay"
          ],
          "processing": null,
          "receipt_email": null,
          "review": null,
          "setup_future_usage": "off_session",
          "shipping": null,
          "source": null,
          "statement_descriptor": null,
          "statement_descriptor_suffix": "edgarf8fb7a42218",
          "status": "requires_confirmation",
          "transfer_data": null,
          "transfer_group": "113"
        }
  recorded_at: Sat, 01 Aug 2020 00:00:00 GMT
- request:
    method: post
    uri: https://api.stripe.com/v1/payment_intents/pi_2RGd8I9e1RjUNIyY0TvcBn3r/confirm
    body:
      encoding: US-ASCII
      string: ''
    headers:
      User-Agent:
      - Stripe/v1 RubyBindings/12.5.0
      Authorization:
      - Bearer <STRIPE_API_KEY>
      Content-Type:
      - application/x-www-form-urlencoded
      X-Stripe-Client-Telemetry:
      - '{"last_request_metrics":{"request_id":"req_DK7CKrgbuwy303","request_duration_ms":530}}'
      Idempotency-Key:
      - f55f5e45-deb5-4d1f-bb9a-f3dbe179266e
      Stripe-Version:
      - 2023-10-16; risk_in_requirements_beta=v1
      X-Stripe-Client-User-Agent:
      - '{"bindings_version":"12.5.0","lang":"ruby","lang_version":"3.3.4 p94 (2024-07-09)","platform":"x86_64-linux","engine":"ruby","publisher":"stripe","uname":"Linux
        version 6.11.0-21-generic (buildd@lcy02-amd64-097) (x86_64-linux-gnu-gcc-13
        (Ubuntu 13.3.0-6ubuntu2~24.04) 13.3.0, GNU ld (GNU Binutils for Ubuntu) 2.42)
        #21~24.04.1-Ubuntu SMP PREEMPT_DYNAMIC Mon Feb 24 16:52:15 UTC 2","hostname":"hsc-desk"}'
      Accept-Encoding:
      - gzip;q=1.0,deflate;q=0.6,identity;q=0.3
      Accept:
      - "*/*"
  response:
    status:
      code: 200
      message: OK
    headers:
      Server:
      - nginx
      Date:
      - Tue, 22 Apr 2025 09:28:51 GMT
      Content-Type:
      - application/json
      Content-Length:
      - '6976'
      Connection:
      - keep-alive
      Access-Control-Allow-Credentials:
      - 'true'
      Access-Control-Allow-Methods:
      - GET, HEAD, PUT, PATCH, POST, DELETE
      Access-Control-Allow-Origin:
      - "*"
      Access-Control-Expose-Headers:
      - Request-Id, Stripe-Manage-Version, Stripe-Should-Retry, X-Stripe-External-Auth-Required,
        X-Stripe-Privileged-Session-Required
      Access-Control-Max-Age:
      - '300'
      Cache-Control:
      - no-cache, no-store
      Content-Security-Policy:
      - base-uri 'none'; default-src 'none'; form-action 'none'; frame-ancestors 'none';
        img-src 'self'; script-src 'self' 'report-<RPUSH_CONSUMER_FCM_FIREBASE_PROJECT_ID>';
        style-src 'self'; worker-src 'none'; upgrade-insecure-requests; report-uri
        https://q.stripe.com/csp-violation?q=lv5Pp60m-ts2QLtobK9437bUZcW3_Rde8Mv3mH7mSdgpzLoELsvG6uNj7B8rBnkQ1yf9KLWfBao_9oHP
      Idempotency-Key:
      - f55f5e45-deb5-4d1f-bb9a-f3dbe179266e
      Original-Request:
      - req_jc6kRKTSwMviOX
      Request-Id:
      - req_jc6kRKTSwMviOX
      Stripe-Should-Retry:
      - 'false'
      Stripe-Version:
      - 2023-10-16; risk_in_requirements_beta=v1
      Vary:
      - Origin
      X-Stripe-Priority-Routing-Enabled:
      - 'true'
      X-Stripe-Routing-Context-Priority-Tier:
      - api-testmode
      X-Wc:
      - ABGHI
      Strict-Transport-Security:
      - max-age=63072000; includeSubDomains; preload
    body:
      encoding: UTF-8
      string: |-
        {
          "id": "pi_2RGd8I9e1RjUNIyY0TvcBn3r",
          "object": "payment_intent",
          "amount": 599,
          "amount_capturable": 0,
          "amount_details": {
            "tip": {}
          },
          "amount_received": 0,
          "application": null,
          "application_fee_amount": null,
          "automatic_payment_methods": {
            "allow_redirects": "never",
            "enabled": true
          },
          "canceled_at": null,
          "cancellation_reason": null,
          "capture_method": "automatic",
          "client_secret": "pi_2RGd8I9e1RjUNIyY0TvcBn3r_secret_zlTkdpSPz7y1aXEHG2IPxPqdX",
          "confirmation_method": "automatic",
          "created": 1745314130,
          "currency": "usd",
          "customer": "cus_SAz6pR6bNiwxXX",
          "description": "You bought http://edgarf8fb7a42218.test.gumroad.com:31337/l/p!",
          "invoice": null,
          "last_payment_error": null,
          "latest_charge": null,
          "livemode": false,
          "metadata": {
            "purchase": "k1CaMhM99qLw_HpSsVMtXQ=="
          },
          "next_action": {
            "type": "use_stripe_sdk",
            "use_stripe_sdk": {
              "directory_server_encryption": {
                "algorithm": "RSA",
                "certificate": "-----BEGIN CERTIFICATE-----\nMIIGAzCCA+ugAwIBAgIQNyg9v/wemJMz4m18kdvt6zANBgkqhkiG9w0BAQsFADB2\nMQswCQYDVQQGEwJVUzENMAsGA1UECgwEVklTQTEvMC0GA1UECwwmVmlzYSBJbnRl\ncm5hdGlvbmFsIFNlcnZpY2UgQXNzb2NpYXRpb24xJzAlBgNVBAMMHlZpc2EgZUNv\nbW1lcmNlIElzc3VpbmcgQ0EgLSBHMjAeFw0yNDAyMjcyMjQ0MDNaFw0yNzAyMjYy\nMjQ0MDJaMIGhMRgwFgYDVQQHDA9IaWdobGFuZHMgUmFuY2gxETAPBgNVBAgMCENv\nbG9yYWRvMQswCQYDVQQGEwJVUzENMAsGA1UECgwEVklTQTEvMC0GA1UECwwmVmlz\nYSBJbnRlcm5hdGlvbmFsIFNlcnZpY2UgQXNzb2NpYXRpb24xJTAjBgNVBAMMHDNk\nczIucnNhLmVuY3J5cHRpb24udmlzYS5jb20wggEiMA0GCSqGSIb3DQEBAQUAA4IB\nDwAwggEKAoIBAQCSABLI5aAnf8Cypn/sKETE+U3e3YruYzUkqNpEMH0sPMpCAW1V\n33xiklm5R0S3ZFOEzzlmL22tRyjXaB6/WJUa66ajRz2DiY8+7x5CcMJNVlwqS6OG\nTlmvXGOxPXIVz6hxCsAb7mKS7cnpGpkjVD/Oe4u8ZmeUrcPWKdeH+e5BfeWp2Iel\nh89pU4tpJ84PlPTlLjZ3TLa2OutFLsMBExcr4ipWnEcbpkzvAPBRABBVZbkWTA9i\nVM9v5MXIJGzXDsQVJEOgxm/kyQXeO3JtNytYOaQ6sQi+z9gF32plP3hsrUQ2jJ3H\nCnZmOyrHl8tQWxhAIMZ/WHogpvEGufi14eyBAgMBAAGjggFfMIIBWzAMBgNVHRMB\nAf8EAjAAMB8GA1UdIwQYMBaAFL0nYyikrlS3yCO3wTVCF+nGeF+FMGcGCCsGAQUF\nBwEBBFswWTAwBggrBgEFBQcwAoYkaHR0cDovL2Vucm9sbC52aXNhY2EuY29tL2VD\nb21tRzIuY3J0MCUGCCsGAQUFBzABhhlodHRwOi8vb2NzcC52aXNhLmNvbS9vY3Nw\nMEYGA1UdIAQ/MD0wMQYIKwYBBQUHAgEwJTAjBggrBgEFBQcCARYXaHR0cDovL3d3\ndy52aXNhLmNvbS9wa2kwCAYGZ4EDAQEBMBMGA1UdJQQMMAoGCCsGAQUFBwMCMDUG\nA1UdHwQuMCwwKqAooCaGJGh0dHA6Ly9lbnJvbGwudmlzYWNhLmNvbS9lQ29tbUcy\nLmNybDAdBgNVHQ4EFgQU6gD/Z5m2gw4n676qt4jXOWr8ynowDgYDVR0PAQH/BAQD\nAgSwMA0GCSqGSIb3DQEBCwUAA4ICAQBumWXGS/uaaajte2gI3xCpsuewmihQKvKq\nOhaOc+wgdfwIkEAXdJIc33n2j/iaT5Lusi09ezZpBB80C6KQVr5Fs10SX0hlBCvT\n9MGYFwFtYUgi5OenqYsXc8BdmiE0bFiSXZ7XfxWuvYjis4LOubMr48yVyyEynWWb\nSGr7rTJztraOFjsykK16x946YXi/LswEP9RtDiOBNJ9cBVcOP+u8Q+dEzA5A63Ay\nA2Z/5m/pyCIWMSYGMtM0RANUp9gp7cEXaMpwKWfrW6ZanF60IoGlmRHilGU4rvm7\ntd4yJTfwxtkmh4w/IPiqI/OaXj5iG8hCo8a9FTnGahIcij8c1UWzQ3/A7o99AUwy\n1Xi9JnNiXYVM1bfQalK0DKsLqRiS6rzPfwMUxj2+ALnhcrnSdPnZgVxiQB7kvfi3\nHFXHoGhmMHHj8tlURqUQzpJcCz1QOy5c9SCc/M8Xu+eRsCnJrtvvDxriLWfDDM9M\n8/8JsiBP+DF6omCb6J4ryEulcVPnVAAZNlNtaUadPYnCJfB0p67jWkHa5NvQdZGW\naT1tvo9DqjI7zLf9Km0qqkK51gwYDnsy14pYvfeEwL9O9aepFa7x08bM3272xqNK\neGHXFK/zUVxYY5uxukcqYAdhAvx7f6d0J6Nr8jPxo6UNXKiFH9leGPPzx9oNugts\nz6qck4YdAQ==\n-----END CERTIFICATE-----\n",
                "directory_server_id": "A000000003",
                "root_certificate_authorities": [
                  "-----BEGIN CERTIFICATE-----\nMIIFqTCCA5GgAwIBAgIPUT6WAAAA20Qn7qzgvuFIMA0GCSqGSIb3DQEBCwUAMG8x\nCzAJBgNVBAYTAlVTMQ0wCwYDVQQKDARWSVNBMS8wLQYDVQQLDCZWaXNhIEludGVy\nbmF0aW9uYWwgU2VydmljZSBBc3NvY2lhdGlvbjEgMB4GA1UEAwwXVmlzYSBQdWJs\naWMgUlNBIFJvb3QgQ0EwHhcNMjEwMzE2MDAwMDAwWhcNNDEwMzE1MDAwMDAwWjBv\nMQswCQYDVQQGEwJVUzENMAsGA1UECgwEVklTQTEvMC0GA1UECwwmVmlzYSBJbnRl\ncm5hdGlvbmFsIFNlcnZpY2UgQXNzb2NpYXRpb24xIDAeBgNVBAMMF1Zpc2EgUHVi\nbGljIFJTQSBSb290IENBMIICIjANBgkqhkiG9w0BAQEFAAOCAg8AMIICCgKCAgEA\n2WEbXLS3gI6LOY93bP7Kz6EO9L1QXlr8l+fTkJWZldJ6QuwZ1cv4369tfjeJ8O5w\nSJiDcVw7eNdOP73LfAtwHlTnUnb0e9ILTTipc5bkNnAevocrJACsrpiQ8jBI9ttp\ncqKUeJgzW4Ie25ypirKroVD42b4E0iICK2cZ5QfD4BSzUnftp4Bqh8AfpGvG1lre\nCaD53qrsy5SUadY/NaeUGOkqdPvDSNoDIdrbExwnZaSFUmjQT1svKwMqGo2GFrgJ\n4cULEp4NNj5rga8YTTZ7Xo5MblHrLpSPOmJev30KWi/BcbvtCNYNWBTg7UMzP3cK\nMQ1pGLvG2PgvFTZSRvH3QzngJRgrDYYOJ6kj9ave+6yOOFqj80ZCuH0Nugt2mMS3\nc3+Nksaw+6H3cQPsE/Gv5zjfsKleRhEFtE1gyrdUg1DMgu8o/YhKM7FAqkXUn74z\nwoRFgx3Mi5OaGTQbg+NlwJgR4sVHXCV4s9b8PjneLhzWMn353SFARF9dnO7LDBqq\ntT6WltJu1z9x2Ze0UVNZvxKGcyCkLody29O8j9/MGZ8SOSUu4U6NHrebKuuf9Fht\nn6PqQ4ppkhy6sReXeV5NVGfVpDYY5ZAKEWqTYgMULWpQ2Py4BGpFzBe07jXkyulR\npoKvz14iXeA0oq16c94DrFYX0jmrWLeU4a/TCZQLFIsCAwEAAaNCMEAwHQYDVR0O\nBBYEFEtNpg77oBHorQvi8PMKAC+sixb7MA8GA1UdEwEB/wQFMAMBAf8wDgYDVR0P\nAQH/BAQDAgEGMA0GCSqGSIb3DQEBCwUAA4ICAQC5BU9qQSZYPcgCp2x0Juq59kMm\nXuBly094DaEnPqvtCgwwAirkv8x8/QSOxiWWiu+nveyuR+j6Gz/fJaV4u+J5QEDy\ncfk605Mw3HIcJOeZvDgk1eyOmQwUP6Z/BdQTNJmZ92Z8dcG5yWCxLBrqPH7ro3Ss\njhYq9duIJU7jfizCJCN4W8tp0D2pWBe1/CYNswP4GMs5jQ5+ZQKN/L5JFdwVTu7X\nPt8b5zfgbmmQpVmUn0oFwm3OI++Z6gEpNmW5bd/2oUIZoG96Qff2fauVMAYiWQvN\nnL3y1gkRguTOSMVUCCiGfdvwu5ygowillvV2nHb7+YibQ9N5Z2spP0o9Zlfzoat2\n7WFpyK47TiUdu/4toarLKGZP+hbA/F4xlnM/8EfZkE1DeTTI0lhN3O8yEsHrtRl1\nOuQZ/IexHO8UGU6jvn4TWo10HYeXzrGckL7oIXfGTrjPzfY62T5HDW/BAEZS+9Tk\nijz25YM0fPPz7IdlEG+k4q4YwZ82j73Y9kDEM5423mrWorq/Bq7I5Y8v0LTY9GWH\nYrpElYf0WdOXAbsfwQiT6qnRio+p82VyqlY8Jt6VVA6CDy/iHKwcj1ELEnDQfVv9\nhedoxmnQ6xe/nK8czclu9hQJRv5Lh9gk9Q8DKK2nmgzZ8SSQ+lr3mSSeY8JOMRlE\n+RKdOQIChWthTJKh7w==\n-----END CERTIFICATE-----\n"
                ]
              },
              "directory_server_name": "visa",
              "merchant": "<STRIPE_PLATFORM_ACCOUNT_ID>",
              "one_click_authn": null,
              "server_transaction_id": "4efc9304-7b62-4dc6-8d0b-8afc435c9563",
              "three_d_secure_2_source": "payatt_2RGd8I9e1RjUNIyY0pCpQkam",
              "three_ds_method_url": "",
              "three_ds_optimizations": "kf",
              "type": "stripe_3ds2_fingerprint"
            }
          },
          "on_behalf_of": null,
          "payment_method": "pm_0RGd8F9e1RjUNIyYTRQKBHwH",
          "payment_method_configuration_details": {
            "id": "pmc_0KYMlf9e1RjUNIyYT1l4J38o",
            "parent": null
          },
          "payment_method_options": {
            "amazon_pay": {
              "express_checkout_element_session_id": null
            },
            "card": {
              "installments": null,
              "mandate_options": {
                "amount": 599,
                "amount_type": "maximum",
                "description": null,
                "end_date": null,
                "interval": "sporadic",
                "interval_count": 1,
                "reference": "Mandate-c8e12aed88573f580ba3591db5520a55",
                "start_date": 1596240000,
                "supported_types": [
                  "india"
                ]
              },
              "network": null,
              "request_three_d_secure": "any"
            },
            "link": {
              "persistent_token": null
            }
          },
          "payment_method_types": [
            "card",
            "link",
            "amazon_pay"
          ],
          "processing": null,
          "receipt_email": null,
          "review": null,
          "setup_future_usage": "off_session",
          "shipping": null,
          "source": null,
          "statement_descriptor": null,
          "statement_descriptor_suffix": "edgarf8fb7a42218",
          "status": "requires_action",
          "transfer_data": null,
          "transfer_group": "113"
        }
  recorded_at: Sat, 01 Aug 2020 00:00:00 GMT
recorded_with: VCR 6.2.0
