---
http_interactions:
- request:
    method: post
    uri: https://api.stripe.com/v1/payment_methods
    body:
      encoding: UTF-8
      string: type=card&card[number]=4242+4242+4242+4242&card[exp_month]=12&card[exp_year]=2025&card[cvc]=123
    headers:
      User-Agent:
      - Stripe/v1 RubyBindings/12.5.0
      Authorization:
      - Bearer <STRIPE_API_KEY>
      Content-Type:
      - application/x-www-form-urlencoded
      X-Stripe-Client-Telemetry:
      - '{"last_request_metrics":{"request_id":"req_S8sNHWtt9zOnwR","request_duration_ms":374}}'
      Idempotency-Key:
      - f7e65c8f-4396-446f-99e0-afbc834be7ec
      Stripe-Version:
      - 2023-10-16; risk_in_requirements_beta=v1
      X-Stripe-Client-User-Agent:
      - '{"bindings_version":"12.5.0","lang":"ruby","lang_version":"3.3.4 p94 (2024-07-09)","platform":"x86_64-linux","engine":"ruby","publisher":"stripe","uname":"Linux
        version 6.11.0-21-generic (buildd@lcy02-amd64-097) (x86_64-linux-gnu-gcc-13
        (Ubuntu 13.3.0-6ubuntu2~24.04) 13.3.0, GNU ld (GNU Binutils for Ubuntu) 2.42)
        #21~24.04.1-Ubuntu SMP PREEMPT_DYNAMIC Mon Feb 24 16:52:15 UTC 2","hostname":"hsc-desk"}'
      Accept-Encoding:
      - gzip;q=1.0,deflate;q=0.6,identity;q=0.3
      Accept:
      - "*/*"
  response:
    status:
      code: 200
      message: OK
    headers:
      Server:
      - nginx
      Date:
      - Tue, 22 Apr 2025 09:28:11 GMT
      Content-Type:
      - application/json
      Content-Length:
      - '1055'
      Connection:
      - keep-alive
      Access-Control-Allow-Credentials:
      - 'true'
      Access-Control-Allow-Methods:
      - GET, HEAD, PUT, PATCH, POST, DELETE
      Access-Control-Allow-Origin:
      - "*"
      Access-Control-Expose-Headers:
      - Request-Id, Stripe-Manage-Version, Stripe-Should-Retry, X-Stripe-External-Auth-Required,
        X-Stripe-Privileged-Session-Required
      Access-Control-Max-Age:
      - '300'
      Cache-Control:
      - no-cache, no-store
      Content-Security-Policy:
      - base-uri 'none'; default-src 'none'; form-action 'none'; frame-ancestors 'none';
        img-src 'self'; script-src 'self' 'report-<RPUSH_CONSUMER_FCM_FIREBASE_PROJECT_ID>';
        style-src 'self'; worker-src 'none'; upgrade-insecure-requests; report-uri
        https://q.stripe.com/csp-violation?q=lv5Pp60m-ts2QLtobK9437bUZcW3_Rde8Mv3mH7mSdgpzLoELsvG6uNj7B8rBnkQ1yf9KLWfBao_9oHP
      Idempotency-Key:
      - f7e65c8f-4396-446f-99e0-afbc834be7ec
      Original-Request:
      - req_hVkgFj6enRJQgy
      Request-Id:
      - req_hVkgFj6enRJQgy
      Stripe-Should-Retry:
      - 'false'
      Stripe-Version:
      - 2023-10-16; risk_in_requirements_beta=v1
      Vary:
      - Origin
      X-Stripe-Priority-Routing-Enabled:
      - 'true'
      X-Stripe-Routing-Context-Priority-Tier:
      - api-testmode
      X-Wc:
      - ABGHI
      Strict-Transport-Security:
      - max-age=63072000; includeSubDomains; preload
    body:
      encoding: UTF-8
      string: |-
        {
          "id": "pm_0RGd7f9e1RjUNIyYlD7gt8eX",
          "object": "payment_method",
          "allow_redisplay": "unspecified",
          "billing_details": {
            "address": {
              "city": null,
              "country": null,
              "line1": null,
              "line2": null,
              "postal_code": null,
              "state": null
            },
            "email": null,
            "name": null,
            "phone": null,
            "tax_id": null
          },
          "card": {
            "brand": "visa",
            "checks": {
              "address_line1_check": null,
              "address_postal_code_check": null,
              "cvc_check": "unchecked"
            },
            "country": "US",
            "display_brand": "visa",
            "exp_month": 12,
            "exp_year": 2025,
            "fingerprint": "W691J2Ye3VDoq6Ij",
            "funding": "credit",
            "generated_from": null,
            "last4": "4242",
            "networks": {
              "available": [
                "visa"
              ],
              "preferred": null
            },
            "regulated_status": "unregulated",
            "three_d_secure_usage": {
              "supported": true
            },
            "wallet": null
          },
          "created": 1745314091,
          "customer": null,
          "livemode": false,
          "metadata": {},
          "type": "card"
        }
  recorded_at: Tue, 22 Apr 2025 09:28:11 GMT
- request:
    method: get
    uri: https://api.stripe.com/v1/payment_methods/pm_0RGd7f9e1RjUNIyYlD7gt8eX
    body:
      encoding: US-ASCII
      string: ''
    headers:
      User-Agent:
      - Stripe/v1 RubyBindings/12.5.0
      Authorization:
      - Bearer <STRIPE_API_KEY>
      Content-Type:
      - application/x-www-form-urlencoded
      X-Stripe-Client-Telemetry:
      - '{"last_request_metrics":{"request_id":"req_hVkgFj6enRJQgy","request_duration_ms":387}}'
      Stripe-Version:
      - 2023-10-16; risk_in_requirements_beta=v1
      X-Stripe-Client-User-Agent:
      - '{"bindings_version":"12.5.0","lang":"ruby","lang_version":"3.3.4 p94 (2024-07-09)","platform":"x86_64-linux","engine":"ruby","publisher":"stripe","uname":"Linux
        version 6.11.0-21-generic (buildd@lcy02-amd64-097) (x86_64-linux-gnu-gcc-13
        (Ubuntu 13.3.0-6ubuntu2~24.04) 13.3.0, GNU ld (GNU Binutils for Ubuntu) 2.42)
        #21~24.04.1-Ubuntu SMP PREEMPT_DYNAMIC Mon Feb 24 16:52:15 UTC 2","hostname":"hsc-desk"}'
      Accept-Encoding:
      - gzip;q=1.0,deflate;q=0.6,identity;q=0.3
      Accept:
      - "*/*"
  response:
    status:
      code: 200
      message: OK
    headers:
      Server:
      - nginx
      Date:
      - Tue, 22 Apr 2025 09:28:11 GMT
      Content-Type:
      - application/json
      Content-Length:
      - '1055'
      Connection:
      - keep-alive
      Access-Control-Allow-Credentials:
      - 'true'
      Access-Control-Allow-Methods:
      - GET, HEAD, PUT, PATCH, POST, DELETE
      Access-Control-Allow-Origin:
      - "*"
      Access-Control-Expose-Headers:
      - Request-Id, Stripe-Manage-Version, Stripe-Should-Retry, X-Stripe-External-Auth-Required,
        X-Stripe-Privileged-Session-Required
      Access-Control-Max-Age:
      - '300'
      Cache-Control:
      - no-cache, no-store
      Content-Security-Policy:
      - base-uri 'none'; default-src 'none'; form-action 'none'; frame-ancestors 'none';
        img-src 'self'; script-src 'self' 'report-<RPUSH_CONSUMER_FCM_FIREBASE_PROJECT_ID>';
        style-src 'self'; worker-src 'none'; upgrade-insecure-requests; report-uri
        https://q.stripe.com/csp-violation?q=lv5Pp60m-ts2QLtobK9437bUZcW3_Rde8Mv3mH7mSdgpzLoELsvG6uNj7B8rBnkQ1yf9KLWfBao_9oHP
      Request-Id:
      - req_c49S9I91bMGZ61
      Stripe-Version:
      - 2023-10-16; risk_in_requirements_beta=v1
      Vary:
      - Origin
      X-Stripe-Priority-Routing-Enabled:
      - 'true'
      X-Stripe-Routing-Context-Priority-Tier:
      - api-testmode
      X-Wc:
      - ABGHI
      Strict-Transport-Security:
      - max-age=63072000; includeSubDomains; preload
    body:
      encoding: UTF-8
      string: |-
        {
          "id": "pm_0RGd7f9e1RjUNIyYlD7gt8eX",
          "object": "payment_method",
          "allow_redisplay": "unspecified",
          "billing_details": {
            "address": {
              "city": null,
              "country": null,
              "line1": null,
              "line2": null,
              "postal_code": null,
              "state": null
            },
            "email": null,
            "name": null,
            "phone": null,
            "tax_id": null
          },
          "card": {
            "brand": "visa",
            "checks": {
              "address_line1_check": null,
              "address_postal_code_check": null,
              "cvc_check": "unchecked"
            },
            "country": "US",
            "display_brand": "visa",
            "exp_month": 12,
            "exp_year": 2025,
            "fingerprint": "W691J2Ye3VDoq6Ij",
            "funding": "credit",
            "generated_from": null,
            "last4": "4242",
            "networks": {
              "available": [
                "visa"
              ],
              "preferred": null
            },
            "regulated_status": "unregulated",
            "three_d_secure_usage": {
              "supported": true
            },
            "wallet": null
          },
          "created": 1745314091,
          "customer": null,
          "livemode": false,
          "metadata": {},
          "type": "card"
        }
  recorded_at: Tue, 22 Apr 2025 09:28:11 GMT
- request:
    method: post
    uri: https://api.stripe.com/v1/customers
    body:
      encoding: UTF-8
      string: description=248&email=edgar876a6347_487%40gumroad.com&payment_method=pm_0RGd7f9e1RjUNIyYlD7gt8eX
    headers:
      User-Agent:
      - Stripe/v1 RubyBindings/12.5.0
      Authorization:
      - Bearer <STRIPE_API_KEY>
      Content-Type:
      - application/x-www-form-urlencoded
      X-Stripe-Client-Telemetry:
      - '{"last_request_metrics":{"request_id":"req_c49S9I91bMGZ61","request_duration_ms":314}}'
      Idempotency-Key:
      - be35cf89-ab2e-4561-a330-fcd864937fea
      Stripe-Version:
      - 2023-10-16; risk_in_requirements_beta=v1
      X-Stripe-Client-User-Agent:
      - '{"bindings_version":"12.5.0","lang":"ruby","lang_version":"3.3.4 p94 (2024-07-09)","platform":"x86_64-linux","engine":"ruby","publisher":"stripe","uname":"Linux
        version 6.11.0-21-generic (buildd@lcy02-amd64-097) (x86_64-linux-gnu-gcc-13
        (Ubuntu 13.3.0-6ubuntu2~24.04) 13.3.0, GNU ld (GNU Binutils for Ubuntu) 2.42)
        #21~24.04.1-Ubuntu SMP PREEMPT_DYNAMIC Mon Feb 24 16:52:15 UTC 2","hostname":"hsc-desk"}'
      Accept-Encoding:
      - gzip;q=1.0,deflate;q=0.6,identity;q=0.3
      Accept:
      - "*/*"
  response:
    status:
      code: 200
      message: OK
    headers:
      Server:
      - nginx
      Date:
      - Tue, 22 Apr 2025 09:28:12 GMT
      Content-Type:
      - application/json
      Content-Length:
      - '642'
      Connection:
      - keep-alive
      Access-Control-Allow-Credentials:
      - 'true'
      Access-Control-Allow-Methods:
      - GET, HEAD, PUT, PATCH, POST, DELETE
      Access-Control-Allow-Origin:
      - "*"
      Access-Control-Expose-Headers:
      - Request-Id, Stripe-Manage-Version, Stripe-Should-Retry, X-Stripe-External-Auth-Required,
        X-Stripe-Privileged-Session-Required
      Access-Control-Max-Age:
      - '300'
      Cache-Control:
      - no-cache, no-store
      Content-Security-Policy:
      - base-uri 'none'; default-src 'none'; form-action 'none'; frame-ancestors 'none';
        img-src 'self'; script-src 'self' 'report-<RPUSH_CONSUMER_FCM_FIREBASE_PROJECT_ID>';
        style-src 'self'; worker-src 'none'; upgrade-insecure-requests; report-uri
        https://q.stripe.com/csp-violation?q=lv5Pp60m-ts2QLtobK9437bUZcW3_Rde8Mv3mH7mSdgpzLoELsvG6uNj7B8rBnkQ1yf9KLWfBao_9oHP
      Idempotency-Key:
      - be35cf89-ab2e-4561-a330-fcd864937fea
      Original-Request:
      - req_kXRjmQVe2FP4ko
      Request-Id:
      - req_kXRjmQVe2FP4ko
      Stripe-Should-Retry:
      - 'false'
      Stripe-Version:
      - 2023-10-16; risk_in_requirements_beta=v1
      Vary:
      - Origin
      X-Stripe-Priority-Routing-Enabled:
      - 'true'
      X-Stripe-Routing-Context-Priority-Tier:
      - api-testmode
      X-Wc:
      - ABGHI
      Strict-Transport-Security:
      - max-age=63072000; includeSubDomains; preload
    body:
      encoding: UTF-8
      string: |-
        {
          "id": "cus_SAz5ofGT5jNpOQ",
          "object": "customer",
          "address": null,
          "balance": 0,
          "created": 1745314091,
          "currency": null,
          "default_source": null,
          "delinquent": false,
          "description": "248",
          "discount": null,
          "email": "edgar876a6347_487@gumroad.com",
          "invoice_prefix": "40EAD67E",
          "invoice_settings": {
            "custom_fields": null,
            "default_payment_method": null,
            "footer": null,
            "rendering_options": null
          },
          "livemode": false,
          "metadata": {},
          "name": null,
          "next_invoice_sequence": 1,
          "phone": null,
          "preferred_locales": [],
          "shipping": null,
          "tax_exempt": "none",
          "test_clock": null
        }
  recorded_at: Tue, 22 Apr 2025 09:28:12 GMT
- request:
    method: post
    uri: https://api.sandbox.taxjar.com/v2/taxes
    body:
      encoding: UTF-8
      string: '{"from_country":"US","from_state":"CA","from_zip":"94104","to_country":"US","to_state":"NY","to_zip":"10110","shipping":0.0,"line_items":[{"quantity":1,"unit_price":3.0,"discount":0,"product_tax_code":"55111516A0310"}],"nexus_addresses":[{"country":"US","state":"NY"}]}'
    headers:
      User-Agent:
      - 'TaxJar/Ruby (Linux hsc-desk 6.11.0-21-generic #21~24.04.1-Ubuntu SMP PREEMPT_DYNAMIC
        Mon Feb 24 16:52:15 UTC 2 x86_64 x86_64 x86_64 GNU/Linux; ruby 3.3.4-p94;
        OpenSSL 3.0.13 30 Jan 2024) taxjar-ruby/3.0.4'
      Authorization:
      - Bearer <TAXJAR_API_KEY>
      X-Api-Version:
      - '2022-01-24'
      Connection:
      - close
      Content-Type:
      - application/json; charset=utf-8
      Host:
      - api.sandbox.taxjar.com
  response:
    status:
      code: 200
      message: OK
    headers:
      Content-Type:
      - application/json; charset=utf-8
      Content-Length:
      - '1062'
      Connection:
      - close
      Date:
      - Tue, 22 Apr 2025 09:28:13 GMT
      X-Amzn-Trace-Id:
      - Root=1-6807612d-639e72521a7daeea31ead113
      X-Amzn-Requestid:
      - 0115d737-d9a3-40e9-89f0-d606bd8e1c88
      Access-Control-Allow-Origin:
      - https://developers.taxjar.com
      X-Amz-Apigw-Id:
      - JawfLFyboAMEpRw=
      X-Cache:
      - Miss from cloudfront
      Via:
      - 1.1 76c8b6149bd17b365b0a900e898b9710.cloudfront.net (CloudFront)
      X-Amz-Cf-Pop:
      - PNQ50-P4
      X-Amz-Cf-Id:
      - 78qhjUrEbdBk2oGVocaOMG-9lIasCy54Xa62RgU70bNveZPRHnJfNw==
    body:
      encoding: UTF-8
      string: '{"tax":{"amount_to_collect":0.0,"breakdown":{"city_tax_collectable":0.0,"city_tax_rate":0.0,"city_taxable_amount":0.0,"combined_tax_rate":0.0,"county_tax_collectable":0.0,"county_tax_rate":0.0,"county_taxable_amount":0.0,"line_items":[{"city_amount":0.0,"city_tax_rate":0.0,"city_taxable_amount":0.0,"combined_tax_rate":0.0,"county_amount":0.0,"county_tax_rate":0.0,"county_taxable_amount":0.0,"id":"1","special_district_amount":0.0,"special_district_taxable_amount":0.0,"special_tax_rate":0.0,"state_amount":0.0,"state_sales_tax_rate":0.0,"state_taxable_amount":0.0,"tax_collectable":0.0,"taxable_amount":0.0}],"special_district_tax_collectable":0.0,"special_district_taxable_amount":0.0,"special_tax_rate":0.0,"state_tax_collectable":0.0,"state_tax_rate":0.0,"state_taxable_amount":0.0,"tax_collectable":0.0,"taxable_amount":0.0},"freight_taxable":false,"has_nexus":true,"jurisdictions":{"city":"NEW
        YORK CITY","country":"US","county":"NEW YORK","state":"NY"},"order_total_amount":3.0,"rate":0.0,"shipping":0.0,"tax_source":"destination","taxable_amount":0.0}}'
  recorded_at: Wed, 01 Apr 2020 00:00:00 GMT
- request:
    method: post
    uri: https://api.stripe.com/v1/payment_intents
    body:
      encoding: UTF-8
      string: amount=300&currency=usd&description=You+bought+http%3A%2F%2Fedgar8828950c204.test.gumroad.com%3A31337%2Fl%2Fa%21&metadata[purchase]=ZqXch5jP4_kuCLG-mATNZg%3D%3D&transfer_group=100&automatic_payment_methods[enabled]=true&automatic_payment_methods[allow_redirects]=never&off_session=true&confirm=true&customer=cus_SAz5ofGT5jNpOQ&payment_method=pm_0RGd7f9e1RjUNIyYlD7gt8eX&statement_descriptor_suffix=edgar8828950c204
    headers:
      User-Agent:
      - Stripe/v1 RubyBindings/12.5.0
      Authorization:
      - Bearer <STRIPE_API_KEY>
      Content-Type:
      - application/x-www-form-urlencoded
      X-Stripe-Client-Telemetry:
      - '{"last_request_metrics":{"request_id":"req_kXRjmQVe2FP4ko","request_duration_ms":779}}'
      Idempotency-Key:
      - 50838a3e-d848-4c64-b580-76575eecc00d
      Stripe-Version:
      - 2023-10-16; risk_in_requirements_beta=v1
      X-Stripe-Client-User-Agent:
      - '{"bindings_version":"12.5.0","lang":"ruby","lang_version":"3.3.4 p94 (2024-07-09)","platform":"x86_64-linux","engine":"ruby","publisher":"stripe","uname":"Linux
        version 6.11.0-21-generic (buildd@lcy02-amd64-097) (x86_64-linux-gnu-gcc-13
        (Ubuntu 13.3.0-6ubuntu2~24.04) 13.3.0, GNU ld (GNU Binutils for Ubuntu) 2.42)
        #21~24.04.1-Ubuntu SMP PREEMPT_DYNAMIC Mon Feb 24 16:52:15 UTC 2","hostname":"hsc-desk"}'
      Accept-Encoding:
      - gzip;q=1.0,deflate;q=0.6,identity;q=0.3
      Accept:
      - "*/*"
  response:
    status:
      code: 200
      message: OK
    headers:
      Server:
      - nginx
      Date:
      - Tue, 22 Apr 2025 09:28:14 GMT
      Content-Type:
      - application/json
      Content-Length:
      - '1892'
      Connection:
      - keep-alive
      Access-Control-Allow-Credentials:
      - 'true'
      Access-Control-Allow-Methods:
      - GET, HEAD, PUT, PATCH, POST, DELETE
      Access-Control-Allow-Origin:
      - "*"
      Access-Control-Expose-Headers:
      - Request-Id, Stripe-Manage-Version, Stripe-Should-Retry, X-Stripe-External-Auth-Required,
        X-Stripe-Privileged-Session-Required
      Access-Control-Max-Age:
      - '300'
      Cache-Control:
      - no-cache, no-store
      Content-Security-Policy:
      - base-uri 'none'; default-src 'none'; form-action 'none'; frame-ancestors 'none';
        img-src 'self'; script-src 'self' 'report-<RPUSH_CONSUMER_FCM_FIREBASE_PROJECT_ID>';
        style-src 'self'; worker-src 'none'; upgrade-insecure-requests; report-uri
        https://q.stripe.com/csp-violation?q=lv5Pp60m-ts2QLtobK9437bUZcW3_Rde8Mv3mH7mSdgpzLoELsvG6uNj7B8rBnkQ1yf9KLWfBao_9oHP
      Idempotency-Key:
      - 50838a3e-d848-4c64-b580-76575eecc00d
      Original-Request:
      - req_m4QBRPnzbZ7EBa
      Request-Id:
      - req_m4QBRPnzbZ7EBa
      Stripe-Should-Retry:
      - 'false'
      Stripe-Version:
      - 2023-10-16; risk_in_requirements_beta=v1
      Vary:
      - Origin
      X-Stripe-Priority-Routing-Enabled:
      - 'true'
      X-Stripe-Routing-Context-Priority-Tier:
      - api-testmode
      X-Wc:
      - ABGHI
      Strict-Transport-Security:
      - max-age=63072000; includeSubDomains; preload
    body:
      encoding: UTF-8
      string: |-
        {
          "id": "pi_2RGd7i9e1RjUNIyY1NP2oXyc",
          "object": "payment_intent",
          "amount": 300,
          "amount_capturable": 0,
          "amount_details": {
            "tip": {}
          },
          "amount_received": 300,
          "application": null,
          "application_fee_amount": null,
          "automatic_payment_methods": {
            "allow_redirects": "never",
            "enabled": true
          },
          "canceled_at": null,
          "cancellation_reason": null,
          "capture_method": "automatic",
          "client_secret": "pi_2RGd7i9e1RjUNIyY1NP2oXyc_secret_FC6KeS8YeGyCSqx132FhbQJMA",
          "confirmation_method": "automatic",
          "created": 1745314094,
          "currency": "usd",
          "customer": "cus_SAz5ofGT5jNpOQ",
          "description": "You bought http://edgar8828950c204.test.gumroad.com:31337/l/a!",
          "invoice": null,
          "last_payment_error": null,
          "latest_charge": "ch_2RGd7i9e1RjUNIyY1d0dlAvw",
          "livemode": false,
          "metadata": {
            "purchase": "ZqXch5jP4_kuCLG-mATNZg=="
          },
          "next_action": null,
          "on_behalf_of": null,
          "payment_method": "pm_0RGd7f9e1RjUNIyYlD7gt8eX",
          "payment_method_configuration_details": {
            "id": "pmc_0KYMlf9e1RjUNIyYT1l4J38o",
            "parent": null
          },
          "payment_method_options": {
            "alipay": {},
            "amazon_pay": {
              "express_checkout_element_session_id": null
            },
            "card": {
              "installments": null,
              "mandate_options": null,
              "network": null,
              "request_three_d_secure": "automatic"
            },
            "link": {
              "persistent_token": null
            },
            "wechat_pay": {
              "app_id": null,
              "client": null
            }
          },
          "payment_method_types": [
            "card",
            "alipay",
            "link",
            "wechat_pay",
            "amazon_pay"
          ],
          "processing": null,
          "receipt_email": null,
          "review": null,
          "setup_future_usage": null,
          "shipping": null,
          "source": null,
          "statement_descriptor": null,
          "statement_descriptor_suffix": "edgar8828950c204",
          "status": "succeeded",
          "transfer_data": null,
          "transfer_group": "100"
        }
  recorded_at: Wed, 01 Apr 2020 00:00:00 GMT
- request:
    method: get
    uri: https://api.stripe.com/v1/charges/ch_2RGd7i9e1RjUNIyY1d0dlAvw?expand%5B%5D=application_fee.balance_transaction&expand%5B%5D=balance_transaction
    body:
      encoding: US-ASCII
      string: ''
    headers:
      User-Agent:
      - Stripe/v1 RubyBindings/12.5.0
      Authorization:
      - Bearer <STRIPE_API_KEY>
      Content-Type:
      - application/x-www-form-urlencoded
      X-Stripe-Client-Telemetry:
      - '{"last_request_metrics":{"request_id":"req_m4QBRPnzbZ7EBa","request_duration_ms":1154}}'
      Stripe-Version:
      - 2023-10-16; risk_in_requirements_beta=v1
      X-Stripe-Client-User-Agent:
      - '{"bindings_version":"12.5.0","lang":"ruby","lang_version":"3.3.4 p94 (2024-07-09)","platform":"x86_64-linux","engine":"ruby","publisher":"stripe","uname":"Linux
        version 6.11.0-21-generic (buildd@lcy02-amd64-097) (x86_64-linux-gnu-gcc-13
        (Ubuntu 13.3.0-6ubuntu2~24.04) 13.3.0, GNU ld (GNU Binutils for Ubuntu) 2.42)
        #21~24.04.1-Ubuntu SMP PREEMPT_DYNAMIC Mon Feb 24 16:52:15 UTC 2","hostname":"hsc-desk"}'
      Accept-Encoding:
      - gzip;q=1.0,deflate;q=0.6,identity;q=0.3
      Accept:
      - "*/*"
  response:
    status:
      code: 200
      message: OK
    headers:
      Server:
      - nginx
      Date:
      - Tue, 22 Apr 2025 09:28:15 GMT
      Content-Type:
      - application/json
      Content-Length:
      - '3570'
      Connection:
      - keep-alive
      Access-Control-Allow-Credentials:
      - 'true'
      Access-Control-Allow-Methods:
      - GET, HEAD, PUT, PATCH, POST, DELETE
      Access-Control-Allow-Origin:
      - "*"
      Access-Control-Expose-Headers:
      - Request-Id, Stripe-Manage-Version, Stripe-Should-Retry, X-Stripe-External-Auth-Required,
        X-Stripe-Privileged-Session-Required
      Access-Control-Max-Age:
      - '300'
      Cache-Control:
      - no-cache, no-store
      Content-Security-Policy:
      - base-uri 'none'; default-src 'none'; form-action 'none'; frame-ancestors 'none';
        img-src 'self'; script-src 'self' 'report-<RPUSH_CONSUMER_FCM_FIREBASE_PROJECT_ID>';
        style-src 'self'; worker-src 'none'; upgrade-insecure-requests; report-uri
        https://q.stripe.com/csp-violation?q=lv5Pp60m-ts2QLtobK9437bUZcW3_Rde8Mv3mH7mSdgpzLoELsvG6uNj7B8rBnkQ1yf9KLWfBao_9oHP
      Request-Id:
      - req_hL9llwCs6iv77x
      Stripe-Version:
      - 2023-10-16; risk_in_requirements_beta=v1
      Vary:
      - Origin
      X-Stripe-Priority-Routing-Enabled:
      - 'true'
      X-Stripe-Routing-Context-Priority-Tier:
      - api-testmode
      X-Wc:
      - ABGHI
      Strict-Transport-Security:
      - max-age=63072000; includeSubDomains; preload
    body:
      encoding: UTF-8
      string: |-
        {
          "id": "ch_2RGd7i9e1RjUNIyY1d0dlAvw",
          "object": "charge",
          "amount": 300,
          "amount_captured": 300,
          "amount_refunded": 0,
          "amount_updates": [],
          "application": null,
          "application_fee": null,
          "application_fee_amount": null,
          "balance_transaction": {
            "id": "txn_2RGd7i9e1RjUNIyY1SRcoCAO",
            "object": "balance_transaction",
            "amount": 300,
            "available_on": 1745452800,
            "created": 1745314094,
            "currency": "usd",
            "description": "You bought http://edgar8828950c204.test.gumroad.com:31337/l/a!",
            "exchange_rate": null,
            "fee": 0,
            "fee_details": [],
            "net": 300,
            "reporting_category": "charge",
            "source": "ch_2RGd7i9e1RjUNIyY1d0dlAvw",
            "status": "pending",
            "type": "charge"
          },
          "billing_details": {
            "address": {
              "city": null,
              "country": null,
              "line1": null,
              "line2": null,
              "postal_code": null,
              "state": null
            },
            "email": null,
            "name": null,
            "phone": null,
            "tax_id": null
          },
          "calculated_statement_descriptor": "GUMROAD* EDGAR8828950C",
          "captured": true,
          "created": 1745314094,
          "currency": "usd",
          "customer": "cus_SAz5ofGT5jNpOQ",
          "description": "You bought http://edgar8828950c204.test.gumroad.com:31337/l/a!",
          "destination": null,
          "dispute": null,
          "disputed": false,
          "failure_balance_transaction": null,
          "failure_code": null,
          "failure_message": null,
          "fraud_details": {},
          "invoice": null,
          "livemode": false,
          "metadata": {
            "purchase": "ZqXch5jP4_kuCLG-mATNZg=="
          },
          "on_behalf_of": null,
          "order": null,
          "outcome": {
            "advice_code": null,
            "network_advice_code": null,
            "network_decline_code": null,
            "network_status": "approved_by_network",
            "reason": null,
            "risk_level": "normal",
            "risk_score": 0,
            "seller_message": "Payment complete.",
            "type": "authorized"
          },
          "paid": true,
          "payment_intent": "pi_2RGd7i9e1RjUNIyY1NP2oXyc",
          "payment_method": "pm_0RGd7f9e1RjUNIyYlD7gt8eX",
          "payment_method_details": {
            "card": {
              "amount_authorized": 300,
              "authorization_code": null,
              "brand": "visa",
              "checks": {
                "address_line1_check": null,
                "address_postal_code_check": null,
                "cvc_check": "pass"
              },
              "country": "US",
              "exp_month": 12,
              "exp_year": 2025,
              "extended_authorization": {
                "status": "disabled"
              },
              "fingerprint": "W691J2Ye3VDoq6Ij",
              "funding": "credit",
              "incremental_authorization": {
                "status": "unavailable"
              },
              "installments": null,
              "last4": "4242",
              "mandate": null,
              "multicapture": {
                "status": "unavailable"
              },
              "network": "visa",
              "network_token": {
                "used": false
              },
              "network_transaction_id": "875457497450891",
              "overcapture": {
                "maximum_amount_capturable": 300,
                "status": "unavailable"
              },
              "regulated_status": "unregulated",
              "three_d_secure": null,
              "wallet": null
            },
            "type": "card"
          },
          "radar_options": {},
          "receipt_email": null,
          "receipt_number": null,
          "receipt_url": "https://pay.stripe.com/receipts/payment/CAcaIgogOWUxUmpVTkl5WUdwQTlDZmgzUm1ReHhUemIxYWFrcEUor8KdwAYyBlT5jjz6bTosFp59a_VRofYZH2qUWOq_UZA0-aGza54sPwPdHTqbbagHKjU5EagjO3tXxmk",
          "refunded": false,
          "review": null,
          "shipping": null,
          "source": null,
          "source_transfer": null,
          "statement_descriptor": null,
          "statement_descriptor_suffix": "edgar8828950c204",
          "status": "succeeded",
          "transfer_data": null,
          "transfer_group": "100"
        }
  recorded_at: Wed, 01 Apr 2020 00:00:00 GMT
- request:
    method: post
    uri: https://api.sandbox.taxjar.com/v2/taxes
    body:
      encoding: UTF-8
      string: '{"from_country":"US","from_state":"CA","from_zip":"94104","to_country":"US","to_state":"NY","to_zip":"10110","shipping":0.0,"line_items":[{"quantity":1,"unit_price":10.0,"discount":0,"product_tax_code":"55111516A0310"}],"nexus_addresses":[{"country":"US","state":"NY"}]}'
    headers:
      User-Agent:
      - 'TaxJar/Ruby (Linux hsc-desk 6.11.0-21-generic #21~24.04.1-Ubuntu SMP PREEMPT_DYNAMIC
        Mon Feb 24 16:52:15 UTC 2 x86_64 x86_64 x86_64 GNU/Linux; ruby 3.3.4-p94;
        OpenSSL 3.0.13 30 Jan 2024) taxjar-ruby/3.0.4'
      Authorization:
      - Bearer <TAXJAR_API_KEY>
      X-Api-Version:
      - '2022-01-24'
      Connection:
      - close
      Content-Type:
      - application/json; charset=utf-8
      Host:
      - api.sandbox.taxjar.com
  response:
    status:
      code: 200
      message: OK
    headers:
      Content-Type:
      - application/json; charset=utf-8
      Content-Length:
      - '1063'
      Connection:
      - close
      Date:
      - Tue, 22 Apr 2025 09:28:16 GMT
      X-Amzn-Trace-Id:
      - Root=1-68076130-2a387e397453a335391d661c
      X-Amzn-Requestid:
      - 0b52102c-0d5d-4c30-9a2f-2ea499dcc079
      Access-Control-Allow-Origin:
      - https://developers.taxjar.com
      X-Amz-Apigw-Id:
      - JawfqG2HoAMERvg=
      X-Cache:
      - Miss from cloudfront
      Via:
      - 1.1 631196e976b8f4143e54d7ac2f1255c2.cloudfront.net (CloudFront)
      X-Amz-Cf-Pop:
      - PNQ50-P4
      X-Amz-Cf-Id:
      - FKr2SEa3hvxu1y3wdVkjpizKORyt2_hFRkvtTmM5wxL5LFg0CWpqKA==
    body:
      encoding: UTF-8
      string: '{"tax":{"amount_to_collect":0.0,"breakdown":{"city_tax_collectable":0.0,"city_tax_rate":0.0,"city_taxable_amount":0.0,"combined_tax_rate":0.0,"county_tax_collectable":0.0,"county_tax_rate":0.0,"county_taxable_amount":0.0,"line_items":[{"city_amount":0.0,"city_tax_rate":0.0,"city_taxable_amount":0.0,"combined_tax_rate":0.0,"county_amount":0.0,"county_tax_rate":0.0,"county_taxable_amount":0.0,"id":"1","special_district_amount":0.0,"special_district_taxable_amount":0.0,"special_tax_rate":0.0,"state_amount":0.0,"state_sales_tax_rate":0.0,"state_taxable_amount":0.0,"tax_collectable":0.0,"taxable_amount":0.0}],"special_district_tax_collectable":0.0,"special_district_taxable_amount":0.0,"special_tax_rate":0.0,"state_tax_collectable":0.0,"state_tax_rate":0.0,"state_taxable_amount":0.0,"tax_collectable":0.0,"taxable_amount":0.0},"freight_taxable":false,"has_nexus":true,"jurisdictions":{"city":"NEW
        YORK CITY","country":"US","county":"NEW YORK","state":"NY"},"order_total_amount":10.0,"rate":0.0,"shipping":0.0,"tax_source":"destination","taxable_amount":0.0}}'
  recorded_at: Wed, 01 Apr 2020 00:00:00 GMT
- request:
    method: post
    uri: https://api.stripe.com/v1/payment_intents
    body:
      encoding: UTF-8
      string: amount=1000&currency=usd&description=You+bought+http%3A%2F%2Fedgar8828950c204.test.gumroad.com%3A31337%2Fl%2Fa%21&metadata[purchase]=Np5C2fxmYXAJ8Wl6qvmGuA%3D%3D&transfer_group=101&automatic_payment_methods[enabled]=true&automatic_payment_methods[allow_redirects]=never&off_session=true&confirm=true&customer=cus_SAz5ofGT5jNpOQ&payment_method=pm_0RGd7f9e1RjUNIyYlD7gt8eX&statement_descriptor_suffix=edgar8828950c204
    headers:
      User-Agent:
      - Stripe/v1 RubyBindings/12.5.0
      Authorization:
      - Bearer <STRIPE_API_KEY>
      Content-Type:
      - application/x-www-form-urlencoded
      X-Stripe-Client-Telemetry:
      - '{"last_request_metrics":{"request_id":"req_hL9llwCs6iv77x","request_duration_ms":574}}'
      Idempotency-Key:
      - ea59b94e-c03a-4484-9b11-996f23cc0722
      Stripe-Version:
      - 2023-10-16; risk_in_requirements_beta=v1
      X-Stripe-Client-User-Agent:
      - '{"bindings_version":"12.5.0","lang":"ruby","lang_version":"3.3.4 p94 (2024-07-09)","platform":"x86_64-linux","engine":"ruby","publisher":"stripe","uname":"Linux
        version 6.11.0-21-generic (buildd@lcy02-amd64-097) (x86_64-linux-gnu-gcc-13
        (Ubuntu 13.3.0-6ubuntu2~24.04) 13.3.0, GNU ld (GNU Binutils for Ubuntu) 2.42)
        #21~24.04.1-Ubuntu SMP PREEMPT_DYNAMIC Mon Feb 24 16:52:15 UTC 2","hostname":"hsc-desk"}'
      Accept-Encoding:
      - gzip;q=1.0,deflate;q=0.6,identity;q=0.3
      Accept:
      - "*/*"
  response:
    status:
      code: 200
      message: OK
    headers:
      Server:
      - nginx
      Date:
      - Tue, 22 Apr 2025 09:28:17 GMT
      Content-Type:
      - application/json
      Content-Length:
      - '1894'
      Connection:
      - keep-alive
      Access-Control-Allow-Credentials:
      - 'true'
      Access-Control-Allow-Methods:
      - GET, HEAD, PUT, PATCH, POST, DELETE
      Access-Control-Allow-Origin:
      - "*"
      Access-Control-Expose-Headers:
      - Request-Id, Stripe-Manage-Version, Stripe-Should-Retry, X-Stripe-External-Auth-Required,
        X-Stripe-Privileged-Session-Required
      Access-Control-Max-Age:
      - '300'
      Cache-Control:
      - no-cache, no-store
      Content-Security-Policy:
      - base-uri 'none'; default-src 'none'; form-action 'none'; frame-ancestors 'none';
        img-src 'self'; script-src 'self' 'report-<RPUSH_CONSUMER_FCM_FIREBASE_PROJECT_ID>';
        style-src 'self'; worker-src 'none'; upgrade-insecure-requests; report-uri
        https://q.stripe.com/csp-violation?q=lv5Pp60m-ts2QLtobK9437bUZcW3_Rde8Mv3mH7mSdgpzLoELsvG6uNj7B8rBnkQ1yf9KLWfBao_9oHP
      Idempotency-Key:
      - ea59b94e-c03a-4484-9b11-996f23cc0722
      Original-Request:
      - req_PTpZM2hiqI9PXh
      Request-Id:
      - req_PTpZM2hiqI9PXh
      Stripe-Should-Retry:
      - 'false'
      Stripe-Version:
      - 2023-10-16; risk_in_requirements_beta=v1
      Vary:
      - Origin
      X-Stripe-Priority-Routing-Enabled:
      - 'true'
      X-Stripe-Routing-Context-Priority-Tier:
      - api-testmode
      X-Wc:
      - ABGHI
      Strict-Transport-Security:
      - max-age=63072000; includeSubDomains; preload
    body:
      encoding: UTF-8
      string: |-
        {
          "id": "pi_2RGd7l9e1RjUNIyY1PZnej2h",
          "object": "payment_intent",
          "amount": 1000,
          "amount_capturable": 0,
          "amount_details": {
            "tip": {}
          },
          "amount_received": 1000,
          "application": null,
          "application_fee_amount": null,
          "automatic_payment_methods": {
            "allow_redirects": "never",
            "enabled": true
          },
          "canceled_at": null,
          "cancellation_reason": null,
          "capture_method": "automatic",
          "client_secret": "pi_2RGd7l9e1RjUNIyY1PZnej2h_secret_fSV4BwciqDTdX25rVBJVgyA4q",
          "confirmation_method": "automatic",
          "created": 1745314097,
          "currency": "usd",
          "customer": "cus_SAz5ofGT5jNpOQ",
          "description": "You bought http://edgar8828950c204.test.gumroad.com:31337/l/a!",
          "invoice": null,
          "last_payment_error": null,
          "latest_charge": "ch_2RGd7l9e1RjUNIyY1lryPZaY",
          "livemode": false,
          "metadata": {
            "purchase": "Np5C2fxmYXAJ8Wl6qvmGuA=="
          },
          "next_action": null,
          "on_behalf_of": null,
          "payment_method": "pm_0RGd7f9e1RjUNIyYlD7gt8eX",
          "payment_method_configuration_details": {
            "id": "pmc_0KYMlf9e1RjUNIyYT1l4J38o",
            "parent": null
          },
          "payment_method_options": {
            "alipay": {},
            "amazon_pay": {
              "express_checkout_element_session_id": null
            },
            "card": {
              "installments": null,
              "mandate_options": null,
              "network": null,
              "request_three_d_secure": "automatic"
            },
            "link": {
              "persistent_token": null
            },
            "wechat_pay": {
              "app_id": null,
              "client": null
            }
          },
          "payment_method_types": [
            "card",
            "alipay",
            "link",
            "wechat_pay",
            "amazon_pay"
          ],
          "processing": null,
          "receipt_email": null,
          "review": null,
          "setup_future_usage": null,
          "shipping": null,
          "source": null,
          "statement_descriptor": null,
          "statement_descriptor_suffix": "edgar8828950c204",
          "status": "succeeded",
          "transfer_data": null,
          "transfer_group": "101"
        }
  recorded_at: Wed, 01 Apr 2020 00:00:00 GMT
- request:
    method: get
    uri: https://api.stripe.com/v1/charges/ch_2RGd7l9e1RjUNIyY1lryPZaY?expand%5B%5D=application_fee.balance_transaction&expand%5B%5D=balance_transaction
    body:
      encoding: US-ASCII
      string: ''
    headers:
      User-Agent:
      - Stripe/v1 RubyBindings/12.5.0
      Authorization:
      - Bearer <STRIPE_API_KEY>
      Content-Type:
      - application/x-www-form-urlencoded
      X-Stripe-Client-Telemetry:
      - '{"last_request_metrics":{"request_id":"req_PTpZM2hiqI9PXh","request_duration_ms":1019}}'
      Stripe-Version:
      - 2023-10-16; risk_in_requirements_beta=v1
      X-Stripe-Client-User-Agent:
      - '{"bindings_version":"12.5.0","lang":"ruby","lang_version":"3.3.4 p94 (2024-07-09)","platform":"x86_64-linux","engine":"ruby","publisher":"stripe","uname":"Linux
        version 6.11.0-21-generic (buildd@lcy02-amd64-097) (x86_64-linux-gnu-gcc-13
        (Ubuntu 13.3.0-6ubuntu2~24.04) 13.3.0, GNU ld (GNU Binutils for Ubuntu) 2.42)
        #21~24.04.1-Ubuntu SMP PREEMPT_DYNAMIC Mon Feb 24 16:52:15 UTC 2","hostname":"hsc-desk"}'
      Accept-Encoding:
      - gzip;q=1.0,deflate;q=0.6,identity;q=0.3
      Accept:
      - "*/*"
  response:
    status:
      code: 200
      message: OK
    headers:
      Server:
      - nginx
      Date:
      - Tue, 22 Apr 2025 09:28:18 GMT
      Content-Type:
      - application/json
      Content-Length:
      - '3577'
      Connection:
      - keep-alive
      Access-Control-Allow-Credentials:
      - 'true'
      Access-Control-Allow-Methods:
      - GET, HEAD, PUT, PATCH, POST, DELETE
      Access-Control-Allow-Origin:
      - "*"
      Access-Control-Expose-Headers:
      - Request-Id, Stripe-Manage-Version, Stripe-Should-Retry, X-Stripe-External-Auth-Required,
        X-Stripe-Privileged-Session-Required
      Access-Control-Max-Age:
      - '300'
      Cache-Control:
      - no-cache, no-store
      Content-Security-Policy:
      - base-uri 'none'; default-src 'none'; form-action 'none'; frame-ancestors 'none';
        img-src 'self'; script-src 'self' 'report-<RPUSH_CONSUMER_FCM_FIREBASE_PROJECT_ID>';
        style-src 'self'; worker-src 'none'; upgrade-insecure-requests; report-uri
        https://q.stripe.com/csp-violation?q=lv5Pp60m-ts2QLtobK9437bUZcW3_Rde8Mv3mH7mSdgpzLoELsvG6uNj7B8rBnkQ1yf9KLWfBao_9oHP
      Request-Id:
      - req_uus9A5CgMD7cdH
      Stripe-Version:
      - 2023-10-16; risk_in_requirements_beta=v1
      Vary:
      - Origin
      X-Stripe-Priority-Routing-Enabled:
      - 'true'
      X-Stripe-Routing-Context-Priority-Tier:
      - api-testmode
      X-Wc:
      - ABGHI
      Strict-Transport-Security:
      - max-age=63072000; includeSubDomains; preload
    body:
      encoding: UTF-8
      string: |-
        {
          "id": "ch_2RGd7l9e1RjUNIyY1lryPZaY",
          "object": "charge",
          "amount": 1000,
          "amount_captured": 1000,
          "amount_refunded": 0,
          "amount_updates": [],
          "application": null,
          "application_fee": null,
          "application_fee_amount": null,
          "balance_transaction": {
            "id": "txn_2RGd7l9e1RjUNIyY1Y6ZNHJb",
            "object": "balance_transaction",
            "amount": 1000,
            "available_on": 1745452800,
            "created": 1745314097,
            "currency": "usd",
            "description": "You bought http://edgar8828950c204.test.gumroad.com:31337/l/a!",
            "exchange_rate": null,
            "fee": 0,
            "fee_details": [],
            "net": 1000,
            "reporting_category": "charge",
            "source": "ch_2RGd7l9e1RjUNIyY1lryPZaY",
            "status": "pending",
            "type": "charge"
          },
          "billing_details": {
            "address": {
              "city": null,
              "country": null,
              "line1": null,
              "line2": null,
              "postal_code": null,
              "state": null
            },
            "email": null,
            "name": null,
            "phone": null,
            "tax_id": null
          },
          "calculated_statement_descriptor": "GUMROAD* EDGAR8828950C",
          "captured": true,
          "created": 1745314097,
          "currency": "usd",
          "customer": "cus_SAz5ofGT5jNpOQ",
          "description": "You bought http://edgar8828950c204.test.gumroad.com:31337/l/a!",
          "destination": null,
          "dispute": null,
          "disputed": false,
          "failure_balance_transaction": null,
          "failure_code": null,
          "failure_message": null,
          "fraud_details": {},
          "invoice": null,
          "livemode": false,
          "metadata": {
            "purchase": "Np5C2fxmYXAJ8Wl6qvmGuA=="
          },
          "on_behalf_of": null,
          "order": null,
          "outcome": {
            "advice_code": null,
            "network_advice_code": null,
            "network_decline_code": null,
            "network_status": "approved_by_network",
            "reason": null,
            "risk_level": "normal",
            "risk_score": 22,
            "seller_message": "Payment complete.",
            "type": "authorized"
          },
          "paid": true,
          "payment_intent": "pi_2RGd7l9e1RjUNIyY1PZnej2h",
          "payment_method": "pm_0RGd7f9e1RjUNIyYlD7gt8eX",
          "payment_method_details": {
            "card": {
              "amount_authorized": 1000,
              "authorization_code": null,
              "brand": "visa",
              "checks": {
                "address_line1_check": null,
                "address_postal_code_check": null,
                "cvc_check": "pass"
              },
              "country": "US",
              "exp_month": 12,
              "exp_year": 2025,
              "extended_authorization": {
                "status": "disabled"
              },
              "fingerprint": "W691J2Ye3VDoq6Ij",
              "funding": "credit",
              "incremental_authorization": {
                "status": "unavailable"
              },
              "installments": null,
              "last4": "4242",
              "mandate": null,
              "multicapture": {
                "status": "unavailable"
              },
              "network": "visa",
              "network_token": {
                "used": false
              },
              "network_transaction_id": "875457497450891",
              "overcapture": {
                "maximum_amount_capturable": 1000,
                "status": "unavailable"
              },
              "regulated_status": "unregulated",
              "three_d_secure": null,
              "wallet": null
            },
            "type": "card"
          },
          "radar_options": {},
          "receipt_email": null,
          "receipt_number": null,
          "receipt_url": "https://pay.stripe.com/receipts/payment/CAcaIgogOWUxUmpVTkl5WUdwQTlDZmgzUm1ReHhUemIxYWFrcEUossKdwAYyBklEu5Px4josFtlMHmGvTrhWw9B35wM2afTpz5GRTdH1L3Rap95NbcwpdE_zT94GyRKBdh8",
          "refunded": false,
          "review": null,
          "shipping": null,
          "source": null,
          "source_transfer": null,
          "statement_descriptor": null,
          "statement_descriptor_suffix": "edgar8828950c204",
          "status": "succeeded",
          "transfer_data": null,
          "transfer_group": "101"
        }
  recorded_at: Wed, 01 Apr 2020 00:00:00 GMT
recorded_with: VCR 6.2.0
